../HAl/lcd_driver/LCD.c:21:6:delay	24	static
../HAl/lcd_driver/LCD.c:35:6:LCD_KICK	8	static
../HAl/lcd_driver/LCD.c:48:6:LCD_INIT	8	static
../HAl/lcd_driver/LCD.c:101:6:LCD_Clear_Screen	8	static
../HAl/lcd_driver/LCD.c:112:6:LCD_WRITE_COMMAND	16	static
../HAl/lcd_driver/LCD.c:154:6:LCD_WRITE_CHAR	16	static
../HAl/lcd_driver/LCD.c:200:6:LCD_Goto_XY	16	static
../HAl/lcd_driver/LCD.c:221:6:LCD_WRITE_STRING	16	static
../HAl/lcd_driver/LCD.c:244:6:LCD_isBusy	8	static
../HAl/lcd_driver/LCD.c:267:6:config_dataIN_ports	8	static
../HAl/lcd_driver/LCD.c:319:6:config_dataOUT_ports	8	static
