Archive member included to satisfy reference by file (symbol)

C:/ST/STM32CubeIDE_1.13.1/STM32CubeIDE/plugins/com.st.stm32cube.ide.mcu.externaltools.gnu-tools-for-stm32.11.3.rel1.win32_1.1.0.202305231506/tools/bin/../lib/gcc/arm-none-eabi/11.3.1/../../../../arm-none-eabi/lib/thumb/v7-m/nofp\libc_nano.a(libc_a-exit.o)
                              C:/ST/STM32CubeIDE_1.13.1/STM32CubeIDE/plugins/com.st.stm32cube.ide.mcu.externaltools.gnu-tools-for-stm32.11.3.rel1.win32_1.1.0.202305231506/tools/bin/../lib/gcc/arm-none-eabi/11.3.1/../../../../arm-none-eabi/lib/thumb/v7-m/nofp/crt0.o (exit)
C:/ST/STM32CubeIDE_1.13.1/STM32CubeIDE/plugins/com.st.stm32cube.ide.mcu.externaltools.gnu-tools-for-stm32.11.3.rel1.win32_1.1.0.202305231506/tools/bin/../lib/gcc/arm-none-eabi/11.3.1/../../../../arm-none-eabi/lib/thumb/v7-m/nofp\libc_nano.a(libc_a-findfp.o)
                              C:/ST/STM32CubeIDE_1.13.1/STM32CubeIDE/plugins/com.st.stm32cube.ide.mcu.externaltools.gnu-tools-for-stm32.11.3.rel1.win32_1.1.0.202305231506/tools/bin/../lib/gcc/arm-none-eabi/11.3.1/../../../../arm-none-eabi/lib/thumb/v7-m/nofp\libc_nano.a(libc_a-exit.o) (__stdio_exit_handler)
C:/ST/STM32CubeIDE_1.13.1/STM32CubeIDE/plugins/com.st.stm32cube.ide.mcu.externaltools.gnu-tools-for-stm32.11.3.rel1.win32_1.1.0.202305231506/tools/bin/../lib/gcc/arm-none-eabi/11.3.1/../../../../arm-none-eabi/lib/thumb/v7-m/nofp\libc_nano.a(libc_a-fwalk.o)
                              C:/ST/STM32CubeIDE_1.13.1/STM32CubeIDE/plugins/com.st.stm32cube.ide.mcu.externaltools.gnu-tools-for-stm32.11.3.rel1.win32_1.1.0.202305231506/tools/bin/../lib/gcc/arm-none-eabi/11.3.1/../../../../arm-none-eabi/lib/thumb/v7-m/nofp\libc_nano.a(libc_a-findfp.o) (_fwalk_sglue)
C:/ST/STM32CubeIDE_1.13.1/STM32CubeIDE/plugins/com.st.stm32cube.ide.mcu.externaltools.gnu-tools-for-stm32.11.3.rel1.win32_1.1.0.202305231506/tools/bin/../lib/gcc/arm-none-eabi/11.3.1/../../../../arm-none-eabi/lib/thumb/v7-m/nofp\libc_nano.a(libc_a-stdio.o)
                              C:/ST/STM32CubeIDE_1.13.1/STM32CubeIDE/plugins/com.st.stm32cube.ide.mcu.externaltools.gnu-tools-for-stm32.11.3.rel1.win32_1.1.0.202305231506/tools/bin/../lib/gcc/arm-none-eabi/11.3.1/../../../../arm-none-eabi/lib/thumb/v7-m/nofp\libc_nano.a(libc_a-findfp.o) (__sread)
C:/ST/STM32CubeIDE_1.13.1/STM32CubeIDE/plugins/com.st.stm32cube.ide.mcu.externaltools.gnu-tools-for-stm32.11.3.rel1.win32_1.1.0.202305231506/tools/bin/../lib/gcc/arm-none-eabi/11.3.1/../../../../arm-none-eabi/lib/thumb/v7-m/nofp\libc_nano.a(libc_a-memset.o)
                              C:/ST/STM32CubeIDE_1.13.1/STM32CubeIDE/plugins/com.st.stm32cube.ide.mcu.externaltools.gnu-tools-for-stm32.11.3.rel1.win32_1.1.0.202305231506/tools/bin/../lib/gcc/arm-none-eabi/11.3.1/../../../../arm-none-eabi/lib/thumb/v7-m/nofp/crt0.o (memset)
C:/ST/STM32CubeIDE_1.13.1/STM32CubeIDE/plugins/com.st.stm32cube.ide.mcu.externaltools.gnu-tools-for-stm32.11.3.rel1.win32_1.1.0.202305231506/tools/bin/../lib/gcc/arm-none-eabi/11.3.1/../../../../arm-none-eabi/lib/thumb/v7-m/nofp\libc_nano.a(libc_a-closer.o)
                              C:/ST/STM32CubeIDE_1.13.1/STM32CubeIDE/plugins/com.st.stm32cube.ide.mcu.externaltools.gnu-tools-for-stm32.11.3.rel1.win32_1.1.0.202305231506/tools/bin/../lib/gcc/arm-none-eabi/11.3.1/../../../../arm-none-eabi/lib/thumb/v7-m/nofp\libc_nano.a(libc_a-stdio.o) (_close_r)
C:/ST/STM32CubeIDE_1.13.1/STM32CubeIDE/plugins/com.st.stm32cube.ide.mcu.externaltools.gnu-tools-for-stm32.11.3.rel1.win32_1.1.0.202305231506/tools/bin/../lib/gcc/arm-none-eabi/11.3.1/../../../../arm-none-eabi/lib/thumb/v7-m/nofp\libc_nano.a(libc_a-reent.o)
                              C:/ST/STM32CubeIDE_1.13.1/STM32CubeIDE/plugins/com.st.stm32cube.ide.mcu.externaltools.gnu-tools-for-stm32.11.3.rel1.win32_1.1.0.202305231506/tools/bin/../lib/gcc/arm-none-eabi/11.3.1/../../../../arm-none-eabi/lib/thumb/v7-m/nofp\libc_nano.a(libc_a-closer.o) (errno)
C:/ST/STM32CubeIDE_1.13.1/STM32CubeIDE/plugins/com.st.stm32cube.ide.mcu.externaltools.gnu-tools-for-stm32.11.3.rel1.win32_1.1.0.202305231506/tools/bin/../lib/gcc/arm-none-eabi/11.3.1/../../../../arm-none-eabi/lib/thumb/v7-m/nofp\libc_nano.a(libc_a-impure.o)
                              C:/ST/STM32CubeIDE_1.13.1/STM32CubeIDE/plugins/com.st.stm32cube.ide.mcu.externaltools.gnu-tools-for-stm32.11.3.rel1.win32_1.1.0.202305231506/tools/bin/../lib/gcc/arm-none-eabi/11.3.1/../../../../arm-none-eabi/lib/thumb/v7-m/nofp\libc_nano.a(libc_a-reent.o) (_impure_ptr)
C:/ST/STM32CubeIDE_1.13.1/STM32CubeIDE/plugins/com.st.stm32cube.ide.mcu.externaltools.gnu-tools-for-stm32.11.3.rel1.win32_1.1.0.202305231506/tools/bin/../lib/gcc/arm-none-eabi/11.3.1/../../../../arm-none-eabi/lib/thumb/v7-m/nofp\libc_nano.a(libc_a-lseekr.o)
[...]
Memory Configuration

Name             Origin             Length             Attributes
RAM              0x0000000020000000 0x0000000000002800 xrw
FLASH            0x0000000008000000 0x0000000000008000 xr
*default*        0x0000000000000000 0xffffffffffffffff

Linker script and memory map

LOAD C:/ST/STM32CubeIDE_1.13.1/STM32CubeIDE/plugins/com.st.stm32cube.ide.mcu.externaltools.gnu-tools-for-stm32.11.3.rel1.win32_1.1.0.202305231506/tools/bin/../lib/gcc/arm-none-eabi/11.3.1/thumb/v7-m/nofp/crti.o
LOAD C:/ST/STM32CubeIDE_1.13.1/STM32CubeIDE/plugins/com.st.stm32cube.ide.mcu.externaltools.gnu-tools-for-stm32.11.3.rel1.win32_1.1.0.202305231506/tools/bin/../lib/gcc/arm-none-eabi/11.3.1/thumb/v7-m/nofp/crtbegin.o
LOAD C:/ST/STM32CubeIDE_1.13.1/STM32CubeIDE/plugins/com.st.stm32cube.ide.mcu.externaltools.gnu-tools-for-stm32.11.3.rel1.win32_1.1.0.202305231506/tools/bin/../lib/gcc/arm-none-eabi/11.3.1/../../../../arm-none-eabi/lib/thumb/v7-m/nofp/crt0.o
LOAD ./STM32F103_DRIVERS/EXTI_DRIVER/STM32_F103C6_EXTI_DRIVER.o
LOAD ./STM32F103_DRIVERS/GPIO_DRIVER/STM32_F103C6_GPIO_Driver.o
LOAD ./STM32F103_DRIVERS/RCC_DRIVER/STM32_F103C6_RCC_DRIVER.o
LOAD ./STM32F103_DRIVERS/SPI_DRIVER/STM32F103_SPI_DRIVER.o
LOAD ./STM32F103_DRIVERS/USART_DRIVER/STM32_F103F6_USART_DRIVER.o
LOAD ./Src/main.o
LOAD ./Src/syscalls.o
LOAD ./Src/sysmem.o
LOAD ./Startup/startup_stm32f103c6tx.o
START GROUP
LOAD C:/ST/STM32CubeIDE_1.13.1/STM32CubeIDE/plugins/com.st.stm32cube.ide.mcu.externaltools.gnu-tools-for-stm32.11.3.rel1.win32_1.1.0.202305231506/tools/bin/../lib/gcc/arm-none-eabi/11.3.1/../../../../arm-none-eabi/lib/thumb/v7-m/nofp\libc_nano.a
LOAD C:/ST/STM32CubeIDE_1.13.1/STM32CubeIDE/plugins/com.st.stm32cube.ide.mcu.externaltools.gnu-tools-for-stm32.11.3.rel1.win32_1.1.0.202305231506/tools/bin/../lib/gcc/arm-none-eabi/11.3.1/../../../../arm-none-eabi/lib/thumb/v7-m/nofp\libm.a
END GROUP
START GROUP
LOAD C:/ST/STM32CubeIDE_1.13.1/STM32CubeIDE/plugins/com.st.stm32cube.ide.mcu.externaltools.gnu-tools-for-stm32.11.3.rel1.win32_1.1.0.202305231506/tools/bin/../lib/gcc/arm-none-eabi/11.3.1/thumb/v7-m/nofp\libgcc.a
LOAD C:/ST/STM32CubeIDE_1.13.1/STM32CubeIDE/plugins/com.st.stm32cube.ide.mcu.externaltools.gnu-tools-for-stm32.11.3.rel1.win32_1.1.0.202305231506/tools/bin/../lib/gcc/arm-none-eabi/11.3.1/../../../../arm-none-eabi/lib/thumb/v7-m/nofp\libg_nano.a
LOAD C:/ST/STM32CubeIDE_1.13.1/STM32CubeIDE/plugins/com.st.stm32cube.ide.mcu.externaltools.gnu-tools-for-stm32.11.3.rel1.win32_1.1.0.202305231506/tools/bin/../lib/gcc/arm-none-eabi/11.3.1/../../../../arm-none-eabi/lib/thumb/v7-m/nofp\libc_nano.a
END GROUP
START GROUP
LOAD C:/ST/STM32CubeIDE_1.13.1/STM32CubeIDE/plugins/com.st.stm32cube.ide.mcu.externaltools.gnu-tools-for-stm32.11.3.rel1.win32_1.1.0.202305231506/tools/bin/../lib/gcc/arm-none-eabi/11.3.1/thumb/v7-m/nofp\libgcc.a
LOAD C:/ST/STM32CubeIDE_1.13.1/STM32CubeIDE/plugins/com.st.stm32cube.ide.mcu.externaltools.gnu-tools-for-stm32.11.3.rel1.win32_1.1.0.202305231506/tools/bin/../lib/gcc/arm-none-eabi/11.3.1/../../../../arm-none-eabi/lib/thumb/v7-m/nofp\libc_nano.a
LOAD C:/ST/STM32CubeIDE_1.13.1/STM32CubeIDE/plugins/com.st.stm32cube.ide.mcu.externaltools.gnu-tools-for-stm32.11.3.rel1.win32_1.1.0.202305231506/tools/bin/../lib/gcc/arm-none-eabi/11.3.1/../../../../arm-none-eabi/lib/thumb/v7-m/nofp\libnosys.a
END GROUP
START GROUP
LOAD C:/ST/STM32CubeIDE_1.13.1/STM32CubeIDE/plugins/com.st.stm32cube.ide.mcu.externaltools.gnu-tools-for-stm32.11.3.rel1.win32_1.1.0.202305231506/tools/bin/../lib/gcc/arm-none-eabi/11.3.1/thumb/v7-m/nofp\libgcc.a
LOAD C:/ST/STM32CubeIDE_1.13.1/STM32CubeIDE/plugins/com.st.stm32cube.ide.mcu.externaltools.gnu-tools-for-stm32.11.3.rel1.win32_1.1.0.202305231506/tools/bin/../lib/gcc/arm-none-eabi/11.3.1/../../../../arm-none-eabi/lib/thumb/v7-m/nofp\libc_nano.a
LOAD C:/ST/STM32CubeIDE_1.13.1/STM32CubeIDE/plugins/com.st.stm32cube.ide.mcu.externaltools.gnu-tools-for-stm32.11.3.rel1.win32_1.1.0.202305231506/tools/bin/../lib/gcc/arm-none-eabi/11.3.1/../../../../arm-none-eabi/lib/thumb/v7-m/nofp\libnosys.a
END GROUP
LOAD C:/ST/STM32CubeIDE_1.13.1/STM32CubeIDE/plugins/com.st.stm32cube.ide.mcu.externaltools.gnu-tools-for-stm32.11.3.rel1.win32_1.1.0.202305231506/tools/bin/../lib/gcc/arm-none-eabi/11.3.1/thumb/v7-m/nofp/crtend.o
LOAD C:/ST/STM32CubeIDE_1.13.1/STM32CubeIDE/plugins/com.st.stm32cube.ide.mcu.externaltools.gnu-tools-for-stm32.11.3.rel1.win32_1.1.0.202305231506/tools/bin/../lib/gcc/arm-none-eabi/11.3.1/thumb/v7-m/nofp/crtn.o
                0x0000000020002800                _estack = (ORIGIN (RAM) + LENGTH (RAM))
                0x0000000000000200                _Min_Heap_Size = 0x200
                0x0000000000000400                _Min_Stack_Size = 0x400

.isr_vector     0x0000000008000000      0x130
                0x0000000008000000                . = ALIGN (0x4)
 *(.isr_vector)
 .isr_vector    0x0000000008000000      0x130 ./Startup/startup_stm32f103c6tx.o
                0x0000000008000000                g_pfnVectors
                0x0000000008000130                . = ALIGN (0x4)

.text           0x0000000008000130      0xd28
                0x0000000008000130                . = ALIGN (0x4)
 *(.text)
 .text          0x0000000008000130       0x40 C:/ST/STM32CubeIDE_1.13.1/STM32CubeIDE/plugins/com.st.stm32cube.ide.mcu.externaltools.gnu-tools-for-stm32.11.3.rel1.win32_1.1.0.202305231506/tools/bin/../lib/gcc/arm-none-eabi/11.3.1/thumb/v7-m/nofp/crtbegin.o
 *(.text*)
 .text.EXTI0_IRQHandler
                0x0000000008000170       0x24 ./STM32F103_DRIVERS/EXTI_DRIVER/STM32_F103C6_EXTI_DRIVER.o
                0x0000000008000170                EXTI0_IRQHandler
 .text.EXTI1_IRQHandler
                0x0000000008000194       0x24 ./STM32F103_DRIVERS/EXTI_DRIVER/STM32_F103C6_EXTI_DRIVER.o
                0x0000000008000194                EXTI1_IRQHandler
 .text.EXTI2_IRQHandler
                0x00000000080001b8       0x24 ./STM32F103_DRIVERS/EXTI_DRIVER/STM32_F103C6_EXTI_DRIVER.o
                0x00000000080001b8                EXTI2_IRQHandler
 .text.EXTI3_IRQHandler
                0x00000000080001dc       0x24 ./STM32F103_DRIVERS/EXTI_DRIVER/STM32_F103C6_EXTI_DRIVER.o
                0x00000000080001dc                EXTI3_IRQHandler
 .text.EXTI4_IRQHandler
                0x0000000008000200       0x24 ./STM32F103_DRIVERS/EXTI_DRIVER/STM32_F103C6_EXTI_DRIVER.o
                0x0000000008000200                EXTI4_IRQHandler
 .text.EXTI9_5_IRQHandler
                0x0000000008000224       0xa8 ./STM32F103_DRIVERS/EXTI_DRIVER/STM32_F103C6_EXTI_DRIVER.o
                0x0000000008000224                EXTI9_5_IRQHandler
 .text.EXTI15_10_IRQHandler
                0x00000000080002cc       0x1c ./STM32F103_DRIVERS/EXTI_DRIVER/STM32_F103C6_EXTI_DRIVER.o
                0x00000000080002cc                EXTI15_10_IRQHandler
 .text.Get_CRLH_position
                0x00000000080002e8      0x170 ./STM32F103_DRIVERS/GPIO_DRIVER/STM32_F103C6_GPIO_Driver.o
                0x00000000080002e8                Get_CRLH_position
 .text.MCAL_GPIO_Init
                0x0000000008000458      0x118 ./STM32F103_DRIVERS/GPIO_DRIVER/STM32_F103C6_GPIO_Driver.o
                0x0000000008000458                MCAL_GPIO_Init
 .text.MCAL_RCC_getSYSCLKFreq
                0x0000000008000570       0x40 ./STM32F103_DRIVERS/RCC_DRIVER/STM32_F103C6_RCC_DRIVER.o
                0x0000000008000570                MCAL_RCC_getSYSCLKFreq
 .text.MCAL_RCC_getHCLKFreq
                0x00000000080005b0       0x28 ./STM32F103_DRIVERS/RCC_DRIVER/STM32_F103C6_RCC_DRIVER.o
                0x00000000080005b0                MCAL_RCC_getHCLKFreq
 .text.MCAL_RCC_getPCLK1Freq
                0x00000000080005d8       0x28 ./STM32F103_DRIVERS/RCC_DRIVER/STM32_F103C6_RCC_DRIVER.o
                0x00000000080005d8                MCAL_RCC_getPCLK1Freq
 .text.MCAL_RCC_getPCLK2Freq
                0x0000000008000600       0x28 ./STM32F103_DRIVERS/RCC_DRIVER/STM32_F103C6_RCC_DRIVER.o
                0x0000000008000600                MCAL_RCC_getPCLK2Freq
 .text.MCAL_SPI_init
                0x0000000008000628      0x14c ./STM32F103_DRIVERS/SPI_DRIVER/STM32F103_SPI_DRIVER.o
                0x0000000008000628                MCAL_SPI_init
 .text.MCAL_SPI_set_pins
                0x0000000008000774      0x21c ./STM32F103_DRIVERS/SPI_DRIVER/STM32F103_SPI_DRIVER.o
                0x0000000008000774                MCAL_SPI_set_pins
 .text.SPI1_IRQHandler
                0x0000000008000990       0x58 ./STM32F103_DRIVERS/SPI_DRIVER/STM32F103_SPI_DRIVER.o
                0x0000000008000990                SPI1_IRQHandler
 .text.SPI2_IRQHandler
                0x00000000080009e8       0x58 ./STM32F103_DRIVERS/SPI_DRIVER/STM32F103_SPI_DRIVER.o
                0x00000000080009e8                SPI2_IRQHandler
 .text.MCAL_USART_init
                0x0000000008000a40      0x180 ./STM32F103_DRIVERS/USART_DRIVER/STM32_F103F6_USART_DRIVER.o
                0x0000000008000a40                MCAL_USART_init
 .text.MCAL_USART_set_pins
                0x0000000008000bc0       0xcc ./STM32F103_DRIVERS/USART_DRIVER/STM32_F103F6_USART_DRIVER.o
                0x0000000008000bc0                MCAL_USART_set_pins
 .text.USART1_IRQHandler
                0x0000000008000c8c       0x14 ./STM32F103_DRIVERS/USART_DRIVER/STM32_F103F6_USART_DRIVER.o
                0x0000000008000c8c                USART1_IRQHandler
 .text.USART2_IRQHandler
                0x0000000008000ca0       0x14 ./STM32F103_DRIVERS/USART_DRIVER/STM32_F103F6_USART_DRIVER.o
                0x0000000008000ca0                USART2_IRQHandler
 .text.USART3_IRQHandler
                0x0000000008000cb4       0x14 ./STM32F103_DRIVERS/USART_DRIVER/STM32_F103F6_USART_DRIVER.o
                0x0000000008000cb4                USART3_IRQHandler
 .text.clock_Init
                0x0000000008000cc8       0x34 ./Src/main.o
                0x0000000008000cc8                clock_Init
 .text.main     0x0000000008000cfc       0xa8 ./Src/main.o
                0x0000000008000cfc                main
 .text.Reset_Handler
                0x0000000008000da4       0x50 ./Startup/startup_stm32f103c6tx.o
                0x0000000008000da4                Reset_Handler
 .text.Default_Handler
                0x0000000008000df4        0x2 ./Startup/startup_stm32f103c6tx.o
                0x0000000008000df4                TIM8_TRG_COM_IRQHandler
                0x0000000008000df4                TIM8_CC_IRQHandler
                0x0000000008000df4                DebugMon_Handler
                0x0000000008000df4                TIM1_CC_IRQHandler
                0x0000000008000df4                HardFault_Handler
                0x0000000008000df4                TIM6_IRQHandler
                0x0000000008000df4                SysTick_Handler
                0x0000000008000df4                PVD_IRQHandler
                0x0000000008000df4                SDIO_IRQHandler
                0x0000000008000df4                PendSV_Handler
                0x0000000008000df4                NMI_Handler
                0x0000000008000df4                USB_HP_CAN_TX_IRQHandler
                0x0000000008000df4                I2C2_EV_IRQHandler
                0x0000000008000df4                UsageFault_Handler
                0x0000000008000df4                ADC1_2_IRQHandler
                0x0000000008000df4                CAN_SCE_IRQHandler
                0x0000000008000df4                TAMPER_IRQHandler
                0x0000000008000df4                TIM8_UP_IRQHandler
                0x0000000008000df4                DMA2_Channel2_IRQHandler
                0x0000000008000df4                DMA1_Channel4_IRQHandler
                0x0000000008000df4                RTC_IRQHandler
                0x0000000008000df4                DMA1_Channel7_IRQHandler
                0x0000000008000df4                UART5_IRQHandler
                0x0000000008000df4                ADC3_IRQHandler
                0x0000000008000df4                TIM4_IRQHandler
                0x0000000008000df4                CAN_RX1_IRQHandler
                0x0000000008000df4                DMA2_Channel1_IRQHandler
                0x0000000008000df4                I2C1_EV_IRQHandler
                0x0000000008000df4                DMA1_Channel6_IRQHandler
                0x0000000008000df4                UART4_IRQHandler
                0x0000000008000df4                TIM3_IRQHandler
                0x0000000008000df4                RCC_IRQHandler
                0x0000000008000df4                TIM1_TRG_COM_IRQHandler
                0x0000000008000df4                DMA1_Channel1_IRQHandler
                0x0000000008000df4                Default_Handler
                0x0000000008000df4                TIM7_IRQHandler
                0x0000000008000df4                TIM5_IRQHandler
                0x0000000008000df4                USB_LP_CAN_RX0_IRQHandler
                0x0000000008000df4                MemManage_Handler
                0x0000000008000df4                SVC_Handler
                0x0000000008000df4                DMA1_Channel5_IRQHandler
                0x0000000008000df4                DMA1_Channel3_IRQHandler
                0x0000000008000df4                FSMC_IRQHandler
                0x0000000008000df4                TIM1_UP_IRQHandler
                0x0000000008000df4                WWDG_IRQHandler
                0x0000000008000df4                TIM2_IRQHandler
                0x0000000008000df4                TIM1_BRK_IRQHandler
                0x0000000008000df4                RTCAlarm_IRQHandler
                0x0000000008000df4                DMA2_Channel4_5_IRQHandler
                0x0000000008000df4                I2C2_ER_IRQHandler
                0x0000000008000df4                DMA1_Channel2_IRQHandler
                0x0000000008000df4                TIM8_BRK_IRQHandler
                0x0000000008000df4                FLASH_IRQHandler
                0x0000000008000df4                BusFault_Handler
                0x0000000008000df4                SPI3_IRQHandler
                0x0000000008000df4                I2C1_ER_IRQHandler
                0x0000000008000df4                DMA2_Channel3_IRQHandler
 *fill*         0x0000000008000df6        0x2 
 .text.__libc_init_array
                0x0000000008000df8       0x48 C:/ST/STM32CubeIDE_1.13.1/STM32CubeIDE/plugins/com.st.stm32cube.ide.mcu.externaltools.gnu-tools-for-stm32.11.3.rel1.win32_1.1.0.202305231506/tools/bin/../lib/gcc/arm-none-eabi/11.3.1/../../../../arm-none-eabi/lib/thumb/v7-m/nofp\libc_nano.a(libc_a-init.o)
                0x0000000008000df8                __libc_init_array
 *(.glue_7)
 .glue_7        0x0000000008000e40        0x0 linker stubs
 *(.glue_7t)
 .glue_7t       0x0000000008000e40        0x0 linker stubs
 *(.eh_frame)
 .eh_frame      0x0000000008000e40        0x0 C:/ST/STM32CubeIDE_1.13.1/STM32CubeIDE/plugins/com.st.stm32cube.ide.mcu.externaltools.gnu-tools-for-stm32.11.3.rel1.win32_1.1.0.202305231506/tools/bin/../lib/gcc/arm-none-eabi/11.3.1/thumb/v7-m/nofp/crtbegin.o
 *(.init)
 .init          0x0000000008000e40        0x4 C:/ST/STM32CubeIDE_1.13.1/STM32CubeIDE/plugins/com.st.stm32cube.ide.mcu.externaltools.gnu-tools-for-stm32.11.3.rel1.win32_1.1.0.202305231506/tools/bin/../lib/gcc/arm-none-eabi/11.3.1/thumb/v7-m/nofp/crti.o
                0x0000000008000e40                _init
 .init          0x0000000008000e44        0x8 C:/ST/STM32CubeIDE_1.13.1/STM32CubeIDE/plugins/com.st.stm32cube.ide.mcu.externaltools.gnu-tools-for-stm32.11.3.rel1.win32_1.1.0.202305231506/tools/bin/../lib/gcc/arm-none-eabi/11.3.1/thumb/v7-m/nofp/crtn.o
 *(.fini)
 .fini          0x0000000008000e4c        0x4 C:/ST/STM32CubeIDE_1.13.1/STM32CubeIDE/plugins/com.st.stm32cube.ide.mcu.externaltools.gnu-tools-for-stm32.11.3.rel1.win32_1.1.0.202305231506/tools/bin/../lib/gcc/arm-none-eabi/11.3.1/thumb/v7-m/nofp/crti.o
                0x0000000008000e4c                _fini
 .fini          0x0000000008000e50        0x8 C:/ST/STM32CubeIDE_1.13.1/STM32CubeIDE/plugins/com.st.stm32cube.ide.mcu.externaltools.gnu-tools-for-stm32.11.3.rel1.win32_1.1.0.202305231506/tools/bin/../lib/gcc/arm-none-eabi/11.3.1/thumb/v7-m/nofp/crtn.o
                0x0000000008000e58                . = ALIGN (0x4)
                0x0000000008000e58                _etext = .

.vfp11_veneer   0x0000000008000e58        0x0
 .vfp11_veneer  0x0000000008000e58        0x0 linker stubs

.v4_bx          0x0000000008000e58        0x0
 .v4_bx         0x0000000008000e58        0x0 linker stubs

.iplt           0x0000000008000e58        0x0
 .iplt          0x0000000008000e58        0x0 C:/ST/STM32CubeIDE_1.13.1/STM32CubeIDE/plugins/com.st.stm32cube.ide.mcu.externaltools.gnu-tools-for-stm32.11.3.rel1.win32_1.1.0.202305231506/tools/bin/../lib/gcc/arm-none-eabi/11.3.1/thumb/v7-m/nofp/crtbegin.o

.rodata         0x0000000008000e58       0x18
                0x0000000008000e58                . = ALIGN (0x4)
 *(.rodata)
 *(.rodata*)
 .rodata.APBPrescTable
                0x0000000008000e58        0x8 ./STM32F103_DRIVERS/RCC_DRIVER/STM32_F103C6_RCC_DRIVER.o
                0x0000000008000e58                APBPrescTable
 .rodata.AHBPrescTable
                0x0000000008000e60       0x10 ./STM32F103_DRIVERS/RCC_DRIVER/STM32_F103C6_RCC_DRIVER.o
                0x0000000008000e60                AHBPrescTable
                0x0000000008000e70                . = ALIGN (0x4)

.rel.dyn        0x0000000008000e70        0x0
 .rel.iplt      0x0000000008000e70        0x0 C:/ST/STM32CubeIDE_1.13.1/STM32CubeIDE/plugins/com.st.stm32cube.ide.mcu.externaltools.gnu-tools-for-stm32.11.3.rel1.win32_1.1.0.202305231506/tools/bin/../lib/gcc/arm-none-eabi/11.3.1/thumb/v7-m/nofp/crtbegin.o

.ARM.extab      0x0000000008000e70        0x0
                0x0000000008000e70                . = ALIGN (0x4)
 *(.ARM.extab* .gnu.linkonce.armextab.*)
                0x0000000008000e70                . = ALIGN (0x4)

.ARM            0x0000000008000e70        0x0
                0x0000000008000e70                . = ALIGN (0x4)
                0x0000000008000e70                __exidx_start = .
 *(.ARM.exidx*)
                0x0000000008000e70                __exidx_end = .
                0x0000000008000e70                . = ALIGN (0x4)

.preinit_array  0x0000000008000e70        0x0
                0x0000000008000e70                . = ALIGN (0x4)
                0x0000000008000e70                PROVIDE (__preinit_array_start = .)
 *(.preinit_array*)
                0x0000000008000e70                PROVIDE (__preinit_array_end = .)
                0x0000000008000e70                . = ALIGN (0x4)

.init_array     0x0000000008000e70        0x4
                0x0000000008000e70                . = ALIGN (0x4)
                0x0000000008000e70                PROVIDE (__init_array_start = .)
 *(SORT_BY_NAME(.init_array.*))
 *(.init_array*)
 .init_array    0x0000000008000e70        0x4 C:/ST/STM32CubeIDE_1.13.1/STM32CubeIDE/plugins/com.st.stm32cube.ide.mcu.externaltools.gnu-tools-for-stm32.11.3.rel1.win32_1.1.0.202305231506/tools/bin/../lib/gcc/arm-none-eabi/11.3.1/thumb/v7-m/nofp/crtbegin.o
                0x0000000008000e74                PROVIDE (__init_array_end = .)
                0x0000000008000e74                . = ALIGN (0x4)

.fini_array     0x0000000008000e74        0x4
                0x0000000008000e74                . = ALIGN (0x4)
                [!provide]                        PROVIDE (__fini_array_start = .)
 *(SORT_BY_NAME(.fini_array.*))
 *(.fini_array*)
 .fini_array    0x0000000008000e74        0x4 C:/ST/STM32CubeIDE_1.13.1/STM32CubeIDE/plugins/com.st.stm32cube.ide.mcu.externaltools.gnu-tools-for-stm32.11.3.rel1.win32_1.1.0.202305231506/tools/bin/../lib/gcc/arm-none-eabi/11.3.1/thumb/v7-m/nofp/crtbegin.o
                [!provide]                        PROVIDE (__fini_array_end = .)
                0x0000000008000e78                . = ALIGN (0x4)
                0x0000000008000e78                _sidata = LOADADDR (.data)

.data           0x0000000020000000        0x0 load address 0x0000000008000e78
                0x0000000020000000                . = ALIGN (0x4)
                0x0000000020000000                _sdata = .
 *(.data)
 *(.data*)
 *(.RamFunc)
 *(.RamFunc*)
                0x0000000020000000                . = ALIGN (0x4)
                0x0000000020000000                _edata = .

.igot.plt       0x0000000020000000        0x0 load address 0x0000000008000e78
 .igot.plt      0x0000000020000000        0x0 C:/ST/STM32CubeIDE_1.13.1/STM32CubeIDE/plugins/com.st.stm32cube.ide.mcu.externaltools.gnu-tools-for-stm32.11.3.rel1.win32_1.1.0.202305231506/tools/bin/../lib/gcc/arm-none-eabi/11.3.1/thumb/v7-m/nofp/crtbegin.o
                0x0000000020000000                . = ALIGN (0x4)

.bss            0x0000000020000000       0x8c load address 0x0000000008000e78
                0x0000000020000000                _sbss = .
                0x0000000020000000                __bss_start__ = _sbss
 *(.bss)
 .bss           0x0000000020000000       0x1c C:/ST/STM32CubeIDE_1.13.1/STM32CubeIDE/plugins/com.st.stm32cube.ide.mcu.externaltools.gnu-tools-for-stm32.11.3.rel1.win32_1.1.0.202305231506/tools/bin/../lib/gcc/arm-none-eabi/11.3.1/thumb/v7-m/nofp/crtbegin.o
 *(.bss*)
 .bss.GP_IRQ_CALLBACK
                0x000000002000001c       0x3c ./STM32F103_DRIVERS/EXTI_DRIVER/STM32_F103C6_EXTI_DRIVER.o
                0x000000002000001c                GP_IRQ_CALLBACK
 .bss.global_SPI_config
                0x0000000020000058       0x30 ./STM32F103_DRIVERS/SPI_DRIVER/STM32F103_SPI_DRIVER.o
                0x0000000020000058                global_SPI_config
 .bss.Global_UART_Config
                0x0000000020000088        0x4 ./STM32F103_DRIVERS/USART_DRIVER/STM32_F103F6_USART_DRIVER.o
                0x0000000020000088                Global_UART_Config
 *(COMMON)
                0x000000002000008c                . = ALIGN (0x4)
                0x000000002000008c                _ebss = .
                0x000000002000008c                __bss_end__ = _ebss

._user_heap_stack
                0x000000002000008c      0x604 load address 0x0000000008000e78
                0x0000000020000090                . = ALIGN (0x8)
 *fill*         0x000000002000008c        0x4 
                [!provide]                        PROVIDE (end = .)
                0x0000000020000090                PROVIDE (_end = .)
                0x0000000020000290                . = (. + _Min_Heap_Size)
 *fill*         0x0000000020000090      0x200 
                0x0000000020000690                . = (. + _Min_Stack_Size)
 *fill*         0x0000000020000290      0x400 
                0x0000000020000690                . = ALIGN (0x8)

/DISCARD/
 libc.a(*)
 libm.a(*)
 libgcc.a(*)

.ARM.attributes
                0x0000000000000000       0x29
 *(.ARM.attributes)
 .ARM.attributes
                0x0000000000000000       0x1d C:/ST/STM32CubeIDE_1.13.1/STM32CubeIDE/plugins/com.st.stm32cube.ide.mcu.externaltools.gnu-tools-for-stm32.11.3.rel1.win32_1.1.0.202305231506/tools/bin/../lib/gcc/arm-none-eabi/11.3.1/thumb/v7-m/nofp/crti.o
 .ARM.attributes
                0x000000000000001d       0x2d C:/ST/STM32CubeIDE_1.13.1/STM32CubeIDE/plugins/com.st.stm32cube.ide.mcu.externaltools.gnu-tools-for-stm32.11.3.rel1.win32_1.1.0.202305231506/tools/bin/../lib/gcc/arm-none-eabi/11.3.1/thumb/v7-m/nofp/crtbegin.o
 .ARM.attributes
                0x000000000000004a       0x2d ./STM32F103_DRIVERS/EXTI_DRIVER/STM32_F103C6_EXTI_DRIVER.o
 .ARM.attributes
                0x0000000000000077       0x2d ./STM32F103_DRIVERS/GPIO_DRIVER/STM32_F103C6_GPIO_Driver.o
 .ARM.attributes
                0x00000000000000a4       0x2d ./STM32F103_DRIVERS/RCC_DRIVER/STM32_F103C6_RCC_DRIVER.o
 .ARM.attributes
                0x00000000000000d1       0x2d ./STM32F103_DRIVERS/SPI_DRIVER/STM32F103_SPI_DRIVER.o
 .ARM.attributes
                0x00000000000000fe       0x2d ./STM32F103_DRIVERS/USART_DRIVER/STM32_F103F6_USART_DRIVER.o
 .ARM.attributes
                0x000000000000012b       0x2d ./Src/main.o
 .ARM.attributes
                0x0000000000000158       0x21 ./Startup/startup_stm32f103c6tx.o
 .ARM.attributes
                0x0000000000000179       0x2d C:/ST/STM32CubeIDE_1.13.1/STM32CubeIDE/plugins/com.st.stm32cube.ide.mcu.externaltools.gnu-tools-for-stm32.11.3.rel1.win32_1.1.0.202305231506/tools/bin/../lib/gcc/arm-none-eabi/11.3.1/../../../../arm-none-eabi/lib/thumb/v7-m/nofp\libc_nano.a(libc_a-init.o)
 .ARM.attributes
                0x00000000000001a6       0x1d C:/ST/STM32CubeIDE_1.13.1/STM32CubeIDE/plugins/com.st.stm32cube.ide.mcu.externaltools.gnu-tools-for-stm32.11.3.rel1.win32_1.1.0.202305231506/tools/bin/../lib/gcc/arm-none-eabi/11.3.1/thumb/v7-m/nofp/crtn.o
OUTPUT(STM32F103_SPI_DRIVER.elf elf32-littlearm)
LOAD linker stubs
LOAD C:/ST/STM32CubeIDE_1.13.1/STM32CubeIDE/plugins/com.st.stm32cube.ide.mcu.externaltools.gnu-tools-for-stm32.11.3.rel1.win32_1.1.0.202305231506/tools/bin/../lib/gcc/arm-none-eabi/11.3.1/../../../../arm-none-eabi/lib/thumb/v7-m/nofp\libc.a
LOAD C:/ST/STM32CubeIDE_1.13.1/STM32CubeIDE/plugins/com.st.stm32cube.ide.mcu.externaltools.gnu-tools-for-stm32.11.3.rel1.win32_1.1.0.202305231506/tools/bin/../lib/gcc/arm-none-eabi/11.3.1/../../../../arm-none-eabi/lib/thumb/v7-m/nofp\libm.a
LOAD C:/ST/STM32CubeIDE_1.13.1/STM32CubeIDE/plugins/com.st.stm32cube.ide.mcu.externaltools.gnu-tools-for-stm32.11.3.rel1.win32_1.1.0.202305231506/tools/bin/../lib/gcc/arm-none-eabi/11.3.1/thumb/v7-m/nofp\libgcc.a

.comment        0x0000000000000000       0x43
 .comment       0x0000000000000000       0x43 C:/ST/STM32CubeIDE_1.13.1/STM32CubeIDE/plugins/com.st.stm32cube.ide.mcu.externaltools.gnu-tools-for-stm32.11.3.rel1.win32_1.1.0.202305231506/tools/bin/../lib/gcc/arm-none-eabi/11.3.1/thumb/v7-m/nofp/crtbegin.o
                                         0x44 (size before relaxing)
 .comment       0x0000000000000043       0x44 ./STM32F103_DRIVERS/EXTI_DRIVER/STM32_F103C6_EXTI_DRIVER.o
 .comment       0x0000000000000043       0x44 ./STM32F103_DRIVERS/GPIO_DRIVER/STM32_F103C6_GPIO_Driver.o
 .comment       0x0000000000000043       0x44 ./STM32F103_DRIVERS/RCC_DRIVER/STM32_F103C6_RCC_DRIVER.o
 .comment       0x0000000000000043       0x44 ./STM32F103_DRIVERS/SPI_DRIVER/STM32F103_SPI_DRIVER.o
 .comment       0x0000000000000043       0x44 ./STM32F103_DRIVERS/USART_DRIVER/STM32_F103F6_USART_DRIVER.o
 .comment       0x0000000000000043       0x44 ./Src/main.o

.debug_info     0x0000000000000000     0x1f65
 .debug_info    0x0000000000000000      0x53a ./STM32F103_DRIVERS/EXTI_DRIVER/STM32_F103C6_EXTI_DRIVER.o
 .debug_info    0x000000000000053a      0x49f ./STM32F103_DRIVERS/GPIO_DRIVER/STM32_F103C6_GPIO_Driver.o
 .debug_info    0x00000000000009d9      0x223 ./STM32F103_DRIVERS/RCC_DRIVER/STM32_F103C6_RCC_DRIVER.o
 .debug_info    0x0000000000000bfc      0x67f ./STM32F103_DRIVERS/SPI_DRIVER/STM32F103_SPI_DRIVER.o
 .debug_info    0x000000000000127b      0x59a ./STM32F103_DRIVERS/USART_DRIVER/STM32_F103F6_USART_DRIVER.o
 .debug_info    0x0000000000001815      0x72e ./Src/main.o
 .debug_info    0x0000000000001f43       0x22 ./Startup/startup_stm32f103c6tx.o

.debug_abbrev   0x0000000000000000      0x8f0
 .debug_abbrev  0x0000000000000000      0x19a ./STM32F103_DRIVERS/EXTI_DRIVER/STM32_F103C6_EXTI_DRIVER.o
 .debug_abbrev  0x000000000000019a      0x153 ./STM32F103_DRIVERS/GPIO_DRIVER/STM32_F103C6_GPIO_Driver.o
 .debug_abbrev  0x00000000000002ed       0xda ./STM32F103_DRIVERS/RCC_DRIVER/STM32_F103C6_RCC_DRIVER.o
 .debug_abbrev  0x00000000000003c7      0x1c7 ./STM32F103_DRIVERS/SPI_DRIVER/STM32F103_SPI_DRIVER.o
 .debug_abbrev  0x000000000000058e      0x1a3 ./STM32F103_DRIVERS/USART_DRIVER/STM32_F103F6_USART_DRIVER.o
 .debug_abbrev  0x0000000000000731      0x1ad ./Src/main.o
 .debug_abbrev  0x00000000000008de       0x12 ./Startup/startup_stm32f103c6tx.o

.debug_loc      0x0000000000000000      0xd78
 .debug_loc     0x0000000000000000      0x338 ./STM32F103_DRIVERS/EXTI_DRIVER/STM32_F103C6_EXTI_DRIVER.o
 .debug_loc     0x0000000000000338      0x330 ./STM32F103_DRIVERS/GPIO_DRIVER/STM32_F103C6_GPIO_Driver.o
 .debug_loc     0x0000000000000668       0xc8 ./STM32F103_DRIVERS/RCC_DRIVER/STM32_F103C6_RCC_DRIVER.o
 .debug_loc     0x0000000000000730      0x2b0 ./STM32F103_DRIVERS/SPI_DRIVER/STM32F103_SPI_DRIVER.o
 .debug_loc     0x00000000000009e0      0x294 ./STM32F103_DRIVERS/USART_DRIVER/STM32_F103F6_USART_DRIVER.o
 .debug_loc     0x0000000000000c74      0x104 ./Src/main.o

.debug_aranges  0x0000000000000000      0x230
 .debug_aranges
                0x0000000000000000       0x80 ./STM32F103_DRIVERS/EXTI_DRIVER/STM32_F103C6_EXTI_DRIVER.o
 .debug_aranges
                0x0000000000000080       0x60 ./STM32F103_DRIVERS/GPIO_DRIVER/STM32_F103C6_GPIO_Driver.o
 .debug_aranges
                0x00000000000000e0       0x38 ./STM32F103_DRIVERS/RCC_DRIVER/STM32_F103C6_RCC_DRIVER.o
 .debug_aranges
                0x0000000000000118       0x58 ./STM32F103_DRIVERS/SPI_DRIVER/STM32F103_SPI_DRIVER.o
 .debug_aranges
                0x0000000000000170       0x60 ./STM32F103_DRIVERS/USART_DRIVER/STM32_F103F6_USART_DRIVER.o
 .debug_aranges
                0x00000000000001d0       0x38 ./Src/main.o
 .debug_aranges
                0x0000000000000208       0x28 ./Startup/startup_stm32f103c6tx.o

.debug_ranges   0x0000000000000000      0x1c8
 .debug_ranges  0x0000000000000000       0x70 ./STM32F103_DRIVERS/EXTI_DRIVER/STM32_F103C6_EXTI_DRIVER.o
 .debug_ranges  0x0000000000000070       0x50 ./STM32F103_DRIVERS/GPIO_DRIVER/STM32_F103C6_GPIO_Driver.o
 .debug_ranges  0x00000000000000c0       0x28 ./STM32F103_DRIVERS/RCC_DRIVER/STM32_F103C6_RCC_DRIVER.o
 .debug_ranges  0x00000000000000e8       0x48 ./STM32F103_DRIVERS/SPI_DRIVER/STM32F103_SPI_DRIVER.o
 .debug_ranges  0x0000000000000130       0x50 ./STM32F103_DRIVERS/USART_DRIVER/STM32_F103F6_USART_DRIVER.o
 .debug_ranges  0x0000000000000180       0x28 ./Src/main.o
 .debug_ranges  0x00000000000001a8       0x20 ./Startup/startup_stm32f103c6tx.o

.debug_macro    0x0000000000000000     0x2b1f
 .debug_macro   0x0000000000000000      0x15b ./STM32F103_DRIVERS/EXTI_DRIVER/STM32_F103C6_EXTI_DRIVER.o
 .debug_macro   0x000000000000015b      0xaa2 ./STM32F103_DRIVERS/EXTI_DRIVER/STM32_F103C6_EXTI_DRIVER.o
 .debug_macro   0x0000000000000bfd       0x24 ./STM32F103_DRIVERS/EXTI_DRIVER/STM32_F103C6_EXTI_DRIVER.o
 .debug_macro   0x0000000000000c21       0x22 ./STM32F103_DRIVERS/EXTI_DRIVER/STM32_F103C6_EXTI_DRIVER.o
 .debug_macro   0x0000000000000c43       0x5b ./STM32F103_DRIVERS/EXTI_DRIVER/STM32_F103C6_EXTI_DRIVER.o
 .debug_macro   0x0000000000000c9e       0x94 ./STM32F103_DRIVERS/EXTI_DRIVER/STM32_F103C6_EXTI_DRIVER.o
 .debug_macro   0x0000000000000d32       0x43 ./STM32F103_DRIVERS/EXTI_DRIVER/STM32_F103C6_EXTI_DRIVER.o
 .debug_macro   0x0000000000000d75       0x34 ./STM32F103_DRIVERS/EXTI_DRIVER/STM32_F103C6_EXTI_DRIVER.o
 .debug_macro   0x0000000000000da9       0x16 ./STM32F103_DRIVERS/EXTI_DRIVER/STM32_F103C6_EXTI_DRIVER.o
 .debug_macro   0x0000000000000dbf      0x10e ./STM32F103_DRIVERS/EXTI_DRIVER/STM32_F103C6_EXTI_DRIVER.o
 .debug_macro   0x0000000000000ecd       0x8d ./STM32F103_DRIVERS/EXTI_DRIVER/STM32_F103C6_EXTI_DRIVER.o
 .debug_macro   0x0000000000000f5a       0x16 ./STM32F103_DRIVERS/EXTI_DRIVER/STM32_F103C6_EXTI_DRIVER.o
 .debug_macro   0x0000000000000f70       0x43 ./STM32F103_DRIVERS/EXTI_DRIVER/STM32_F103C6_EXTI_DRIVER.o
 .debug_macro   0x0000000000000fb3       0x57 ./STM32F103_DRIVERS/EXTI_DRIVER/STM32_F103C6_EXTI_DRIVER.o
 .debug_macro   0x000000000000100a       0x34 ./STM32F103_DRIVERS/EXTI_DRIVER/STM32_F103C6_EXTI_DRIVER.o
 .debug_macro   0x000000000000103e       0x10 ./STM32F103_DRIVERS/EXTI_DRIVER/STM32_F103C6_EXTI_DRIVER.o
 .debug_macro   0x000000000000104e       0x58 ./STM32F103_DRIVERS/EXTI_DRIVER/STM32_F103C6_EXTI_DRIVER.o
 .debug_macro   0x00000000000010a6       0x8e ./STM32F103_DRIVERS/EXTI_DRIVER/STM32_F103C6_EXTI_DRIVER.o
 .debug_macro   0x0000000000001134       0x1c ./STM32F103_DRIVERS/EXTI_DRIVER/STM32_F103C6_EXTI_DRIVER.o
 .debug_macro   0x0000000000001150      0x177 ./STM32F103_DRIVERS/EXTI_DRIVER/STM32_F103C6_EXTI_DRIVER.o
 .debug_macro   0x00000000000012c7      0x369 ./STM32F103_DRIVERS/EXTI_DRIVER/STM32_F103C6_EXTI_DRIVER.o
 .debug_macro   0x0000000000001630       0x16 ./STM32F103_DRIVERS/EXTI_DRIVER/STM32_F103C6_EXTI_DRIVER.o
 .debug_macro   0x0000000000001646       0x29 ./STM32F103_DRIVERS/EXTI_DRIVER/STM32_F103C6_EXTI_DRIVER.o
 .debug_macro   0x000000000000166f      0x103 ./STM32F103_DRIVERS/EXTI_DRIVER/STM32_F103C6_EXTI_DRIVER.o
 .debug_macro   0x0000000000001772       0x6a ./STM32F103_DRIVERS/EXTI_DRIVER/STM32_F103C6_EXTI_DRIVER.o
 .debug_macro   0x00000000000017dc      0x1df ./STM32F103_DRIVERS/EXTI_DRIVER/STM32_F103C6_EXTI_DRIVER.o
 .debug_macro   0x00000000000019bb      0x2a0 ./STM32F103_DRIVERS/EXTI_DRIVER/STM32_F103C6_EXTI_DRIVER.o
 .debug_macro   0x0000000000001c5b       0xd6 ./STM32F103_DRIVERS/EXTI_DRIVER/STM32_F103C6_EXTI_DRIVER.o
 .debug_macro   0x0000000000001d31      0x224 ./STM32F103_DRIVERS/EXTI_DRIVER/STM32_F103C6_EXTI_DRIVER.o
 .debug_macro   0x0000000000001f55      0x14c ./STM32F103_DRIVERS/GPIO_DRIVER/STM32_F103C6_GPIO_Driver.o
 .debug_macro   0x00000000000020a1       0xd0 ./STM32F103_DRIVERS/GPIO_DRIVER/STM32_F103C6_GPIO_Driver.o
 .debug_macro   0x0000000000002171      0x15f ./STM32F103_DRIVERS/RCC_DRIVER/STM32_F103C6_RCC_DRIVER.o
 .debug_macro   0x00000000000022d0       0x10 ./STM32F103_DRIVERS/RCC_DRIVER/STM32_F103C6_RCC_DRIVER.o
 .debug_macro   0x00000000000022e0      0x16d ./STM32F103_DRIVERS/SPI_DRIVER/STM32F103_SPI_DRIVER.o
 .debug_macro   0x000000000000244d       0xbe ./STM32F103_DRIVERS/SPI_DRIVER/STM32F103_SPI_DRIVER.o
 .debug_macro   0x000000000000250b      0x196 ./STM32F103_DRIVERS/USART_DRIVER/STM32_F103F6_USART_DRIVER.o
 .debug_macro   0x00000000000026a1       0xbe ./STM32F103_DRIVERS/USART_DRIVER/STM32_F103F6_USART_DRIVER.o
 .debug_macro   0x000000000000275f      0x196 ./Src/main.o
 .debug_macro   0x00000000000028f5      0x22a ./Src/main.o

.debug_line     0x0000000000000000     0x310e
 .debug_line    0x0000000000000000      0x95f ./STM32F103_DRIVERS/EXTI_DRIVER/STM32_F103C6_EXTI_DRIVER.o
 .debug_line    0x000000000000095f      0x81c ./STM32F103_DRIVERS/GPIO_DRIVER/STM32_F103C6_GPIO_Driver.o
 .debug_line    0x000000000000117b      0x6b3 ./STM32F103_DRIVERS/RCC_DRIVER/STM32_F103C6_RCC_DRIVER.o
 .debug_line    0x000000000000182e      0x8a6 ./STM32F103_DRIVERS/SPI_DRIVER/STM32F103_SPI_DRIVER.o
 .debug_line    0x00000000000020d4      0x89f ./STM32F103_DRIVERS/USART_DRIVER/STM32_F103F6_USART_DRIVER.o
 .debug_line    0x0000000000002973      0x717 ./Src/main.o
 .debug_line    0x000000000000308a       0x84 ./Startup/startup_stm32f103c6tx.o

.debug_str      0x0000000000000000     0xab08
 .debug_str     0x0000000000000000     0x986f ./STM32F103_DRIVERS/EXTI_DRIVER/STM32_F103C6_EXTI_DRIVER.o
                                       0x9a85 (size before relaxing)
 .debug_str     0x000000000000986f      0x150 ./STM32F103_DRIVERS/GPIO_DRIVER/STM32_F103C6_GPIO_Driver.o
                                       0x865e (size before relaxing)
 .debug_str     0x00000000000099bf      0x106 ./STM32F103_DRIVERS/RCC_DRIVER/STM32_F103C6_RCC_DRIVER.o
                                       0x85ca (size before relaxing)
 .debug_str     0x0000000000009ac5      0x7f4 ./STM32F103_DRIVERS/SPI_DRIVER/STM32F103_SPI_DRIVER.o
                                       0x8d3e (size before relaxing)
 .debug_str     0x000000000000a2b9      0x7cb ./STM32F103_DRIVERS/USART_DRIVER/STM32_F103F6_USART_DRIVER.o
                                       0x8dc4 (size before relaxing)
 .debug_str     0x000000000000aa84       0x55 ./Src/main.o
                                       0xa4de (size before relaxing)
 .debug_str     0x000000000000aad9       0x2f ./Startup/startup_stm32f103c6tx.o
                                         0xa9 (size before relaxing)

.debug_frame    0x0000000000000000      0x700
 .debug_frame   0x0000000000000000      0x1b4 ./STM32F103_DRIVERS/EXTI_DRIVER/STM32_F103C6_EXTI_DRIVER.o
 .debug_frame   0x00000000000001b4      0x178 ./STM32F103_DRIVERS/GPIO_DRIVER/STM32_F103C6_GPIO_Driver.o
 .debug_frame   0x000000000000032c       0x84 ./STM32F103_DRIVERS/RCC_DRIVER/STM32_F103C6_RCC_DRIVER.o
 .debug_frame   0x00000000000003b0      0x144 ./STM32F103_DRIVERS/SPI_DRIVER/STM32F103_SPI_DRIVER.o
 .debug_frame   0x00000000000004f4      0x14c ./STM32F103_DRIVERS/USART_DRIVER/STM32_F103F6_USART_DRIVER.o
 .debug_frame   0x0000000000000640       0x94 ./Src/main.o
 .debug_frame   0x00000000000006d4       0x2c C:/ST/STM32CubeIDE_1.13.1/STM32CubeIDE/plugins/com.st.stm32cube.ide.mcu.externaltools.gnu-tools-for-stm32.11.3.rel1.win32_1.1.0.202305231506/tools/bin/../lib/gcc/arm-none-eabi/11.3.1/../../../../arm-none-eabi/lib/thumb/v7-m/nofp\libc_nano.a(libc_a-init.o)
