
Memory Configuration

Name             Origin             Length             Attributes
FLASH            0x08000000         0x00020000         xr
SRAM             0x20000000         0x00005000         xrw
*default*        0x00000000         0xffffffff

Linker script and memory map


.text           0x08000000      0x134
 *(.vectors*)
 .vectors       0x08000000       0x14 startup.o
                0x08000000                vectors
 *(.text*)
 .text          0x08000014       0x80 main.o
                0x08000014                main
 .text          0x08000094       0xa0 startup.o
                0x08000094                NMI_Handler
                0x08000094                Bus_Handler
                0x08000094                Default_Handler
                0x08000094                H_Fault_handler
                0x080000a4                Reset_Handler
 *(.rodata)
                0x08000134                . = ALIGN (0x4)
                0x08000134                _E_text = .

.glue_7         0x08000134        0x0
 .glue_7        0x00000000        0x0 linker stubs

.glue_7t        0x08000134        0x0
 .glue_7t       0x00000000        0x0 linker stubs

.vfp11_veneer   0x08000134        0x0
 .vfp11_veneer  0x00000000        0x0 linker stubs

.v4_bx          0x08000134        0x0
 .v4_bx         0x00000000        0x0 linker stubs

.iplt           0x08000134        0x0
 .iplt          0x00000000        0x0 main.o

.rel.dyn        0x08000134        0x0
 .rel.iplt      0x00000000        0x0 main.o

.data           0x20000000        0x8 load address 0x08000134
                0x20000000                _S_data = .
 *(.data*)
 .data          0x20000000        0x8 main.o
                0x20000000                R_ODR
                0x20000004                R_CRH
 .data          0x20000008        0x0 startup.o
                0x20000008                . = ALIGN (0x4)
                0x20000008                _E_data = .

.igot.plt       0x20000008        0x0 load address 0x0800013c
 .igot.plt      0x00000000        0x0 main.o

.bss            0x20000008     0x1000 load address 0x0800013c
                0x20000008                _S_bss = .
 *(.bss*)
 .bss           0x20000008        0x0 main.o
 .bss           0x20000008        0x0 startup.o
                0x20000008                . = ALIGN (0x4)
                0x20000008                _E_bss = .
                0x20001008                . = (. + 0x1000)
 *fill*         0x20000008     0x1000 
                0x20001008                Stack_top = .
LOAD main.o
LOAD startup.o
OUTPUT(learn-in-depth-cortex-m3.elf elf32-littlearm)

.debug_info     0x00000000      0x2ff
 .debug_info    0x00000000      0x196 main.o
 .debug_info    0x00000196      0x169 startup.o

.debug_abbrev   0x00000000      0x190
 .debug_abbrev  0x00000000       0xcc main.o
 .debug_abbrev  0x000000cc       0xc4 startup.o

.debug_loc      0x00000000       0x9c
 .debug_loc     0x00000000       0x38 main.o
 .debug_loc     0x00000038       0x64 startup.o

.debug_aranges  0x00000000       0x40
 .debug_aranges
                0x00000000       0x20 main.o
 .debug_aranges
                0x00000020       0x20 startup.o

.debug_line     0x00000000      0x11a
 .debug_line    0x00000000       0x69 main.o
 .debug_line    0x00000069       0xb1 startup.o

.debug_str      0x00000000      0x1c2
 .debug_str     0x00000000      0x13a main.o
                                0x153 (size before relaxing)
 .debug_str     0x0000013a       0x88 startup.o
                                0x19c (size before relaxing)

.comment        0x00000000       0x11
 .comment       0x00000000       0x11 main.o
                                 0x12 (size before relaxing)
 .comment       0x00000000       0x12 startup.o

.ARM.attributes
                0x00000000       0x30
 .ARM.attributes
                0x00000000       0x30 main.o
 .ARM.attributes
                0x00000030       0x30 startup.o

.debug_frame    0x00000000       0x7c
 .debug_frame   0x00000000       0x30 main.o
 .debug_frame   0x00000030       0x4c startup.o
