Archive member included to satisfy reference by file (symbol)

c:/st/stm32cubeide_1.4.0/stm32cubeide/plugins/com.st.stm32cube.ide.mcu.externaltools.gnu-tools-for-stm32.7-2018-q2-update.win32_1.4.0.202007081208/tools/bin/../lib/gcc/arm-none-eabi/7.3.1/../../../../arm-none-eabi/lib/thumb/v7-m\libc_nano.a(lib_a-errno.o)
                              Src/syscalls.o (__errno)
c:/st/stm32cubeide_1.4.0/stm32cubeide/plugins/com.st.stm32cube.ide.mcu.externaltools.gnu-tools-for-stm32.7-2018-q2-update.win32_1.4.0.202007081208/tools/bin/../lib/gcc/arm-none-eabi/7.3.1/../../../../arm-none-eabi/lib/thumb/v7-m\libc_nano.a(lib_a-exit.o)
                              c:/st/stm32cubeide_1.4.0/stm32cubeide/plugins/com.st.stm32cube.ide.mcu.externaltools.gnu-tools-for-stm32.7-2018-q2-update.win32_1.4.0.202007081208/tools/bin/../lib/gcc/arm-none-eabi/7.3.1/../../../../arm-none-eabi/lib/thumb/v7-m/crt0.o (exit)
c:/st/stm32cubeide_1.4.0/stm32cubeide/plugins/com.st.stm32cube.ide.mcu.externaltools.gnu-tools-for-stm32.7-2018-q2-update.win32_1.4.0.202007081208/tools/bin/../lib/gcc/arm-none-eabi/7.3.1/../../../../arm-none-eabi/lib/thumb/v7-m\libc_nano.a(lib_a-impure.o)
                              c:/st/stm32cubeide_1.4.0/stm32cubeide/plugins/com.st.stm32cube.ide.mcu.externaltools.gnu-tools-for-stm32.7-2018-q2-update.win32_1.4.0.202007081208/tools/bin/../lib/gcc/arm-none-eabi/7.3.1/../../../../arm-none-eabi/lib/thumb/v7-m\libc_nano.a(lib_a-exit.o) (_global_impure_ptr)
c:/st/stm32cubeide_1.4.0/stm32cubeide/plugins/com.st.stm32cube.ide.mcu.externaltools.gnu-tools-for-stm32.7-2018-q2-update.win32_1.4.0.202007081208/tools/bin/../lib/gcc/arm-none-eabi/7.3.1/../../../../arm-none-eabi/lib/thumb/v7-m\libc_nano.a(lib_a-init.o)
                              c:/st/stm32cubeide_1.4.0/stm32cubeide/plugins/com.st.stm32cube.ide.mcu.externaltools.gnu-tools-for-stm32.7-2018-q2-update.win32_1.4.0.202007081208/tools/bin/../lib/gcc/arm-none-eabi/7.3.1/../../../../arm-none-eabi/lib/thumb/v7-m/crt0.o (__libc_init_array)
c:/st/stm32cubeide_1.4.0/stm32cubeide/plugins/com.st.stm32cube.ide.mcu.externaltools.gnu-tools-for-stm32.7-2018-q2-update.win32_1.4.0.202007081208/tools/bin/../lib/gcc/arm-none-eabi/7.3.1/../../../../arm-none-eabi/lib/thumb/v7-m\libc_nano.a(lib_a-memset.o)
                              c:/st/stm32cubeide_1.4.0/stm32cubeide/plugins/com.st.stm32cube.ide.mcu.externaltools.gnu-tools-for-stm32.7-2018-q2-update.win32_1.4.0.202007081208/tools/bin/../lib/gcc/arm-none-eabi/7.3.1/../../../../arm-none-eabi/lib/thumb/v7-m/crt0.o (memset)

Allocating common symbols
Common symbol       size              file

PinCfg              0x4               HAl/Keypad_driver/KEYPAD.o

Discarded input sections

 .text          0x0000000000000000        0x0 c:/st/stm32cubeide_1.4.0/stm32cubeide/plugins/com.st.stm32cube.ide.mcu.externaltools.gnu-tools-for-stm32.7-2018-q2-update.win32_1.4.0.202007081208/tools/bin/../lib/gcc/arm-none-eabi/7.3.1/thumb/v7-m/crti.o
 .data          0x0000000000000000        0x0 c:/st/stm32cubeide_1.4.0/stm32cubeide/plugins/com.st.stm32cube.ide.mcu.externaltools.gnu-tools-for-stm32.7-2018-q2-update.win32_1.4.0.202007081208/tools/bin/../lib/gcc/arm-none-eabi/7.3.1/thumb/v7-m/crti.o
 .bss           0x0000000000000000        0x0 c:/st/stm32cubeide_1.4.0/stm32cubeide/plugins/com.st.stm32cube.ide.mcu.externaltools.gnu-tools-for-stm32.7-2018-q2-update.win32_1.4.0.202007081208/tools/bin/../lib/gcc/arm-none-eabi/7.3.1/thumb/v7-m/crti.o
 .data          0x0000000000000000        0x4 c:/st/stm32cubeide_1.4.0/stm32cubeide/plugins/com.st.stm32cube.ide.mcu.externaltools.gnu-tools-for-stm32.7-2018-q2-update.win32_1.4.0.202007081208/tools/bin/../lib/gcc/arm-none-eabi/7.3.1/thumb/v7-m/crtbegin.o
 .text          0x0000000000000000       0x74 c:/st/stm32cubeide_1.4.0/stm32cubeide/plugins/com.st.stm32cube.ide.mcu.externaltools.gnu-tools-for-stm32.7-2018-q2-update.win32_1.4.0.202007081208/tools/bin/../lib/gcc/arm-none-eabi/7.3.1/../../../../arm-none-eabi/lib/thumb/v7-m/crt0.o
 .data          0x0000000000000000        0x0 c:/st/stm32cubeide_1.4.0/stm32cubeide/plugins/com.st.stm32cube.ide.mcu.externaltools.gnu-tools-for-stm32.7-2018-q2-update.win32_1.4.0.202007081208/tools/bin/../lib/gcc/arm-none-eabi/7.3.1/../../../../arm-none-eabi/lib/thumb/v7-m/crt0.o
 .bss           0x0000000000000000        0x0 c:/st/stm32cubeide_1.4.0/stm32cubeide/plugins/com.st.stm32cube.ide.mcu.externaltools.gnu-tools-for-stm32.7-2018-q2-update.win32_1.4.0.202007081208/tools/bin/../lib/gcc/arm-none-eabi/7.3.1/../../../../arm-none-eabi/lib/thumb/v7-m/crt0.o
 .ARM.extab     0x0000000000000000        0x0 c:/st/stm32cubeide_1.4.0/stm32cubeide/plugins/com.st.stm32cube.ide.mcu.externaltools.gnu-tools-for-stm32.7-2018-q2-update.win32_1.4.0.202007081208/tools/bin/../lib/gcc/arm-none-eabi/7.3.1/../../../../arm-none-eabi/lib/thumb/v7-m/crt0.o
 .ARM.exidx     0x0000000000000000        0x8 c:/st/stm32cubeide_1.4.0/stm32cubeide/plugins/com.st.stm32cube.ide.mcu.externaltools.gnu-tools-for-stm32.7-2018-q2-update.win32_1.4.0.202007081208/tools/bin/../lib/gcc/arm-none-eabi/7.3.1/../../../../arm-none-eabi/lib/thumb/v7-m/crt0.o
 .ARM.attributes
                0x0000000000000000       0x1b c:/st/stm32cubeide_1.4.0/stm32cubeide/plugins/com.st.stm32cube.ide.mcu.externaltools.gnu-tools-for-stm32.7-2018-q2-update.win32_1.4.0.202007081208/tools/bin/../lib/gcc/arm-none-eabi/7.3.1/../../../../arm-none-eabi/lib/thumb/v7-m/crt0.o
 .group         0x0000000000000000        0xc HAl/Keypad_driver/KEYPAD.o
 .group         0x0000000000000000        0xc HAl/Keypad_driver/KEYPAD.o
 .group         0x0000000000000000        0xc HAl/Keypad_driver/KEYPAD.o
 .group         0x0000000000000000        0xc HAl/Keypad_driver/KEYPAD.o
 .group         0x0000000000000000        0xc HAl/Keypad_driver/KEYPAD.o
 .group         0x0000000000000000        0xc HAl/Keypad_driver/KEYPAD.o
 .group         0x0000000000000000        0xc HAl/Keypad_driver/KEYPAD.o
 .group         0x0000000000000000        0xc HAl/Keypad_driver/KEYPAD.o
 .group         0x0000000000000000        0xc HAl/Keypad_driver/KEYPAD.o
 .group         0x0000000000000000        0xc HAl/Keypad_driver/KEYPAD.o
 .group         0x0000000000000000        0xc HAl/Keypad_driver/KEYPAD.o
 .group         0x0000000000000000        0xc HAl/Keypad_driver/KEYPAD.o
 .group         0x0000000000000000        0xc HAl/Keypad_driver/KEYPAD.o
 .group         0x0000000000000000        0xc HAl/Keypad_driver/KEYPAD.o
 .group         0x0000000000000000        0xc HAl/Keypad_driver/KEYPAD.o
 .group         0x0000000000000000        0xc HAl/Keypad_driver/KEYPAD.o
 .group         0x0000000000000000        0xc HAl/Keypad_driver/KEYPAD.o
 .group         0x0000000000000000        0xc HAl/Keypad_driver/KEYPAD.o
 .group         0x0000000000000000        0xc HAl/Keypad_driver/KEYPAD.o
 .group         0x0000000000000000        0xc HAl/Keypad_driver/KEYPAD.o
 .group         0x0000000000000000        0xc HAl/Keypad_driver/KEYPAD.o
 .group         0x0000000000000000        0xc HAl/Keypad_driver/KEYPAD.o
 .group         0x0000000000000000        0xc HAl/Keypad_driver/KEYPAD.o
 .group         0x0000000000000000        0xc HAl/Keypad_driver/KEYPAD.o
 .group         0x0000000000000000        0xc HAl/Keypad_driver/KEYPAD.o
 .text          0x0000000000000000        0x0 HAl/Keypad_driver/KEYPAD.o
 .data          0x0000000000000000        0x0 HAl/Keypad_driver/KEYPAD.o
 .bss           0x0000000000000000        0x0 HAl/Keypad_driver/KEYPAD.o
 .data.KEYPAD_ROWS
                0x0000000000000000       0x10 HAl/Keypad_driver/KEYPAD.o
 .data.KEYPAD_COLS
                0x0000000000000000       0x10 HAl/Keypad_driver/KEYPAD.o
 .text.KEYPAD_INIT
                0x0000000000000000      0x13c HAl/Keypad_driver/KEYPAD.o
 .text.KEYPAD_GETCHAR
                0x0000000000000000      0x194 HAl/Keypad_driver/KEYPAD.o
 .group         0x0000000000000000        0xc HAl/lcd_driver/LCD.o
 .group         0x0000000000000000        0xc HAl/lcd_driver/LCD.o
 .group         0x0000000000000000        0xc HAl/lcd_driver/LCD.o
 .group         0x0000000000000000        0xc HAl/lcd_driver/LCD.o
 .group         0x0000000000000000        0xc HAl/lcd_driver/LCD.o
 .group         0x0000000000000000        0xc HAl/lcd_driver/LCD.o
 .group         0x0000000000000000        0xc HAl/lcd_driver/LCD.o
 .group         0x0000000000000000        0xc HAl/lcd_driver/LCD.o
 .group         0x0000000000000000        0xc HAl/lcd_driver/LCD.o
 .group         0x0000000000000000        0xc HAl/lcd_driver/LCD.o
 .group         0x0000000000000000        0xc HAl/lcd_driver/LCD.o
 .group         0x0000000000000000        0xc HAl/lcd_driver/LCD.o
 .group         0x0000000000000000        0xc HAl/lcd_driver/LCD.o
 .group         0x0000000000000000        0xc HAl/lcd_driver/LCD.o
 .group         0x0000000000000000        0xc HAl/lcd_driver/LCD.o
 .group         0x0000000000000000        0xc HAl/lcd_driver/LCD.o
 .group         0x0000000000000000        0xc HAl/lcd_driver/LCD.o
 .group         0x0000000000000000        0xc HAl/lcd_driver/LCD.o
 .group         0x0000000000000000        0xc HAl/lcd_driver/LCD.o
 .group         0x0000000000000000        0xc HAl/lcd_driver/LCD.o
 .group         0x0000000000000000        0xc HAl/lcd_driver/LCD.o
 .group         0x0000000000000000        0xc HAl/lcd_driver/LCD.o
 .group         0x0000000000000000        0xc HAl/lcd_driver/LCD.o
 .group         0x0000000000000000        0xc HAl/lcd_driver/LCD.o
 .group         0x0000000000000000        0xc HAl/lcd_driver/LCD.o
 .text          0x0000000000000000        0x0 HAl/lcd_driver/LCD.o
 .data          0x0000000000000000        0x0 HAl/lcd_driver/LCD.o
 .bss           0x0000000000000000        0x0 HAl/lcd_driver/LCD.o
 .text.delay_ms
                0x0000000000000000       0x38 HAl/lcd_driver/LCD.o
 .text.LCD_GOTO_XY
                0x0000000000000000       0x48 HAl/lcd_driver/LCD.o
 .text.LCD_clearscreen
                0x0000000000000000        0xe HAl/lcd_driver/LCD.o
 .text.LCD_kick
                0x0000000000000000       0x2c HAl/lcd_driver/LCD.o
 .text.LCD_PORT_OUT
                0x0000000000000000      0x130 HAl/lcd_driver/LCD.o
 .text.LCD_PORT_IN
                0x0000000000000000       0xf0 HAl/lcd_driver/LCD.o
 .text.LCD_INIT
                0x0000000000000000       0xd4 HAl/lcd_driver/LCD.o
 .text.LCD_check_lcd_isbusy
                0x0000000000000000       0x38 HAl/lcd_driver/LCD.o
 .text.LCD_WRITE_COMMAND
                0x0000000000000000       0x44 HAl/lcd_driver/LCD.o
 .text.LCD_WRITE_CHAR
                0x0000000000000000       0x48 HAl/lcd_driver/LCD.o
 .text.LCD_WRITE_STRING
                0x0000000000000000       0x5c HAl/lcd_driver/LCD.o
 .debug_info    0x0000000000000000      0xc17 HAl/lcd_driver/LCD.o
 .debug_abbrev  0x0000000000000000      0x1f4 HAl/lcd_driver/LCD.o
 .debug_loc     0x0000000000000000      0x2a4 HAl/lcd_driver/LCD.o
 .debug_aranges
                0x0000000000000000       0x70 HAl/lcd_driver/LCD.o
 .debug_ranges  0x0000000000000000       0x60 HAl/lcd_driver/LCD.o
 .debug_macro   0x0000000000000000      0x152 HAl/lcd_driver/LCD.o
 .debug_macro   0x0000000000000000      0xa60 HAl/lcd_driver/LCD.o
 .debug_macro   0x0000000000000000       0x18 HAl/lcd_driver/LCD.o
 .debug_macro   0x0000000000000000       0x22 HAl/lcd_driver/LCD.o
 .debug_macro   0x0000000000000000       0x40 HAl/lcd_driver/LCD.o
 .debug_macro   0x0000000000000000       0x94 HAl/lcd_driver/LCD.o
 .debug_macro   0x0000000000000000       0x3c HAl/lcd_driver/LCD.o
 .debug_macro   0x0000000000000000       0x34 HAl/lcd_driver/LCD.o
 .debug_macro   0x0000000000000000       0x16 HAl/lcd_driver/LCD.o
 .debug_macro   0x0000000000000000      0x10e HAl/lcd_driver/LCD.o
 .debug_macro   0x0000000000000000       0x8d HAl/lcd_driver/LCD.o
 .debug_macro   0x0000000000000000       0x57 HAl/lcd_driver/LCD.o
 .debug_macro   0x0000000000000000       0x52 HAl/lcd_driver/LCD.o
 .debug_macro   0x0000000000000000       0x1f HAl/lcd_driver/LCD.o
 .debug_macro   0x0000000000000000       0x43 HAl/lcd_driver/LCD.o
 .debug_macro   0x0000000000000000       0x20 HAl/lcd_driver/LCD.o
 .debug_macro   0x0000000000000000      0x1a3 HAl/lcd_driver/LCD.o
 .debug_macro   0x0000000000000000      0x330 HAl/lcd_driver/LCD.o
 .debug_macro   0x0000000000000000       0x16 HAl/lcd_driver/LCD.o
 .debug_macro   0x0000000000000000       0x29 HAl/lcd_driver/LCD.o
 .debug_macro   0x0000000000000000       0xef HAl/lcd_driver/LCD.o
 .debug_macro   0x0000000000000000       0x6a HAl/lcd_driver/LCD.o
 .debug_macro   0x0000000000000000      0x1df HAl/lcd_driver/LCD.o
 .debug_macro   0x0000000000000000      0x140 HAl/lcd_driver/LCD.o
 .debug_macro   0x0000000000000000       0xd0 HAl/lcd_driver/LCD.o
 .debug_macro   0x0000000000000000       0x8e HAl/lcd_driver/LCD.o
 .debug_line    0x0000000000000000      0x739 HAl/lcd_driver/LCD.o
 .debug_str     0x0000000000000000     0x7ead HAl/lcd_driver/LCD.o
 .comment       0x0000000000000000       0x7c HAl/lcd_driver/LCD.o
 .debug_frame   0x0000000000000000      0x170 HAl/lcd_driver/LCD.o
 .ARM.attributes
                0x0000000000000000       0x33 HAl/lcd_driver/LCD.o
 .group         0x0000000000000000        0xc Src/main.o
 .group         0x0000000000000000        0xc Src/main.o
 .group         0x0000000000000000        0xc Src/main.o
 .group         0x0000000000000000        0xc Src/main.o
 .group         0x0000000000000000        0xc Src/main.o
 .group         0x0000000000000000        0xc Src/main.o
 .group         0x0000000000000000        0xc Src/main.o
 .group         0x0000000000000000        0xc Src/main.o
 .group         0x0000000000000000        0xc Src/main.o
 .group         0x0000000000000000        0xc Src/main.o
 .group         0x0000000000000000        0xc Src/main.o
 .group         0x0000000000000000        0xc Src/main.o
 .group         0x0000000000000000        0xc Src/main.o
 .group         0x0000000000000000        0xc Src/main.o
 .group         0x0000000000000000        0xc Src/main.o
 .group         0x0000000000000000        0xc Src/main.o
 .group         0x0000000000000000        0xc Src/main.o
 .group         0x0000000000000000        0xc Src/main.o
 .group         0x0000000000000000        0xc Src/main.o
 .group         0x0000000000000000        0xc Src/main.o
 .group         0x0000000000000000        0xc Src/main.o
 .group         0x0000000000000000        0xc Src/main.o
 .group         0x0000000000000000        0xc Src/main.o
 .group         0x0000000000000000        0xc Src/main.o
 .group         0x0000000000000000        0xc Src/main.o
 .group         0x0000000000000000        0xc Src/main.o
 .text          0x0000000000000000        0x0 Src/main.o
 .data          0x0000000000000000        0x0 Src/main.o
 .bss           0x0000000000000000        0x0 Src/main.o
 .debug_macro   0x0000000000000000      0xa60 Src/main.o
 .debug_macro   0x0000000000000000       0x18 Src/main.o
 .debug_macro   0x0000000000000000       0x22 Src/main.o
 .debug_macro   0x0000000000000000       0x40 Src/main.o
 .debug_macro   0x0000000000000000       0x94 Src/main.o
 .debug_macro   0x0000000000000000       0x3c Src/main.o
 .debug_macro   0x0000000000000000       0x34 Src/main.o
 .debug_macro   0x0000000000000000       0x16 Src/main.o
 .debug_macro   0x0000000000000000      0x10e Src/main.o
 .debug_macro   0x0000000000000000       0x8d Src/main.o
 .debug_macro   0x0000000000000000       0x57 Src/main.o
 .debug_macro   0x0000000000000000       0x52 Src/main.o
 .debug_macro   0x0000000000000000       0x1f Src/main.o
 .debug_macro   0x0000000000000000       0x43 Src/main.o
 .debug_macro   0x0000000000000000       0x20 Src/main.o
 .debug_macro   0x0000000000000000      0x1a3 Src/main.o
 .debug_macro   0x0000000000000000      0x330 Src/main.o
 .debug_macro   0x0000000000000000       0x16 Src/main.o
 .debug_macro   0x0000000000000000       0x29 Src/main.o
 .debug_macro   0x0000000000000000       0xef Src/main.o
 .debug_macro   0x0000000000000000       0x6a Src/main.o
 .debug_macro   0x0000000000000000      0x1df Src/main.o
 .debug_macro   0x0000000000000000      0x140 Src/main.o
 .debug_macro   0x0000000000000000       0xd0 Src/main.o
 .group         0x0000000000000000        0xc Src/syscalls.o
 .group         0x0000000000000000        0xc Src/syscalls.o
 .group         0x0000000000000000        0xc Src/syscalls.o
 .group         0x0000000000000000        0xc Src/syscalls.o
 .group         0x0000000000000000        0xc Src/syscalls.o
 .group         0x0000000000000000        0xc Src/syscalls.o
 .group         0x0000000000000000        0xc Src/syscalls.o
 .group         0x0000000000000000        0xc Src/syscalls.o
 .group         0x0000000000000000        0xc Src/syscalls.o
 .group         0x0000000000000000        0xc Src/syscalls.o
 .group         0x0000000000000000        0xc Src/syscalls.o
 .group         0x0000000000000000        0xc Src/syscalls.o
 .group         0x0000000000000000        0xc Src/syscalls.o
 .group         0x0000000000000000        0xc Src/syscalls.o
 .group         0x0000000000000000        0xc Src/syscalls.o
 .group         0x0000000000000000        0xc Src/syscalls.o
 .group         0x0000000000000000        0xc Src/syscalls.o
 .group         0x0000000000000000        0xc Src/syscalls.o
 .group         0x0000000000000000        0xc Src/syscalls.o
 .group         0x0000000000000000        0xc Src/syscalls.o
 .group         0x0000000000000000        0xc Src/syscalls.o
 .group         0x0000000000000000        0xc Src/syscalls.o
 .group         0x0000000000000000        0xc Src/syscalls.o
 .group         0x0000000000000000        0xc Src/syscalls.o
 .group         0x0000000000000000        0xc Src/syscalls.o
 .group         0x0000000000000000        0xc Src/syscalls.o
 .group         0x0000000000000000        0xc Src/syscalls.o
 .group         0x0000000000000000        0xc Src/syscalls.o
 .group         0x0000000000000000        0xc Src/syscalls.o
 .group         0x0000000000000000        0xc Src/syscalls.o
 .group         0x0000000000000000        0xc Src/syscalls.o
 .group         0x0000000000000000        0xc Src/syscalls.o
 .group         0x0000000000000000        0xc Src/syscalls.o
 .group         0x0000000000000000        0xc Src/syscalls.o
 .group         0x0000000000000000        0xc Src/syscalls.o
 .group         0x0000000000000000        0xc Src/syscalls.o
 .group         0x0000000000000000        0xc Src/syscalls.o
 .group         0x0000000000000000        0xc Src/syscalls.o
 .group         0x0000000000000000        0xc Src/syscalls.o
 .group         0x0000000000000000        0xc Src/syscalls.o
 .group         0x0000000000000000        0xc Src/syscalls.o
 .group         0x0000000000000000        0xc Src/syscalls.o
 .group         0x0000000000000000        0xc Src/syscalls.o
 .group         0x0000000000000000        0xc Src/syscalls.o
 .text          0x0000000000000000        0x0 Src/syscalls.o
 .data          0x0000000000000000        0x0 Src/syscalls.o
 .bss           0x0000000000000000        0x0 Src/syscalls.o
 .bss.__env     0x0000000000000000        0x4 Src/syscalls.o
 .data.environ  0x0000000000000000        0x4 Src/syscalls.o
 .text.initialise_monitor_handles
                0x0000000000000000        0xc Src/syscalls.o
 .text._getpid  0x0000000000000000        0xe Src/syscalls.o
 .text._kill    0x0000000000000000       0x20 Src/syscalls.o
 .text._exit    0x0000000000000000       0x14 Src/syscalls.o
 .text._read    0x0000000000000000       0x3a Src/syscalls.o
 .text._write   0x0000000000000000       0x38 Src/syscalls.o
 .text._close   0x0000000000000000       0x16 Src/syscalls.o
 .text._fstat   0x0000000000000000       0x1e Src/syscalls.o
 .text._isatty  0x0000000000000000       0x14 Src/syscalls.o
 .text._lseek   0x0000000000000000       0x18 Src/syscalls.o
 .text._open    0x0000000000000000       0x1a Src/syscalls.o
 .text._wait    0x0000000000000000       0x1e Src/syscalls.o
 .text._unlink  0x0000000000000000       0x1e Src/syscalls.o
 .text._times   0x0000000000000000       0x16 Src/syscalls.o
 .text._stat    0x0000000000000000       0x1e Src/syscalls.o
 .text._link    0x0000000000000000       0x20 Src/syscalls.o
 .text._fork    0x0000000000000000       0x16 Src/syscalls.o
 .text._execve  0x0000000000000000       0x22 Src/syscalls.o
 .debug_info    0x0000000000000000     0x1038 Src/syscalls.o
 .debug_abbrev  0x0000000000000000      0x254 Src/syscalls.o
 .debug_loc     0x0000000000000000      0x5b8 Src/syscalls.o
 .debug_aranges
                0x0000000000000000       0xa8 Src/syscalls.o
 .debug_ranges  0x0000000000000000       0x98 Src/syscalls.o
 .debug_macro   0x0000000000000000      0x243 Src/syscalls.o
 .debug_macro   0x0000000000000000      0xa60 Src/syscalls.o
 .debug_macro   0x0000000000000000       0x22 Src/syscalls.o
 .debug_macro   0x0000000000000000       0x40 Src/syscalls.o
 .debug_macro   0x0000000000000000       0x18 Src/syscalls.o
 .debug_macro   0x0000000000000000       0x94 Src/syscalls.o
 .debug_macro   0x0000000000000000       0x3c Src/syscalls.o
 .debug_macro   0x0000000000000000       0x34 Src/syscalls.o
 .debug_macro   0x0000000000000000       0x57 Src/syscalls.o
 .debug_macro   0x0000000000000000      0x174 Src/syscalls.o
 .debug_macro   0x0000000000000000      0x330 Src/syscalls.o
 .debug_macro   0x0000000000000000       0x52 Src/syscalls.o
 .debug_macro   0x0000000000000000       0x1f Src/syscalls.o
 .debug_macro   0x0000000000000000       0x43 Src/syscalls.o
 .debug_macro   0x0000000000000000       0x20 Src/syscalls.o
 .debug_macro   0x0000000000000000      0x1a3 Src/syscalls.o
 .debug_macro   0x0000000000000000       0x10 Src/syscalls.o
 .debug_macro   0x0000000000000000       0x35 Src/syscalls.o
 .debug_macro   0x0000000000000000       0x10 Src/syscalls.o
 .debug_macro   0x0000000000000000       0x10 Src/syscalls.o
 .debug_macro   0x0000000000000000       0x10 Src/syscalls.o
 .debug_macro   0x0000000000000000       0x6a Src/syscalls.o
 .debug_macro   0x0000000000000000       0x1c Src/syscalls.o
 .debug_macro   0x0000000000000000       0x52 Src/syscalls.o
 .debug_macro   0x0000000000000000       0x40 Src/syscalls.o
 .debug_macro   0x0000000000000000       0x10 Src/syscalls.o
 .debug_macro   0x0000000000000000       0x40 Src/syscalls.o
 .debug_macro   0x0000000000000000       0xd7 Src/syscalls.o
 .debug_macro   0x0000000000000000       0x1c Src/syscalls.o
 .debug_macro   0x0000000000000000       0x3d Src/syscalls.o
 .debug_macro   0x0000000000000000       0x35 Src/syscalls.o
 .debug_macro   0x0000000000000000      0x122 Src/syscalls.o
 .debug_macro   0x0000000000000000       0x16 Src/syscalls.o
 .debug_macro   0x0000000000000000       0x16 Src/syscalls.o
 .debug_macro   0x0000000000000000       0x29 Src/syscalls.o
 .debug_macro   0x0000000000000000       0x10 Src/syscalls.o
 .debug_macro   0x0000000000000000      0x241 Src/syscalls.o
 .debug_macro   0x0000000000000000       0x1c Src/syscalls.o
 .debug_macro   0x0000000000000000       0x10 Src/syscalls.o
 .debug_macro   0x0000000000000000       0x10 Src/syscalls.o
 .debug_macro   0x0000000000000000       0x16 Src/syscalls.o
 .debug_macro   0x0000000000000000      0x145 Src/syscalls.o
 .debug_macro   0x0000000000000000      0x189 Src/syscalls.o
 .debug_macro   0x0000000000000000       0x16 Src/syscalls.o
 .debug_macro   0x0000000000000000       0x88 Src/syscalls.o
 .debug_line    0x0000000000000000      0x739 Src/syscalls.o
 .debug_str     0x0000000000000000     0x88ac Src/syscalls.o
 .comment       0x0000000000000000       0x7c Src/syscalls.o
 .debug_frame   0x0000000000000000      0x2ac Src/syscalls.o
 .ARM.attributes
                0x0000000000000000       0x33 Src/syscalls.o
 .group         0x0000000000000000        0xc Src/sysmem.o
 .group         0x0000000000000000        0xc Src/sysmem.o
 .group         0x0000000000000000        0xc Src/sysmem.o
 .group         0x0000000000000000        0xc Src/sysmem.o
 .group         0x0000000000000000        0xc Src/sysmem.o
 .group         0x0000000000000000        0xc Src/sysmem.o
 .group         0x0000000000000000        0xc Src/sysmem.o
 .group         0x0000000000000000        0xc Src/sysmem.o
 .group         0x0000000000000000        0xc Src/sysmem.o
 .group         0x0000000000000000        0xc Src/sysmem.o
 .group         0x0000000000000000        0xc Src/sysmem.o
 .group         0x0000000000000000        0xc Src/sysmem.o
 .group         0x0000000000000000        0xc Src/sysmem.o
 .group         0x0000000000000000        0xc Src/sysmem.o
 .group         0x0000000000000000        0xc Src/sysmem.o
 .group         0x0000000000000000        0xc Src/sysmem.o
 .group         0x0000000000000000        0xc Src/sysmem.o
 .group         0x0000000000000000        0xc Src/sysmem.o
 .group         0x0000000000000000        0xc Src/sysmem.o
 .text          0x0000000000000000        0x0 Src/sysmem.o
 .data          0x0000000000000000        0x0 Src/sysmem.o
 .bss           0x0000000000000000        0x0 Src/sysmem.o
 .bss.__sbrk_heap_end
                0x0000000000000000        0x4 Src/sysmem.o
 .text._sbrk    0x0000000000000000       0x6c Src/sysmem.o
 .debug_info    0x0000000000000000      0xa7c Src/sysmem.o
 .debug_abbrev  0x0000000000000000      0x18e Src/sysmem.o
 .debug_loc     0x0000000000000000       0x50 Src/sysmem.o
 .debug_aranges
                0x0000000000000000       0x20 Src/sysmem.o
 .debug_ranges  0x0000000000000000       0x10 Src/sysmem.o
 .debug_macro   0x0000000000000000       0xee Src/sysmem.o
 .debug_macro   0x0000000000000000      0xa60 Src/sysmem.o
 .debug_macro   0x0000000000000000       0x10 Src/sysmem.o
 .debug_macro   0x0000000000000000       0x22 Src/sysmem.o
 .debug_macro   0x0000000000000000       0x40 Src/sysmem.o
 .debug_macro   0x0000000000000000       0x18 Src/sysmem.o
 .debug_macro   0x0000000000000000       0x94 Src/sysmem.o
 .debug_macro   0x0000000000000000       0x3c Src/sysmem.o
 .debug_macro   0x0000000000000000       0x34 Src/sysmem.o
 .debug_macro   0x0000000000000000      0x174 Src/sysmem.o
 .debug_macro   0x0000000000000000       0x57 Src/sysmem.o
 .debug_macro   0x0000000000000000       0x52 Src/sysmem.o
 .debug_macro   0x0000000000000000       0x1f Src/sysmem.o
 .debug_macro   0x0000000000000000       0x43 Src/sysmem.o
 .debug_macro   0x0000000000000000       0x20 Src/sysmem.o
 .debug_macro   0x0000000000000000      0x1a3 Src/sysmem.o
 .debug_macro   0x0000000000000000      0x23b Src/sysmem.o
 .debug_macro   0x0000000000000000       0xef Src/sysmem.o
 .debug_macro   0x0000000000000000       0x6a Src/sysmem.o
 .debug_macro   0x0000000000000000      0x1df Src/sysmem.o
 .debug_line    0x0000000000000000      0x4c2 Src/sysmem.o
 .debug_str     0x0000000000000000     0x5f7a Src/sysmem.o
 .comment       0x0000000000000000       0x7c Src/sysmem.o
 .debug_frame   0x0000000000000000       0x34 Src/sysmem.o
 .ARM.attributes
                0x0000000000000000       0x33 Src/sysmem.o
 .text          0x0000000000000000       0x14 Startup/startup_stm32f103c6tx.o
 .data          0x0000000000000000        0x0 Startup/startup_stm32f103c6tx.o
 .bss           0x0000000000000000        0x0 Startup/startup_stm32f103c6tx.o
 .group         0x0000000000000000        0xc stm32_f103c6_drivers/GPIO/stm32_f103c6_Driver.o
 .group         0x0000000000000000        0xc stm32_f103c6_drivers/GPIO/stm32_f103c6_Driver.o
 .group         0x0000000000000000        0xc stm32_f103c6_drivers/GPIO/stm32_f103c6_Driver.o
 .group         0x0000000000000000        0xc stm32_f103c6_drivers/GPIO/stm32_f103c6_Driver.o
 .group         0x0000000000000000        0xc stm32_f103c6_drivers/GPIO/stm32_f103c6_Driver.o
 .group         0x0000000000000000        0xc stm32_f103c6_drivers/GPIO/stm32_f103c6_Driver.o
 .group         0x0000000000000000        0xc stm32_f103c6_drivers/GPIO/stm32_f103c6_Driver.o
 .group         0x0000000000000000        0xc stm32_f103c6_drivers/GPIO/stm32_f103c6_Driver.o
 .group         0x0000000000000000        0xc stm32_f103c6_drivers/GPIO/stm32_f103c6_Driver.o
 .group         0x0000000000000000        0xc stm32_f103c6_drivers/GPIO/stm32_f103c6_Driver.o
 .group         0x0000000000000000        0xc stm32_f103c6_drivers/GPIO/stm32_f103c6_Driver.o
 .group         0x0000000000000000        0xc stm32_f103c6_drivers/GPIO/stm32_f103c6_Driver.o
 .group         0x0000000000000000        0xc stm32_f103c6_drivers/GPIO/stm32_f103c6_Driver.o
 .group         0x0000000000000000        0xc stm32_f103c6_drivers/GPIO/stm32_f103c6_Driver.o
 .group         0x0000000000000000        0xc stm32_f103c6_drivers/GPIO/stm32_f103c6_Driver.o
 .group         0x0000000000000000        0xc stm32_f103c6_drivers/GPIO/stm32_f103c6_Driver.o
 .group         0x0000000000000000        0xc stm32_f103c6_drivers/GPIO/stm32_f103c6_Driver.o
 .group         0x0000000000000000        0xc stm32_f103c6_drivers/GPIO/stm32_f103c6_Driver.o
 .group         0x0000000000000000        0xc stm32_f103c6_drivers/GPIO/stm32_f103c6_Driver.o
 .group         0x0000000000000000        0xc stm32_f103c6_drivers/GPIO/stm32_f103c6_Driver.o
 .group         0x0000000000000000        0xc stm32_f103c6_drivers/GPIO/stm32_f103c6_Driver.o
 .group         0x0000000000000000        0xc stm32_f103c6_drivers/GPIO/stm32_f103c6_Driver.o
 .group         0x0000000000000000        0xc stm32_f103c6_drivers/GPIO/stm32_f103c6_Driver.o
 .group         0x0000000000000000        0xc stm32_f103c6_drivers/GPIO/stm32_f103c6_Driver.o
 .text          0x0000000000000000        0x0 stm32_f103c6_drivers/GPIO/stm32_f103c6_Driver.o
 .data          0x0000000000000000        0x0 stm32_f103c6_drivers/GPIO/stm32_f103c6_Driver.o
 .bss           0x0000000000000000        0x0 stm32_f103c6_drivers/GPIO/stm32_f103c6_Driver.o
 .text.MCAL_GPIO_DeInit
                0x0000000000000000       0xc8 stm32_f103c6_drivers/GPIO/stm32_f103c6_Driver.o
 .text.MCAL_GPIO_ReadPin
                0x0000000000000000       0x2e stm32_f103c6_drivers/GPIO/stm32_f103c6_Driver.o
 .text.MCAL_GPIO_ReadPort
                0x0000000000000000       0x1a stm32_f103c6_drivers/GPIO/stm32_f103c6_Driver.o
 .text.MCAL_GPIO_WritePort
                0x0000000000000000       0x1c stm32_f103c6_drivers/GPIO/stm32_f103c6_Driver.o
 .text.MCAL_GPIO_TogglePin
                0x0000000000000000       0x22 stm32_f103c6_drivers/GPIO/stm32_f103c6_Driver.o
 .text.MCAL_GPIO_LockPin
                0x0000000000000000       0x5a stm32_f103c6_drivers/GPIO/stm32_f103c6_Driver.o
 .debug_macro   0x0000000000000000      0xa60 stm32_f103c6_drivers/GPIO/stm32_f103c6_Driver.o
 .debug_macro   0x0000000000000000       0x18 stm32_f103c6_drivers/GPIO/stm32_f103c6_Driver.o
 .debug_macro   0x0000000000000000       0x22 stm32_f103c6_drivers/GPIO/stm32_f103c6_Driver.o
 .debug_macro   0x0000000000000000       0x40 stm32_f103c6_drivers/GPIO/stm32_f103c6_Driver.o
 .debug_macro   0x0000000000000000       0x94 stm32_f103c6_drivers/GPIO/stm32_f103c6_Driver.o
 .debug_macro   0x0000000000000000       0x3c stm32_f103c6_drivers/GPIO/stm32_f103c6_Driver.o
 .debug_macro   0x0000000000000000       0x34 stm32_f103c6_drivers/GPIO/stm32_f103c6_Driver.o
 .debug_macro   0x0000000000000000       0x16 stm32_f103c6_drivers/GPIO/stm32_f103c6_Driver.o
 .debug_macro   0x0000000000000000      0x10e stm32_f103c6_drivers/GPIO/stm32_f103c6_Driver.o
 .debug_macro   0x0000000000000000       0x8d stm32_f103c6_drivers/GPIO/stm32_f103c6_Driver.o
 .debug_macro   0x0000000000000000       0x57 stm32_f103c6_drivers/GPIO/stm32_f103c6_Driver.o
 .debug_macro   0x0000000000000000       0x52 stm32_f103c6_drivers/GPIO/stm32_f103c6_Driver.o
 .debug_macro   0x0000000000000000       0x1f stm32_f103c6_drivers/GPIO/stm32_f103c6_Driver.o
 .debug_macro   0x0000000000000000       0x43 stm32_f103c6_drivers/GPIO/stm32_f103c6_Driver.o
 .debug_macro   0x0000000000000000       0x20 stm32_f103c6_drivers/GPIO/stm32_f103c6_Driver.o
 .debug_macro   0x0000000000000000      0x1a3 stm32_f103c6_drivers/GPIO/stm32_f103c6_Driver.o
 .debug_macro   0x0000000000000000      0x330 stm32_f103c6_drivers/GPIO/stm32_f103c6_Driver.o
 .debug_macro   0x0000000000000000       0x16 stm32_f103c6_drivers/GPIO/stm32_f103c6_Driver.o
 .debug_macro   0x0000000000000000       0x29 stm32_f103c6_drivers/GPIO/stm32_f103c6_Driver.o
 .debug_macro   0x0000000000000000       0xef stm32_f103c6_drivers/GPIO/stm32_f103c6_Driver.o
 .debug_macro   0x0000000000000000       0x6a stm32_f103c6_drivers/GPIO/stm32_f103c6_Driver.o
 .debug_macro   0x0000000000000000      0x1df stm32_f103c6_drivers/GPIO/stm32_f103c6_Driver.o
 .debug_macro   0x0000000000000000      0x140 stm32_f103c6_drivers/GPIO/stm32_f103c6_Driver.o
 .debug_macro   0x0000000000000000       0xd0 stm32_f103c6_drivers/GPIO/stm32_f103c6_Driver.o
 .group         0x0000000000000000        0xc stm32_f103c6_drivers/Timers/TIM.o
 .group         0x0000000000000000        0xc stm32_f103c6_drivers/Timers/TIM.o
 .group         0x0000000000000000        0xc stm32_f103c6_drivers/Timers/TIM.o
 .group         0x0000000000000000        0xc stm32_f103c6_drivers/Timers/TIM.o
 .group         0x0000000000000000        0xc stm32_f103c6_drivers/Timers/TIM.o
 .group         0x0000000000000000        0xc stm32_f103c6_drivers/Timers/TIM.o
 .group         0x0000000000000000        0xc stm32_f103c6_drivers/Timers/TIM.o
 .group         0x0000000000000000        0xc stm32_f103c6_drivers/Timers/TIM.o
 .group         0x0000000000000000        0xc stm32_f103c6_drivers/Timers/TIM.o
 .group         0x0000000000000000        0xc stm32_f103c6_drivers/Timers/TIM.o
 .group         0x0000000000000000        0xc stm32_f103c6_drivers/Timers/TIM.o
 .group         0x0000000000000000        0xc stm32_f103c6_drivers/Timers/TIM.o
 .group         0x0000000000000000        0xc stm32_f103c6_drivers/Timers/TIM.o
 .group         0x0000000000000000        0xc stm32_f103c6_drivers/Timers/TIM.o
 .group         0x0000000000000000        0xc stm32_f103c6_drivers/Timers/TIM.o
 .group         0x0000000000000000        0xc stm32_f103c6_drivers/Timers/TIM.o
 .group         0x0000000000000000        0xc stm32_f103c6_drivers/Timers/TIM.o
 .group         0x0000000000000000        0xc stm32_f103c6_drivers/Timers/TIM.o
 .group         0x0000000000000000        0xc stm32_f103c6_drivers/Timers/TIM.o
 .group         0x0000000000000000        0xc stm32_f103c6_drivers/Timers/TIM.o
 .group         0x0000000000000000        0xc stm32_f103c6_drivers/Timers/TIM.o
 .group         0x0000000000000000        0xc stm32_f103c6_drivers/Timers/TIM.o
 .group         0x0000000000000000        0xc stm32_f103c6_drivers/Timers/TIM.o
 .text          0x0000000000000000        0x0 stm32_f103c6_drivers/Timers/TIM.o
 .data          0x0000000000000000        0x0 stm32_f103c6_drivers/Timers/TIM.o
 .bss           0x0000000000000000        0x0 stm32_f103c6_drivers/Timers/TIM.o
 .debug_macro   0x0000000000000000      0xa60 stm32_f103c6_drivers/Timers/TIM.o
 .debug_macro   0x0000000000000000       0x18 stm32_f103c6_drivers/Timers/TIM.o
 .debug_macro   0x0000000000000000       0x22 stm32_f103c6_drivers/Timers/TIM.o
 .debug_macro   0x0000000000000000       0x40 stm32_f103c6_drivers/Timers/TIM.o
 .debug_macro   0x0000000000000000       0x94 stm32_f103c6_drivers/Timers/TIM.o
 .debug_macro   0x0000000000000000       0x3c stm32_f103c6_drivers/Timers/TIM.o
 .debug_macro   0x0000000000000000       0x34 stm32_f103c6_drivers/Timers/TIM.o
 .debug_macro   0x0000000000000000       0x16 stm32_f103c6_drivers/Timers/TIM.o
 .debug_macro   0x0000000000000000      0x10e stm32_f103c6_drivers/Timers/TIM.o
 .debug_macro   0x0000000000000000       0x8d stm32_f103c6_drivers/Timers/TIM.o
 .debug_macro   0x0000000000000000       0x57 stm32_f103c6_drivers/Timers/TIM.o
 .debug_macro   0x0000000000000000       0x52 stm32_f103c6_drivers/Timers/TIM.o
 .debug_macro   0x0000000000000000       0x1f stm32_f103c6_drivers/Timers/TIM.o
 .debug_macro   0x0000000000000000       0x43 stm32_f103c6_drivers/Timers/TIM.o
 .debug_macro   0x0000000000000000       0x20 stm32_f103c6_drivers/Timers/TIM.o
 .debug_macro   0x0000000000000000      0x1a3 stm32_f103c6_drivers/Timers/TIM.o
 .debug_macro   0x0000000000000000      0x330 stm32_f103c6_drivers/Timers/TIM.o
 .debug_macro   0x0000000000000000       0x16 stm32_f103c6_drivers/Timers/TIM.o
 .debug_macro   0x0000000000000000       0x29 stm32_f103c6_drivers/Timers/TIM.o
 .debug_macro   0x0000000000000000       0xef stm32_f103c6_drivers/Timers/TIM.o
 .debug_macro   0x0000000000000000       0x6a stm32_f103c6_drivers/Timers/TIM.o
 .debug_macro   0x0000000000000000      0x1df stm32_f103c6_drivers/Timers/TIM.o
 .debug_macro   0x0000000000000000      0x140 stm32_f103c6_drivers/Timers/TIM.o
 .text          0x0000000000000000        0x0 c:/st/stm32cubeide_1.4.0/stm32cubeide/plugins/com.st.stm32cube.ide.mcu.externaltools.gnu-tools-for-stm32.7-2018-q2-update.win32_1.4.0.202007081208/tools/bin/../lib/gcc/arm-none-eabi/7.3.1/../../../../arm-none-eabi/lib/thumb/v7-m\libc_nano.a(lib_a-errno.o)
 .data          0x0000000000000000        0x0 c:/st/stm32cubeide_1.4.0/stm32cubeide/plugins/com.st.stm32cube.ide.mcu.externaltools.gnu-tools-for-stm32.7-2018-q2-update.win32_1.4.0.202007081208/tools/bin/../lib/gcc/arm-none-eabi/7.3.1/../../../../arm-none-eabi/lib/thumb/v7-m\libc_nano.a(lib_a-errno.o)
 .bss           0x0000000000000000        0x0 c:/st/stm32cubeide_1.4.0/stm32cubeide/plugins/com.st.stm32cube.ide.mcu.externaltools.gnu-tools-for-stm32.7-2018-q2-update.win32_1.4.0.202007081208/tools/bin/../lib/gcc/arm-none-eabi/7.3.1/../../../../arm-none-eabi/lib/thumb/v7-m\libc_nano.a(lib_a-errno.o)
 .text.__errno  0x0000000000000000        0xc c:/st/stm32cubeide_1.4.0/stm32cubeide/plugins/com.st.stm32cube.ide.mcu.externaltools.gnu-tools-for-stm32.7-2018-q2-update.win32_1.4.0.202007081208/tools/bin/../lib/gcc/arm-none-eabi/7.3.1/../../../../arm-none-eabi/lib/thumb/v7-m\libc_nano.a(lib_a-errno.o)
 .debug_frame   0x0000000000000000       0x20 c:/st/stm32cubeide_1.4.0/stm32cubeide/plugins/com.st.stm32cube.ide.mcu.externaltools.gnu-tools-for-stm32.7-2018-q2-update.win32_1.4.0.202007081208/tools/bin/../lib/gcc/arm-none-eabi/7.3.1/../../../../arm-none-eabi/lib/thumb/v7-m\libc_nano.a(lib_a-errno.o)
 .ARM.attributes
                0x0000000000000000       0x2d c:/st/stm32cubeide_1.4.0/stm32cubeide/plugins/com.st.stm32cube.ide.mcu.externaltools.gnu-tools-for-stm32.7-2018-q2-update.win32_1.4.0.202007081208/tools/bin/../lib/gcc/arm-none-eabi/7.3.1/../../../../arm-none-eabi/lib/thumb/v7-m\libc_nano.a(lib_a-errno.o)
 .text          0x0000000000000000        0x0 c:/st/stm32cubeide_1.4.0/stm32cubeide/plugins/com.st.stm32cube.ide.mcu.externaltools.gnu-tools-for-stm32.7-2018-q2-update.win32_1.4.0.202007081208/tools/bin/../lib/gcc/arm-none-eabi/7.3.1/../../../../arm-none-eabi/lib/thumb/v7-m\libc_nano.a(lib_a-exit.o)
 .data          0x0000000000000000        0x0 c:/st/stm32cubeide_1.4.0/stm32cubeide/plugins/com.st.stm32cube.ide.mcu.externaltools.gnu-tools-for-stm32.7-2018-q2-update.win32_1.4.0.202007081208/tools/bin/../lib/gcc/arm-none-eabi/7.3.1/../../../../arm-none-eabi/lib/thumb/v7-m\libc_nano.a(lib_a-exit.o)
 .bss           0x0000000000000000        0x0 c:/st/stm32cubeide_1.4.0/stm32cubeide/plugins/com.st.stm32cube.ide.mcu.externaltools.gnu-tools-for-stm32.7-2018-q2-update.win32_1.4.0.202007081208/tools/bin/../lib/gcc/arm-none-eabi/7.3.1/../../../../arm-none-eabi/lib/thumb/v7-m\libc_nano.a(lib_a-exit.o)
 .text.exit     0x0000000000000000       0x28 c:/st/stm32cubeide_1.4.0/stm32cubeide/plugins/com.st.stm32cube.ide.mcu.externaltools.gnu-tools-for-stm32.7-2018-q2-update.win32_1.4.0.202007081208/tools/bin/../lib/gcc/arm-none-eabi/7.3.1/../../../../arm-none-eabi/lib/thumb/v7-m\libc_nano.a(lib_a-exit.o)
 .debug_frame   0x0000000000000000       0x28 c:/st/stm32cubeide_1.4.0/stm32cubeide/plugins/com.st.stm32cube.ide.mcu.externaltools.gnu-tools-for-stm32.7-2018-q2-update.win32_1.4.0.202007081208/tools/bin/../lib/gcc/arm-none-eabi/7.3.1/../../../../arm-none-eabi/lib/thumb/v7-m\libc_nano.a(lib_a-exit.o)
 .ARM.attributes
                0x0000000000000000       0x2d c:/st/stm32cubeide_1.4.0/stm32cubeide/plugins/com.st.stm32cube.ide.mcu.externaltools.gnu-tools-for-stm32.7-2018-q2-update.win32_1.4.0.202007081208/tools/bin/../lib/gcc/arm-none-eabi/7.3.1/../../../../arm-none-eabi/lib/thumb/v7-m\libc_nano.a(lib_a-exit.o)
 .text          0x0000000000000000        0x0 c:/st/stm32cubeide_1.4.0/stm32cubeide/plugins/com.st.stm32cube.ide.mcu.externaltools.gnu-tools-for-stm32.7-2018-q2-update.win32_1.4.0.202007081208/tools/bin/../lib/gcc/arm-none-eabi/7.3.1/../../../../arm-none-eabi/lib/thumb/v7-m\libc_nano.a(lib_a-impure.o)
 .data          0x0000000000000000        0x0 c:/st/stm32cubeide_1.4.0/stm32cubeide/plugins/com.st.stm32cube.ide.mcu.externaltools.gnu-tools-for-stm32.7-2018-q2-update.win32_1.4.0.202007081208/tools/bin/../lib/gcc/arm-none-eabi/7.3.1/../../../../arm-none-eabi/lib/thumb/v7-m\libc_nano.a(lib_a-impure.o)
 .bss           0x0000000000000000        0x0 c:/st/stm32cubeide_1.4.0/stm32cubeide/plugins/com.st.stm32cube.ide.mcu.externaltools.gnu-tools-for-stm32.7-2018-q2-update.win32_1.4.0.202007081208/tools/bin/../lib/gcc/arm-none-eabi/7.3.1/../../../../arm-none-eabi/lib/thumb/v7-m\libc_nano.a(lib_a-impure.o)
 .data._impure_ptr
                0x0000000000000000        0x4 c:/st/stm32cubeide_1.4.0/stm32cubeide/plugins/com.st.stm32cube.ide.mcu.externaltools.gnu-tools-for-stm32.7-2018-q2-update.win32_1.4.0.202007081208/tools/bin/../lib/gcc/arm-none-eabi/7.3.1/../../../../arm-none-eabi/lib/thumb/v7-m\libc_nano.a(lib_a-impure.o)
 .data.impure_data
                0x0000000000000000       0x60 c:/st/stm32cubeide_1.4.0/stm32cubeide/plugins/com.st.stm32cube.ide.mcu.externaltools.gnu-tools-for-stm32.7-2018-q2-update.win32_1.4.0.202007081208/tools/bin/../lib/gcc/arm-none-eabi/7.3.1/../../../../arm-none-eabi/lib/thumb/v7-m\libc_nano.a(lib_a-impure.o)
 .rodata._global_impure_ptr
                0x0000000000000000        0x4 c:/st/stm32cubeide_1.4.0/stm32cubeide/plugins/com.st.stm32cube.ide.mcu.externaltools.gnu-tools-for-stm32.7-2018-q2-update.win32_1.4.0.202007081208/tools/bin/../lib/gcc/arm-none-eabi/7.3.1/../../../../arm-none-eabi/lib/thumb/v7-m\libc_nano.a(lib_a-impure.o)
 .ARM.attributes
                0x0000000000000000       0x2d c:/st/stm32cubeide_1.4.0/stm32cubeide/plugins/com.st.stm32cube.ide.mcu.externaltools.gnu-tools-for-stm32.7-2018-q2-update.win32_1.4.0.202007081208/tools/bin/../lib/gcc/arm-none-eabi/7.3.1/../../../../arm-none-eabi/lib/thumb/v7-m\libc_nano.a(lib_a-impure.o)
 .text          0x0000000000000000        0x0 c:/st/stm32cubeide_1.4.0/stm32cubeide/plugins/com.st.stm32cube.ide.mcu.externaltools.gnu-tools-for-stm32.7-2018-q2-update.win32_1.4.0.202007081208/tools/bin/../lib/gcc/arm-none-eabi/7.3.1/../../../../arm-none-eabi/lib/thumb/v7-m\libc_nano.a(lib_a-init.o)
 .data          0x0000000000000000        0x0 c:/st/stm32cubeide_1.4.0/stm32cubeide/plugins/com.st.stm32cube.ide.mcu.externaltools.gnu-tools-for-stm32.7-2018-q2-update.win32_1.4.0.202007081208/tools/bin/../lib/gcc/arm-none-eabi/7.3.1/../../../../arm-none-eabi/lib/thumb/v7-m\libc_nano.a(lib_a-init.o)
 .bss           0x0000000000000000        0x0 c:/st/stm32cubeide_1.4.0/stm32cubeide/plugins/com.st.stm32cube.ide.mcu.externaltools.gnu-tools-for-stm32.7-2018-q2-update.win32_1.4.0.202007081208/tools/bin/../lib/gcc/arm-none-eabi/7.3.1/../../../../arm-none-eabi/lib/thumb/v7-m\libc_nano.a(lib_a-init.o)
 .text          0x0000000000000000        0x0 c:/st/stm32cubeide_1.4.0/stm32cubeide/plugins/com.st.stm32cube.ide.mcu.externaltools.gnu-tools-for-stm32.7-2018-q2-update.win32_1.4.0.202007081208/tools/bin/../lib/gcc/arm-none-eabi/7.3.1/../../../../arm-none-eabi/lib/thumb/v7-m\libc_nano.a(lib_a-memset.o)
 .data          0x0000000000000000        0x0 c:/st/stm32cubeide_1.4.0/stm32cubeide/plugins/com.st.stm32cube.ide.mcu.externaltools.gnu-tools-for-stm32.7-2018-q2-update.win32_1.4.0.202007081208/tools/bin/../lib/gcc/arm-none-eabi/7.3.1/../../../../arm-none-eabi/lib/thumb/v7-m\libc_nano.a(lib_a-memset.o)
 .bss           0x0000000000000000        0x0 c:/st/stm32cubeide_1.4.0/stm32cubeide/plugins/com.st.stm32cube.ide.mcu.externaltools.gnu-tools-for-stm32.7-2018-q2-update.win32_1.4.0.202007081208/tools/bin/../lib/gcc/arm-none-eabi/7.3.1/../../../../arm-none-eabi/lib/thumb/v7-m\libc_nano.a(lib_a-memset.o)
 .text.memset   0x0000000000000000       0x10 c:/st/stm32cubeide_1.4.0/stm32cubeide/plugins/com.st.stm32cube.ide.mcu.externaltools.gnu-tools-for-stm32.7-2018-q2-update.win32_1.4.0.202007081208/tools/bin/../lib/gcc/arm-none-eabi/7.3.1/../../../../arm-none-eabi/lib/thumb/v7-m\libc_nano.a(lib_a-memset.o)
 .debug_frame   0x0000000000000000       0x20 c:/st/stm32cubeide_1.4.0/stm32cubeide/plugins/com.st.stm32cube.ide.mcu.externaltools.gnu-tools-for-stm32.7-2018-q2-update.win32_1.4.0.202007081208/tools/bin/../lib/gcc/arm-none-eabi/7.3.1/../../../../arm-none-eabi/lib/thumb/v7-m\libc_nano.a(lib_a-memset.o)
 .ARM.attributes
                0x0000000000000000       0x2d c:/st/stm32cubeide_1.4.0/stm32cubeide/plugins/com.st.stm32cube.ide.mcu.externaltools.gnu-tools-for-stm32.7-2018-q2-update.win32_1.4.0.202007081208/tools/bin/../lib/gcc/arm-none-eabi/7.3.1/../../../../arm-none-eabi/lib/thumb/v7-m\libc_nano.a(lib_a-memset.o)
 .text          0x0000000000000000        0x0 c:/st/stm32cubeide_1.4.0/stm32cubeide/plugins/com.st.stm32cube.ide.mcu.externaltools.gnu-tools-for-stm32.7-2018-q2-update.win32_1.4.0.202007081208/tools/bin/../lib/gcc/arm-none-eabi/7.3.1/thumb/v7-m/crtend.o
 .data          0x0000000000000000        0x0 c:/st/stm32cubeide_1.4.0/stm32cubeide/plugins/com.st.stm32cube.ide.mcu.externaltools.gnu-tools-for-stm32.7-2018-q2-update.win32_1.4.0.202007081208/tools/bin/../lib/gcc/arm-none-eabi/7.3.1/thumb/v7-m/crtend.o
 .bss           0x0000000000000000        0x0 c:/st/stm32cubeide_1.4.0/stm32cubeide/plugins/com.st.stm32cube.ide.mcu.externaltools.gnu-tools-for-stm32.7-2018-q2-update.win32_1.4.0.202007081208/tools/bin/../lib/gcc/arm-none-eabi/7.3.1/thumb/v7-m/crtend.o
 .eh_frame      0x0000000000000000        0x4 c:/st/stm32cubeide_1.4.0/stm32cubeide/plugins/com.st.stm32cube.ide.mcu.externaltools.gnu-tools-for-stm32.7-2018-q2-update.win32_1.4.0.202007081208/tools/bin/../lib/gcc/arm-none-eabi/7.3.1/thumb/v7-m/crtend.o
 .ARM.attributes
                0x0000000000000000       0x2d c:/st/stm32cubeide_1.4.0/stm32cubeide/plugins/com.st.stm32cube.ide.mcu.externaltools.gnu-tools-for-stm32.7-2018-q2-update.win32_1.4.0.202007081208/tools/bin/../lib/gcc/arm-none-eabi/7.3.1/thumb/v7-m/crtend.o
 .text          0x0000000000000000        0x0 c:/st/stm32cubeide_1.4.0/stm32cubeide/plugins/com.st.stm32cube.ide.mcu.externaltools.gnu-tools-for-stm32.7-2018-q2-update.win32_1.4.0.202007081208/tools/bin/../lib/gcc/arm-none-eabi/7.3.1/thumb/v7-m/crtn.o
 .data          0x0000000000000000        0x0 c:/st/stm32cubeide_1.4.0/stm32cubeide/plugins/com.st.stm32cube.ide.mcu.externaltools.gnu-tools-for-stm32.7-2018-q2-update.win32_1.4.0.202007081208/tools/bin/../lib/gcc/arm-none-eabi/7.3.1/thumb/v7-m/crtn.o
 .bss           0x0000000000000000        0x0 c:/st/stm32cubeide_1.4.0/stm32cubeide/plugins/com.st.stm32cube.ide.mcu.externaltools.gnu-tools-for-stm32.7-2018-q2-update.win32_1.4.0.202007081208/tools/bin/../lib/gcc/arm-none-eabi/7.3.1/thumb/v7-m/crtn.o

Memory Configuration

Name             Origin             Length             Attributes
RAM              0x0000000020000000 0x0000000000002800 xrw
ROM              0x0000000008000000 0x0000000000008000 xr
*default*        0x0000000000000000 0xffffffffffffffff

Linker script and memory map

LOAD c:/st/stm32cubeide_1.4.0/stm32cubeide/plugins/com.st.stm32cube.ide.mcu.externaltools.gnu-tools-for-stm32.7-2018-q2-update.win32_1.4.0.202007081208/tools/bin/../lib/gcc/arm-none-eabi/7.3.1/thumb/v7-m/crti.o
LOAD c:/st/stm32cubeide_1.4.0/stm32cubeide/plugins/com.st.stm32cube.ide.mcu.externaltools.gnu-tools-for-stm32.7-2018-q2-update.win32_1.4.0.202007081208/tools/bin/../lib/gcc/arm-none-eabi/7.3.1/thumb/v7-m/crtbegin.o
LOAD c:/st/stm32cubeide_1.4.0/stm32cubeide/plugins/com.st.stm32cube.ide.mcu.externaltools.gnu-tools-for-stm32.7-2018-q2-update.win32_1.4.0.202007081208/tools/bin/../lib/gcc/arm-none-eabi/7.3.1/../../../../arm-none-eabi/lib/thumb/v7-m/crt0.o
LOAD HAl/Keypad_driver/KEYPAD.o
LOAD HAl/lcd_driver/LCD.o
LOAD Src/main.o
LOAD Src/syscalls.o
LOAD Src/sysmem.o
LOAD Startup/startup_stm32f103c6tx.o
LOAD stm32_f103c6_drivers/GPIO/stm32_f103c6_Driver.o
LOAD stm32_f103c6_drivers/Timers/TIM.o
START GROUP
LOAD c:/st/stm32cubeide_1.4.0/stm32cubeide/plugins/com.st.stm32cube.ide.mcu.externaltools.gnu-tools-for-stm32.7-2018-q2-update.win32_1.4.0.202007081208/tools/bin/../lib/gcc/arm-none-eabi/7.3.1/../../../../arm-none-eabi/lib/thumb/v7-m\libc_nano.a
LOAD c:/st/stm32cubeide_1.4.0/stm32cubeide/plugins/com.st.stm32cube.ide.mcu.externaltools.gnu-tools-for-stm32.7-2018-q2-update.win32_1.4.0.202007081208/tools/bin/../lib/gcc/arm-none-eabi/7.3.1/../../../../arm-none-eabi/lib/thumb/v7-m\libm.a
END GROUP
START GROUP
LOAD c:/st/stm32cubeide_1.4.0/stm32cubeide/plugins/com.st.stm32cube.ide.mcu.externaltools.gnu-tools-for-stm32.7-2018-q2-update.win32_1.4.0.202007081208/tools/bin/../lib/gcc/arm-none-eabi/7.3.1/thumb/v7-m\libgcc.a
LOAD c:/st/stm32cubeide_1.4.0/stm32cubeide/plugins/com.st.stm32cube.ide.mcu.externaltools.gnu-tools-for-stm32.7-2018-q2-update.win32_1.4.0.202007081208/tools/bin/../lib/gcc/arm-none-eabi/7.3.1/../../../../arm-none-eabi/lib/thumb/v7-m\libg_nano.a
LOAD c:/st/stm32cubeide_1.4.0/stm32cubeide/plugins/com.st.stm32cube.ide.mcu.externaltools.gnu-tools-for-stm32.7-2018-q2-update.win32_1.4.0.202007081208/tools/bin/../lib/gcc/arm-none-eabi/7.3.1/../../../../arm-none-eabi/lib/thumb/v7-m\libc_nano.a
END GROUP
START GROUP
LOAD c:/st/stm32cubeide_1.4.0/stm32cubeide/plugins/com.st.stm32cube.ide.mcu.externaltools.gnu-tools-for-stm32.7-2018-q2-update.win32_1.4.0.202007081208/tools/bin/../lib/gcc/arm-none-eabi/7.3.1/thumb/v7-m\libgcc.a
LOAD c:/st/stm32cubeide_1.4.0/stm32cubeide/plugins/com.st.stm32cube.ide.mcu.externaltools.gnu-tools-for-stm32.7-2018-q2-update.win32_1.4.0.202007081208/tools/bin/../lib/gcc/arm-none-eabi/7.3.1/../../../../arm-none-eabi/lib/thumb/v7-m\libc_nano.a
LOAD c:/st/stm32cubeide_1.4.0/stm32cubeide/plugins/com.st.stm32cube.ide.mcu.externaltools.gnu-tools-for-stm32.7-2018-q2-update.win32_1.4.0.202007081208/tools/bin/../lib/gcc/arm-none-eabi/7.3.1/../../../../arm-none-eabi/lib/thumb/v7-m\libnosys.a
END GROUP
START GROUP
LOAD c:/st/stm32cubeide_1.4.0/stm32cubeide/plugins/com.st.stm32cube.ide.mcu.externaltools.gnu-tools-for-stm32.7-2018-q2-update.win32_1.4.0.202007081208/tools/bin/../lib/gcc/arm-none-eabi/7.3.1/thumb/v7-m\libgcc.a
LOAD c:/st/stm32cubeide_1.4.0/stm32cubeide/plugins/com.st.stm32cube.ide.mcu.externaltools.gnu-tools-for-stm32.7-2018-q2-update.win32_1.4.0.202007081208/tools/bin/../lib/gcc/arm-none-eabi/7.3.1/../../../../arm-none-eabi/lib/thumb/v7-m\libc_nano.a
LOAD c:/st/stm32cubeide_1.4.0/stm32cubeide/plugins/com.st.stm32cube.ide.mcu.externaltools.gnu-tools-for-stm32.7-2018-q2-update.win32_1.4.0.202007081208/tools/bin/../lib/gcc/arm-none-eabi/7.3.1/../../../../arm-none-eabi/lib/thumb/v7-m\libnosys.a
END GROUP
LOAD c:/st/stm32cubeide_1.4.0/stm32cubeide/plugins/com.st.stm32cube.ide.mcu.externaltools.gnu-tools-for-stm32.7-2018-q2-update.win32_1.4.0.202007081208/tools/bin/../lib/gcc/arm-none-eabi/7.3.1/thumb/v7-m/crtend.o
LOAD c:/st/stm32cubeide_1.4.0/stm32cubeide/plugins/com.st.stm32cube.ide.mcu.externaltools.gnu-tools-for-stm32.7-2018-q2-update.win32_1.4.0.202007081208/tools/bin/../lib/gcc/arm-none-eabi/7.3.1/thumb/v7-m/crtn.o
                0x0000000020002800                _estack = (ORIGIN (RAM) + LENGTH (RAM))
                0x0000000000000200                _Min_Heap_Size = 0x200
                0x0000000000000400                _Min_Stack_Size = 0x400

.isr_vector     0x0000000008000000      0x130
                0x0000000008000000                . = ALIGN (0x4)
 *(.isr_vector)
 .isr_vector    0x0000000008000000      0x130 Startup/startup_stm32f103c6tx.o
                0x0000000008000000                g_pfnVectors
                0x0000000008000130                . = ALIGN (0x4)

.text           0x0000000008000130      0x3f4
                0x0000000008000130                . = ALIGN (0x4)
 *(.text)
 .text          0x0000000008000130       0x40 c:/st/stm32cubeide_1.4.0/stm32cubeide/plugins/com.st.stm32cube.ide.mcu.externaltools.gnu-tools-for-stm32.7-2018-q2-update.win32_1.4.0.202007081208/tools/bin/../lib/gcc/arm-none-eabi/7.3.1/thumb/v7-m/crtbegin.o
 *(.text*)
 .text.clock_init
                0x0000000008000170       0x40 Src/main.o
                0x0000000008000170                clock_init
 .text.main     0x00000000080001b0       0x58 Src/main.o
                0x00000000080001b0                main
 .text.Reset_Handler
                0x0000000008000208       0x50 Startup/startup_stm32f103c6tx.o
                0x0000000008000208                Reset_Handler
 .text.Default_Handler
                0x0000000008000258        0x2 Startup/startup_stm32f103c6tx.o
                0x0000000008000258                EXTI2_IRQHandler
                0x0000000008000258                TIM8_TRG_COM_IRQHandler
                0x0000000008000258                TIM8_CC_IRQHandler
                0x0000000008000258                DebugMon_Handler
                0x0000000008000258                TIM1_CC_IRQHandler
                0x0000000008000258                HardFault_Handler
                0x0000000008000258                TIM6_IRQHandler
                0x0000000008000258                SysTick_Handler
                0x0000000008000258                PVD_IRQHandler
                0x0000000008000258                SDIO_IRQHandler
                0x0000000008000258                PendSV_Handler
                0x0000000008000258                NMI_Handler
                0x0000000008000258                EXTI3_IRQHandler
                0x0000000008000258                USB_HP_CAN_TX_IRQHandler
                0x0000000008000258                EXTI0_IRQHandler
                0x0000000008000258                I2C2_EV_IRQHandler
                0x0000000008000258                UsageFault_Handler
                0x0000000008000258                ADC1_2_IRQHandler
                0x0000000008000258                SPI1_IRQHandler
                0x0000000008000258                CAN_SCE_IRQHandler
                0x0000000008000258                TAMPER_IRQHandler
                0x0000000008000258                TIM8_UP_IRQHandler
                0x0000000008000258                DMA2_Channel2_IRQHandler
                0x0000000008000258                DMA1_Channel4_IRQHandler
                0x0000000008000258                USART3_IRQHandler
                0x0000000008000258                RTC_IRQHandler
                0x0000000008000258                DMA1_Channel7_IRQHandler
                0x0000000008000258                UART5_IRQHandler
                0x0000000008000258                ADC3_IRQHandler
                0x0000000008000258                TIM4_IRQHandler
                0x0000000008000258                CAN_RX1_IRQHandler
                0x0000000008000258                DMA2_Channel1_IRQHandler
                0x0000000008000258                I2C1_EV_IRQHandler
                0x0000000008000258                DMA1_Channel6_IRQHandler
                0x0000000008000258                UART4_IRQHandler
                0x0000000008000258                TIM3_IRQHandler
                0x0000000008000258                RCC_IRQHandler
                0x0000000008000258                TIM1_TRG_COM_IRQHandler
                0x0000000008000258                DMA1_Channel1_IRQHandler
                0x0000000008000258                Default_Handler
                0x0000000008000258                EXTI15_10_IRQHandler
                0x0000000008000258                TIM7_IRQHandler
                0x0000000008000258                TIM5_IRQHandler
                0x0000000008000258                EXTI9_5_IRQHandler
                0x0000000008000258                SPI2_IRQHandler
                0x0000000008000258                USB_LP_CAN_RX0_IRQHandler
                0x0000000008000258                MemManage_Handler
                0x0000000008000258                SVC_Handler
                0x0000000008000258                DMA1_Channel5_IRQHandler
                0x0000000008000258                EXTI4_IRQHandler
                0x0000000008000258                DMA1_Channel3_IRQHandler
                0x0000000008000258                FSMC_IRQHandler
                0x0000000008000258                TIM1_UP_IRQHandler
                0x0000000008000258                WWDG_IRQHandler
                0x0000000008000258                TIM2_IRQHandler
                0x0000000008000258                TIM1_BRK_IRQHandler
                0x0000000008000258                EXTI1_IRQHandler
                0x0000000008000258                RTCAlarm_IRQHandler
                0x0000000008000258                DMA2_Channel4_5_IRQHandler
                0x0000000008000258                USART2_IRQHandler
                0x0000000008000258                I2C2_ER_IRQHandler
                0x0000000008000258                DMA1_Channel2_IRQHandler
                0x0000000008000258                TIM8_BRK_IRQHandler
                0x0000000008000258                FLASH_IRQHandler
                0x0000000008000258                BusFault_Handler
                0x0000000008000258                USART1_IRQHandler
                0x0000000008000258                SPI3_IRQHandler
                0x0000000008000258                I2C1_ER_IRQHandler
                0x0000000008000258                DMA2_Channel3_IRQHandler
 .text.Get_CRLH_position
                0x000000000800025a       0xc6 stm32_f103c6_drivers/GPIO/stm32_f103c6_Driver.o
                0x000000000800025a                Get_CRLH_position
 .text.MCAL_GPIO_Init
                0x0000000008000320      0x118 stm32_f103c6_drivers/GPIO/stm32_f103c6_Driver.o
                0x0000000008000320                MCAL_GPIO_Init
 .text.MCAL_GPIO_WritePin
                0x0000000008000438       0x2e stm32_f103c6_drivers/GPIO/stm32_f103c6_Driver.o
                0x0000000008000438                MCAL_GPIO_WritePin
 *fill*         0x0000000008000466        0x2 
 .text.delay    0x0000000008000468       0x5c stm32_f103c6_drivers/Timers/TIM.o
                0x0000000008000468                delay
 .text.__libc_init_array
                0x00000000080004c4       0x48 c:/st/stm32cubeide_1.4.0/stm32cubeide/plugins/com.st.stm32cube.ide.mcu.externaltools.gnu-tools-for-stm32.7-2018-q2-update.win32_1.4.0.202007081208/tools/bin/../lib/gcc/arm-none-eabi/7.3.1/../../../../arm-none-eabi/lib/thumb/v7-m\libc_nano.a(lib_a-init.o)
                0x00000000080004c4                __libc_init_array
 *(.glue_7)
 .glue_7        0x000000000800050c        0x0 linker stubs
 *(.glue_7t)
 .glue_7t       0x000000000800050c        0x0 linker stubs
 *(.eh_frame)
 .eh_frame      0x000000000800050c        0x0 c:/st/stm32cubeide_1.4.0/stm32cubeide/plugins/com.st.stm32cube.ide.mcu.externaltools.gnu-tools-for-stm32.7-2018-q2-update.win32_1.4.0.202007081208/tools/bin/../lib/gcc/arm-none-eabi/7.3.1/thumb/v7-m/crtbegin.o
 *(.init)
 .init          0x000000000800050c        0x4 c:/st/stm32cubeide_1.4.0/stm32cubeide/plugins/com.st.stm32cube.ide.mcu.externaltools.gnu-tools-for-stm32.7-2018-q2-update.win32_1.4.0.202007081208/tools/bin/../lib/gcc/arm-none-eabi/7.3.1/thumb/v7-m/crti.o
                0x000000000800050c                _init
 .init          0x0000000008000510        0x8 c:/st/stm32cubeide_1.4.0/stm32cubeide/plugins/com.st.stm32cube.ide.mcu.externaltools.gnu-tools-for-stm32.7-2018-q2-update.win32_1.4.0.202007081208/tools/bin/../lib/gcc/arm-none-eabi/7.3.1/thumb/v7-m/crtn.o
 *(.fini)
 .fini          0x0000000008000518        0x4 c:/st/stm32cubeide_1.4.0/stm32cubeide/plugins/com.st.stm32cube.ide.mcu.externaltools.gnu-tools-for-stm32.7-2018-q2-update.win32_1.4.0.202007081208/tools/bin/../lib/gcc/arm-none-eabi/7.3.1/thumb/v7-m/crti.o
                0x0000000008000518                _fini
 .fini          0x000000000800051c        0x8 c:/st/stm32cubeide_1.4.0/stm32cubeide/plugins/com.st.stm32cube.ide.mcu.externaltools.gnu-tools-for-stm32.7-2018-q2-update.win32_1.4.0.202007081208/tools/bin/../lib/gcc/arm-none-eabi/7.3.1/thumb/v7-m/crtn.o
                0x0000000008000524                . = ALIGN (0x4)
                0x0000000008000524                _etext = .

.vfp11_veneer   0x0000000008000524        0x0
 .vfp11_veneer  0x0000000008000524        0x0 linker stubs

.v4_bx          0x0000000008000524        0x0
 .v4_bx         0x0000000008000524        0x0 linker stubs

.iplt           0x0000000008000524        0x0
 .iplt          0x0000000008000524        0x0 c:/st/stm32cubeide_1.4.0/stm32cubeide/plugins/com.st.stm32cube.ide.mcu.externaltools.gnu-tools-for-stm32.7-2018-q2-update.win32_1.4.0.202007081208/tools/bin/../lib/gcc/arm-none-eabi/7.3.1/thumb/v7-m/crtbegin.o

.rel.dyn        0x0000000008000524        0x0
 .rel.iplt      0x0000000008000524        0x0 c:/st/stm32cubeide_1.4.0/stm32cubeide/plugins/com.st.stm32cube.ide.mcu.externaltools.gnu-tools-for-stm32.7-2018-q2-update.win32_1.4.0.202007081208/tools/bin/../lib/gcc/arm-none-eabi/7.3.1/thumb/v7-m/crtbegin.o

.rodata         0x0000000008000524        0x0
                0x0000000008000524                . = ALIGN (0x4)
 *(.rodata)
 *(.rodata*)
                0x0000000008000524                . = ALIGN (0x4)

.ARM.extab      0x0000000008000524        0x0
                0x0000000008000524                . = ALIGN (0x4)
 *(.ARM.extab* .gnu.linkonce.armextab.*)
                0x0000000008000524                . = ALIGN (0x4)

.ARM            0x0000000008000524        0x0
                0x0000000008000524                . = ALIGN (0x4)
                0x0000000008000524                __exidx_start = .
 *(.ARM.exidx*)
                0x0000000008000524                __exidx_end = .
                0x0000000008000524                . = ALIGN (0x4)

.preinit_array  0x0000000008000524        0x0
                0x0000000008000524                . = ALIGN (0x4)
                0x0000000008000524                PROVIDE (__preinit_array_start = .)
 *(.preinit_array*)
                0x0000000008000524                PROVIDE (__preinit_array_end = .)
                0x0000000008000524                . = ALIGN (0x4)

.init_array     0x0000000008000524        0x4
                0x0000000008000524                . = ALIGN (0x4)
                0x0000000008000524                PROVIDE (__init_array_start = .)
 *(SORT_BY_NAME(.init_array.*))
 *(.init_array*)
 .init_array    0x0000000008000524        0x4 c:/st/stm32cubeide_1.4.0/stm32cubeide/plugins/com.st.stm32cube.ide.mcu.externaltools.gnu-tools-for-stm32.7-2018-q2-update.win32_1.4.0.202007081208/tools/bin/../lib/gcc/arm-none-eabi/7.3.1/thumb/v7-m/crtbegin.o
                0x0000000008000528                PROVIDE (__init_array_end = .)
                0x0000000008000528                . = ALIGN (0x4)

.fini_array     0x0000000008000528        0x4
                0x0000000008000528                . = ALIGN (0x4)
                [!provide]                        PROVIDE (__fini_array_start = .)
 *(SORT_BY_NAME(.fini_array.*))
 *(.fini_array*)
 .fini_array    0x0000000008000528        0x4 c:/st/stm32cubeide_1.4.0/stm32cubeide/plugins/com.st.stm32cube.ide.mcu.externaltools.gnu-tools-for-stm32.7-2018-q2-update.win32_1.4.0.202007081208/tools/bin/../lib/gcc/arm-none-eabi/7.3.1/thumb/v7-m/crtbegin.o
                [!provide]                        PROVIDE (__fini_array_end = .)
                0x000000000800052c                . = ALIGN (0x4)
                0x000000000800052c                _sidata = LOADADDR (.data)

.data           0x0000000020000000        0x0 load address 0x000000000800052c
                0x0000000020000000                . = ALIGN (0x4)
                0x0000000020000000                _sdata = .
 *(.data)
 *(.data*)
                0x0000000020000000                . = ALIGN (0x4)
                0x0000000020000000                _edata = .

.igot.plt       0x0000000020000000        0x0 load address 0x000000000800052c
 .igot.plt      0x0000000020000000        0x0 c:/st/stm32cubeide_1.4.0/stm32cubeide/plugins/com.st.stm32cube.ide.mcu.externaltools.gnu-tools-for-stm32.7-2018-q2-update.win32_1.4.0.202007081208/tools/bin/../lib/gcc/arm-none-eabi/7.3.1/thumb/v7-m/crtbegin.o
                0x0000000020000000                . = ALIGN (0x4)

.bss            0x0000000020000000       0x20 load address 0x000000000800052c
                0x0000000020000000                _sbss = .
                0x0000000020000000                __bss_start__ = _sbss
 *(.bss)
 .bss           0x0000000020000000       0x1c c:/st/stm32cubeide_1.4.0/stm32cubeide/plugins/com.st.stm32cube.ide.mcu.externaltools.gnu-tools-for-stm32.7-2018-q2-update.win32_1.4.0.202007081208/tools/bin/../lib/gcc/arm-none-eabi/7.3.1/thumb/v7-m/crtbegin.o
 *(.bss*)
 *(COMMON)
 COMMON         0x000000002000001c        0x4 HAl/Keypad_driver/KEYPAD.o
                0x000000002000001c                PinCfg
                0x0000000020000020                . = ALIGN (0x4)
                0x0000000020000020                _ebss = .
                0x0000000020000020                __bss_end__ = _ebss

._user_heap_stack
                0x0000000020000020      0x600 load address 0x000000000800052c
                0x0000000020000020                . = ALIGN (0x8)
                [!provide]                        PROVIDE (end = .)
                0x0000000020000020                PROVIDE (_end = .)
                0x0000000020000220                . = (. + _Min_Heap_Size)
 *fill*         0x0000000020000020      0x200 
                0x0000000020000620                . = (. + _Min_Stack_Size)
 *fill*         0x0000000020000220      0x400 
                0x0000000020000620                . = ALIGN (0x8)

/DISCARD/
 libc.a(*)
 libm.a(*)
 libgcc.a(*)

.ARM.attributes
                0x0000000000000000       0x29
 *(.ARM.attributes)
 .ARM.attributes
                0x0000000000000000       0x1d c:/st/stm32cubeide_1.4.0/stm32cubeide/plugins/com.st.stm32cube.ide.mcu.externaltools.gnu-tools-for-stm32.7-2018-q2-update.win32_1.4.0.202007081208/tools/bin/../lib/gcc/arm-none-eabi/7.3.1/thumb/v7-m/crti.o
 .ARM.attributes
                0x000000000000001d       0x2d c:/st/stm32cubeide_1.4.0/stm32cubeide/plugins/com.st.stm32cube.ide.mcu.externaltools.gnu-tools-for-stm32.7-2018-q2-update.win32_1.4.0.202007081208/tools/bin/../lib/gcc/arm-none-eabi/7.3.1/thumb/v7-m/crtbegin.o
 .ARM.attributes
                0x000000000000004a       0x33 HAl/Keypad_driver/KEYPAD.o
 .ARM.attributes
                0x000000000000007d       0x33 Src/main.o
 .ARM.attributes
                0x00000000000000b0       0x21 Startup/startup_stm32f103c6tx.o
 .ARM.attributes
                0x00000000000000d1       0x33 stm32_f103c6_drivers/GPIO/stm32_f103c6_Driver.o
 .ARM.attributes
                0x0000000000000104       0x33 stm32_f103c6_drivers/Timers/TIM.o
 .ARM.attributes
                0x0000000000000137       0x2d c:/st/stm32cubeide_1.4.0/stm32cubeide/plugins/com.st.stm32cube.ide.mcu.externaltools.gnu-tools-for-stm32.7-2018-q2-update.win32_1.4.0.202007081208/tools/bin/../lib/gcc/arm-none-eabi/7.3.1/../../../../arm-none-eabi/lib/thumb/v7-m\libc_nano.a(lib_a-init.o)
 .ARM.attributes
                0x0000000000000164       0x1d c:/st/stm32cubeide_1.4.0/stm32cubeide/plugins/com.st.stm32cube.ide.mcu.externaltools.gnu-tools-for-stm32.7-2018-q2-update.win32_1.4.0.202007081208/tools/bin/../lib/gcc/arm-none-eabi/7.3.1/thumb/v7-m/crtn.o
OUTPUT(lcd_keybad_lab.elf elf32-littlearm)

.debug_info     0x0000000000000000     0x2f01
 .debug_info    0x0000000000000000      0xb1a HAl/Keypad_driver/KEYPAD.o
 .debug_info    0x0000000000000b1a      0xb69 Src/main.o
 .debug_info    0x0000000000001683       0x22 Startup/startup_stm32f103c6tx.o
 .debug_info    0x00000000000016a5      0xd5d stm32_f103c6_drivers/GPIO/stm32_f103c6_Driver.o
 .debug_info    0x0000000000002402      0xaff stm32_f103c6_drivers/Timers/TIM.o

.debug_abbrev   0x0000000000000000      0x6e4
 .debug_abbrev  0x0000000000000000      0x1a6 HAl/Keypad_driver/KEYPAD.o
 .debug_abbrev  0x00000000000001a6      0x197 Src/main.o
 .debug_abbrev  0x000000000000033d       0x12 Startup/startup_stm32f103c6tx.o
 .debug_abbrev  0x000000000000034f      0x218 stm32_f103c6_drivers/GPIO/stm32_f103c6_Driver.o
 .debug_abbrev  0x0000000000000567      0x17d stm32_f103c6_drivers/Timers/TIM.o

.debug_loc      0x0000000000000000      0x478
 .debug_loc     0x0000000000000000       0x7c HAl/Keypad_driver/KEYPAD.o
 .debug_loc     0x000000000000007c       0x70 Src/main.o
 .debug_loc     0x00000000000000ec      0x330 stm32_f103c6_drivers/GPIO/stm32_f103c6_Driver.o
 .debug_loc     0x000000000000041c       0x5c stm32_f103c6_drivers/Timers/TIM.o

.debug_aranges  0x0000000000000000       0xf8
 .debug_aranges
                0x0000000000000000       0x28 HAl/Keypad_driver/KEYPAD.o
 .debug_aranges
                0x0000000000000028       0x28 Src/main.o
 .debug_aranges
                0x0000000000000050       0x28 Startup/startup_stm32f103c6tx.o
 .debug_aranges
                0x0000000000000078       0x60 stm32_f103c6_drivers/GPIO/stm32_f103c6_Driver.o
 .debug_aranges
                0x00000000000000d8       0x20 stm32_f103c6_drivers/Timers/TIM.o

.debug_ranges   0x0000000000000000       0xb0
 .debug_ranges  0x0000000000000000       0x18 HAl/Keypad_driver/KEYPAD.o
 .debug_ranges  0x0000000000000018       0x18 Src/main.o
 .debug_ranges  0x0000000000000030       0x20 Startup/startup_stm32f103c6tx.o
 .debug_ranges  0x0000000000000050       0x50 stm32_f103c6_drivers/GPIO/stm32_f103c6_Driver.o
 .debug_ranges  0x00000000000000a0       0x10 stm32_f103c6_drivers/Timers/TIM.o

.debug_macro    0x0000000000000000     0x1f88
 .debug_macro   0x0000000000000000      0x152 HAl/Keypad_driver/KEYPAD.o
 .debug_macro   0x0000000000000152      0xa60 HAl/Keypad_driver/KEYPAD.o
 .debug_macro   0x0000000000000bb2       0x18 HAl/Keypad_driver/KEYPAD.o
 .debug_macro   0x0000000000000bca       0x22 HAl/Keypad_driver/KEYPAD.o
 .debug_macro   0x0000000000000bec       0x40 HAl/Keypad_driver/KEYPAD.o
 .debug_macro   0x0000000000000c2c       0x94 HAl/Keypad_driver/KEYPAD.o
 .debug_macro   0x0000000000000cc0       0x3c HAl/Keypad_driver/KEYPAD.o
 .debug_macro   0x0000000000000cfc       0x34 HAl/Keypad_driver/KEYPAD.o
 .debug_macro   0x0000000000000d30       0x16 HAl/Keypad_driver/KEYPAD.o
 .debug_macro   0x0000000000000d46      0x10e HAl/Keypad_driver/KEYPAD.o
 .debug_macro   0x0000000000000e54       0x8d HAl/Keypad_driver/KEYPAD.o
 .debug_macro   0x0000000000000ee1       0x57 HAl/Keypad_driver/KEYPAD.o
 .debug_macro   0x0000000000000f38       0x52 HAl/Keypad_driver/KEYPAD.o
 .debug_macro   0x0000000000000f8a       0x1f HAl/Keypad_driver/KEYPAD.o
 .debug_macro   0x0000000000000fa9       0x43 HAl/Keypad_driver/KEYPAD.o
 .debug_macro   0x0000000000000fec       0x20 HAl/Keypad_driver/KEYPAD.o
 .debug_macro   0x000000000000100c      0x1a3 HAl/Keypad_driver/KEYPAD.o
 .debug_macro   0x00000000000011af      0x330 HAl/Keypad_driver/KEYPAD.o
 .debug_macro   0x00000000000014df       0x16 HAl/Keypad_driver/KEYPAD.o
 .debug_macro   0x00000000000014f5       0x29 HAl/Keypad_driver/KEYPAD.o
 .debug_macro   0x000000000000151e       0xef HAl/Keypad_driver/KEYPAD.o
 .debug_macro   0x000000000000160d       0x6a HAl/Keypad_driver/KEYPAD.o
 .debug_macro   0x0000000000001677      0x1df HAl/Keypad_driver/KEYPAD.o
 .debug_macro   0x0000000000001856      0x140 HAl/Keypad_driver/KEYPAD.o
 .debug_macro   0x0000000000001996       0xd0 HAl/Keypad_driver/KEYPAD.o
 .debug_macro   0x0000000000001a66       0x3a HAl/Keypad_driver/KEYPAD.o
 .debug_macro   0x0000000000001aa0      0x19b Src/main.o
 .debug_macro   0x0000000000001c3b       0x94 Src/main.o
 .debug_macro   0x0000000000001ccf       0x40 Src/main.o
 .debug_macro   0x0000000000001d0f      0x13f stm32_f103c6_drivers/GPIO/stm32_f103c6_Driver.o
 .debug_macro   0x0000000000001e4e      0x13a stm32_f103c6_drivers/Timers/TIM.o

.debug_line     0x0000000000000000     0x198a
 .debug_line    0x0000000000000000      0x690 HAl/Keypad_driver/KEYPAD.o
 .debug_line    0x0000000000000690      0x634 Src/main.o
 .debug_line    0x0000000000000cc4       0x84 Startup/startup_stm32f103c6tx.o
 .debug_line    0x0000000000000d48      0x6b5 stm32_f103c6_drivers/GPIO/stm32_f103c6_Driver.o
 .debug_line    0x00000000000013fd      0x58d stm32_f103c6_drivers/Timers/TIM.o

.debug_str      0x0000000000000000     0x7f5f
 .debug_str     0x0000000000000000     0x79ff HAl/Keypad_driver/KEYPAD.o
                                       0x7c60 (size before relaxing)
 .debug_str     0x00000000000079ff      0x31b Src/main.o
                                       0x7f2a (size before relaxing)
 .debug_str     0x0000000000007d1a       0x31 Startup/startup_stm32f103c6tx.o
                                         0x9d (size before relaxing)
 .debug_str     0x0000000000007d4b      0x116 stm32_f103c6_drivers/GPIO/stm32_f103c6_Driver.o
                                       0x7cdc (size before relaxing)
 .debug_str     0x0000000000007e61       0xfe stm32_f103c6_drivers/Timers/TIM.o
                                       0x77e4 (size before relaxing)

.comment        0x0000000000000000       0x7b
 .comment       0x0000000000000000       0x7b HAl/Keypad_driver/KEYPAD.o
                                         0x7c (size before relaxing)
 .comment       0x000000000000007b       0x7c Src/main.o
 .comment       0x000000000000007b       0x7c stm32_f103c6_drivers/GPIO/stm32_f103c6_Driver.o
 .comment       0x000000000000007b       0x7c stm32_f103c6_drivers/Timers/TIM.o

.debug_frame    0x0000000000000000      0x278
 .debug_frame   0x0000000000000000       0x50 HAl/Keypad_driver/KEYPAD.o
 .debug_frame   0x0000000000000050       0x4c Src/main.o
 .debug_frame   0x000000000000009c      0x178 stm32_f103c6_drivers/GPIO/stm32_f103c6_Driver.o
 .debug_frame   0x0000000000000214       0x38 stm32_f103c6_drivers/Timers/TIM.o
 .debug_frame   0x000000000000024c       0x2c c:/st/stm32cubeide_1.4.0/stm32cubeide/plugins/com.st.stm32cube.ide.mcu.externaltools.gnu-tools-for-stm32.7-2018-q2-update.win32_1.4.0.202007081208/tools/bin/../lib/gcc/arm-none-eabi/7.3.1/../../../../arm-none-eabi/lib/thumb/v7-m\libc_nano.a(lib_a-init.o)
