../HAL/LCD/LCD.c:11:6:delay_ms	24	static
../HAL/LCD/LCD.c:17:6:LCD_GOTO_XY	16	static
../HAL/LCD/LCD.c:30:6:LCD_clearscreen	8	static
../HAL/LCD/LCD.c:34:6:LCD_kick	8	static
../HAL/LCD/LCD.c:41:7:LCD_PORT_OUT	16	static
../HAL/LCD/LCD.c:87:7:LCD_PORT_IN	16	static
../HAL/LCD/LCD.c:135:6:LCD_INIT	16	static
../HAL/LCD/LCD.c:186:6:LCD_check_lcd_isbusy	8	static
../HAL/LCD/LCD.c:207:6:LCD_WRITE_COMMAND	16	static
../HAL/LCD/LCD.c:227:6:LCD_WRITE_CHAR	16	static
../HAL/LCD/LCD.c:248:6:LCD_WRITE_STRING	24	static
