Archive member included to satisfy reference by file (symbol)

c:/st/stm32cubeide_1.4.0/stm32cubeide/plugins/com.st.stm32cube.ide.mcu.externaltools.gnu-tools-for-stm32.10.3-2021.10.win32_1.0.200.202301161003/tools/bin/../lib/gcc/arm-none-eabi/10.3.1/../../../../arm-none-eabi/lib/thumb/v7-m/nofp\libc_nano.a(lib_a-errno.o)
                              ./Src/syscalls.o (__errno)
c:/st/stm32cubeide_1.4.0/stm32cubeide/plugins/com.st.stm32cube.ide.mcu.externaltools.gnu-tools-for-stm32.10.3-2021.10.win32_1.0.200.202301161003/tools/bin/../lib/gcc/arm-none-eabi/10.3.1/../../../../arm-none-eabi/lib/thumb/v7-m/nofp\libc_nano.a(lib_a-exit.o)
                              c:/st/stm32cubeide_1.4.0/stm32cubeide/plugins/com.st.stm32cube.ide.mcu.externaltools.gnu-tools-for-stm32.10.3-2021.10.win32_1.0.200.202301161003/tools/bin/../lib/gcc/arm-none-eabi/10.3.1/../../../../arm-none-eabi/lib/thumb/v7-m/nofp/crt0.o (exit)
c:/st/stm32cubeide_1.4.0/stm32cubeide/plugins/com.st.stm32cube.ide.mcu.externaltools.gnu-tools-for-stm32.10.3-2021.10.win32_1.0.200.202301161003/tools/bin/../lib/gcc/arm-none-eabi/10.3.1/../../../../arm-none-eabi/lib/thumb/v7-m/nofp\libc_nano.a(lib_a-impure.o)
                              c:/st/stm32cubeide_1.4.0/stm32cubeide/plugins/com.st.stm32cube.ide.mcu.externaltools.gnu-tools-for-stm32.10.3-2021.10.win32_1.0.200.202301161003/tools/bin/../lib/gcc/arm-none-eabi/10.3.1/../../../../arm-none-eabi/lib/thumb/v7-m/nofp\libc_nano.a(lib_a-exit.o) (_global_impure_ptr)
c:/st/stm32cubeide_1.4.0/stm32cubeide/plugins/com.st.stm32cube.ide.mcu.externaltools.gnu-tools-for-stm32.10.3-2021.10.win32_1.0.200.202301161003/tools/bin/../lib/gcc/arm-none-eabi/10.3.1/../../../../arm-none-eabi/lib/thumb/v7-m/nofp\libc_nano.a(lib_a-init.o)
                              c:/st/stm32cubeide_1.4.0/stm32cubeide/plugins/com.st.stm32cube.ide.mcu.externaltools.gnu-tools-for-stm32.10.3-2021.10.win32_1.0.200.202301161003/tools/bin/../lib/gcc/arm-none-eabi/10.3.1/../../../../arm-none-eabi/lib/thumb/v7-m/nofp/crt0.o (__libc_init_array)
c:/st/stm32cubeide_1.4.0/stm32cubeide/plugins/com.st.stm32cube.ide.mcu.externaltools.gnu-tools-for-stm32.10.3-2021.10.win32_1.0.200.202301161003/tools/bin/../lib/gcc/arm-none-eabi/10.3.1/../../../../arm-none-eabi/lib/thumb/v7-m/nofp\libc_nano.a(lib_a-memset.o)
                              c:/st/stm32cubeide_1.4.0/stm32cubeide/plugins/com.st.stm32cube.ide.mcu.externaltools.gnu-tools-for-stm32.10.3-2021.10.win32_1.0.200.202301161003/tools/bin/../lib/gcc/arm-none-eabi/10.3.1/../../../../arm-none-eabi/lib/thumb/v7-m/nofp/crt0.o (memset)

Discarded input sections

 .text          0x0000000000000000        0x0 c:/st/stm32cubeide_1.4.0/stm32cubeide/plugins/com.st.stm32cube.ide.mcu.externaltools.gnu-tools-for-stm32.10.3-2021.10.win32_1.0.200.202301161003/tools/bin/../lib/gcc/arm-none-eabi/10.3.1/thumb/v7-m/nofp/crti.o
 .data          0x0000000000000000        0x0 c:/st/stm32cubeide_1.4.0/stm32cubeide/plugins/com.st.stm32cube.ide.mcu.externaltools.gnu-tools-for-stm32.10.3-2021.10.win32_1.0.200.202301161003/tools/bin/../lib/gcc/arm-none-eabi/10.3.1/thumb/v7-m/nofp/crti.o
 .bss           0x0000000000000000        0x0 c:/st/stm32cubeide_1.4.0/stm32cubeide/plugins/com.st.stm32cube.ide.mcu.externaltools.gnu-tools-for-stm32.10.3-2021.10.win32_1.0.200.202301161003/tools/bin/../lib/gcc/arm-none-eabi/10.3.1/thumb/v7-m/nofp/crti.o
 .data          0x0000000000000000        0x4 c:/st/stm32cubeide_1.4.0/stm32cubeide/plugins/com.st.stm32cube.ide.mcu.externaltools.gnu-tools-for-stm32.10.3-2021.10.win32_1.0.200.202301161003/tools/bin/../lib/gcc/arm-none-eabi/10.3.1/thumb/v7-m/nofp/crtbegin.o
 .rodata        0x0000000000000000       0x24 c:/st/stm32cubeide_1.4.0/stm32cubeide/plugins/com.st.stm32cube.ide.mcu.externaltools.gnu-tools-for-stm32.10.3-2021.10.win32_1.0.200.202301161003/tools/bin/../lib/gcc/arm-none-eabi/10.3.1/thumb/v7-m/nofp/crtbegin.o
 .text          0x0000000000000000       0x7c c:/st/stm32cubeide_1.4.0/stm32cubeide/plugins/com.st.stm32cube.ide.mcu.externaltools.gnu-tools-for-stm32.10.3-2021.10.win32_1.0.200.202301161003/tools/bin/../lib/gcc/arm-none-eabi/10.3.1/../../../../arm-none-eabi/lib/thumb/v7-m/nofp/crt0.o
 .data          0x0000000000000000        0x0 c:/st/stm32cubeide_1.4.0/stm32cubeide/plugins/com.st.stm32cube.ide.mcu.externaltools.gnu-tools-for-stm32.10.3-2021.10.win32_1.0.200.202301161003/tools/bin/../lib/gcc/arm-none-eabi/10.3.1/../../../../arm-none-eabi/lib/thumb/v7-m/nofp/crt0.o
 .bss           0x0000000000000000        0x0 c:/st/stm32cubeide_1.4.0/stm32cubeide/plugins/com.st.stm32cube.ide.mcu.externaltools.gnu-tools-for-stm32.10.3-2021.10.win32_1.0.200.202301161003/tools/bin/../lib/gcc/arm-none-eabi/10.3.1/../../../../arm-none-eabi/lib/thumb/v7-m/nofp/crt0.o
 .ARM.extab     0x0000000000000000        0x0 c:/st/stm32cubeide_1.4.0/stm32cubeide/plugins/com.st.stm32cube.ide.mcu.externaltools.gnu-tools-for-stm32.10.3-2021.10.win32_1.0.200.202301161003/tools/bin/../lib/gcc/arm-none-eabi/10.3.1/../../../../arm-none-eabi/lib/thumb/v7-m/nofp/crt0.o
 .ARM.exidx     0x0000000000000000       0x10 c:/st/stm32cubeide_1.4.0/stm32cubeide/plugins/com.st.stm32cube.ide.mcu.externaltools.gnu-tools-for-stm32.10.3-2021.10.win32_1.0.200.202301161003/tools/bin/../lib/gcc/arm-none-eabi/10.3.1/../../../../arm-none-eabi/lib/thumb/v7-m/nofp/crt0.o
 .ARM.attributes
                0x0000000000000000       0x1b c:/st/stm32cubeide_1.4.0/stm32cubeide/plugins/com.st.stm32cube.ide.mcu.externaltools.gnu-tools-for-stm32.10.3-2021.10.win32_1.0.200.202301161003/tools/bin/../lib/gcc/arm-none-eabi/10.3.1/../../../../arm-none-eabi/lib/thumb/v7-m/nofp/crt0.o
 .group         0x0000000000000000        0xc ./STM32_F103C6_DRIVERS/EXTI/Stm32_F103C6_EXTI_driver.o
 .group         0x0000000000000000        0xc ./STM32_F103C6_DRIVERS/EXTI/Stm32_F103C6_EXTI_driver.o
 .group         0x0000000000000000        0xc ./STM32_F103C6_DRIVERS/EXTI/Stm32_F103C6_EXTI_driver.o
 .group         0x0000000000000000        0xc ./STM32_F103C6_DRIVERS/EXTI/Stm32_F103C6_EXTI_driver.o
 .group         0x0000000000000000        0xc ./STM32_F103C6_DRIVERS/EXTI/Stm32_F103C6_EXTI_driver.o
 .group         0x0000000000000000        0xc ./STM32_F103C6_DRIVERS/EXTI/Stm32_F103C6_EXTI_driver.o
 .group         0x0000000000000000        0xc ./STM32_F103C6_DRIVERS/EXTI/Stm32_F103C6_EXTI_driver.o
 .group         0x0000000000000000        0xc ./STM32_F103C6_DRIVERS/EXTI/Stm32_F103C6_EXTI_driver.o
 .group         0x0000000000000000        0xc ./STM32_F103C6_DRIVERS/EXTI/Stm32_F103C6_EXTI_driver.o
 .group         0x0000000000000000        0xc ./STM32_F103C6_DRIVERS/EXTI/Stm32_F103C6_EXTI_driver.o
 .group         0x0000000000000000        0xc ./STM32_F103C6_DRIVERS/EXTI/Stm32_F103C6_EXTI_driver.o
 .group         0x0000000000000000        0xc ./STM32_F103C6_DRIVERS/EXTI/Stm32_F103C6_EXTI_driver.o
 .group         0x0000000000000000        0xc ./STM32_F103C6_DRIVERS/EXTI/Stm32_F103C6_EXTI_driver.o
 .group         0x0000000000000000        0xc ./STM32_F103C6_DRIVERS/EXTI/Stm32_F103C6_EXTI_driver.o
 .group         0x0000000000000000        0xc ./STM32_F103C6_DRIVERS/EXTI/Stm32_F103C6_EXTI_driver.o
 .group         0x0000000000000000        0xc ./STM32_F103C6_DRIVERS/EXTI/Stm32_F103C6_EXTI_driver.o
 .group         0x0000000000000000        0xc ./STM32_F103C6_DRIVERS/EXTI/Stm32_F103C6_EXTI_driver.o
 .group         0x0000000000000000        0xc ./STM32_F103C6_DRIVERS/EXTI/Stm32_F103C6_EXTI_driver.o
 .group         0x0000000000000000        0xc ./STM32_F103C6_DRIVERS/EXTI/Stm32_F103C6_EXTI_driver.o
 .group         0x0000000000000000        0xc ./STM32_F103C6_DRIVERS/EXTI/Stm32_F103C6_EXTI_driver.o
 .group         0x0000000000000000        0xc ./STM32_F103C6_DRIVERS/EXTI/Stm32_F103C6_EXTI_driver.o
 .group         0x0000000000000000        0xc ./STM32_F103C6_DRIVERS/EXTI/Stm32_F103C6_EXTI_driver.o
 .group         0x0000000000000000        0xc ./STM32_F103C6_DRIVERS/EXTI/Stm32_F103C6_EXTI_driver.o
 .group         0x0000000000000000        0xc ./STM32_F103C6_DRIVERS/EXTI/Stm32_F103C6_EXTI_driver.o
 .group         0x0000000000000000        0xc ./STM32_F103C6_DRIVERS/EXTI/Stm32_F103C6_EXTI_driver.o
 .group         0x0000000000000000        0xc ./STM32_F103C6_DRIVERS/EXTI/Stm32_F103C6_EXTI_driver.o
 .group         0x0000000000000000        0xc ./STM32_F103C6_DRIVERS/EXTI/Stm32_F103C6_EXTI_driver.o
 .group         0x0000000000000000        0xc ./STM32_F103C6_DRIVERS/EXTI/Stm32_F103C6_EXTI_driver.o
 .text          0x0000000000000000        0x0 ./STM32_F103C6_DRIVERS/EXTI/Stm32_F103C6_EXTI_driver.o
 .data          0x0000000000000000        0x0 ./STM32_F103C6_DRIVERS/EXTI/Stm32_F103C6_EXTI_driver.o
 .bss           0x0000000000000000        0x0 ./STM32_F103C6_DRIVERS/EXTI/Stm32_F103C6_EXTI_driver.o
 .text.enable_NVIC
                0x0000000000000000       0xcc ./STM32_F103C6_DRIVERS/EXTI/Stm32_F103C6_EXTI_driver.o
 .text.disable_NVIC
                0x0000000000000000       0xcc ./STM32_F103C6_DRIVERS/EXTI/Stm32_F103C6_EXTI_driver.o
 .text.update_EXTI
                0x0000000000000000      0x1f0 ./STM32_F103C6_DRIVERS/EXTI/Stm32_F103C6_EXTI_driver.o
 .text.MCAL_EXTI_GPIO_init
                0x0000000000000000       0x16 ./STM32_F103C6_DRIVERS/EXTI/Stm32_F103C6_EXTI_driver.o
 .text.MCAL_EXTI_GPIO_deinit
                0x0000000000000000       0x94 ./STM32_F103C6_DRIVERS/EXTI/Stm32_F103C6_EXTI_driver.o
 .text.MCAL_EXTI_GPIO_update
                0x0000000000000000       0x16 ./STM32_F103C6_DRIVERS/EXTI/Stm32_F103C6_EXTI_driver.o
 .group         0x0000000000000000        0xc ./STM32_F103C6_DRIVERS/GPIO/stm32_f103c6_gpio_drivers.o
 .group         0x0000000000000000        0xc ./STM32_F103C6_DRIVERS/GPIO/stm32_f103c6_gpio_drivers.o
 .group         0x0000000000000000        0xc ./STM32_F103C6_DRIVERS/GPIO/stm32_f103c6_gpio_drivers.o
 .group         0x0000000000000000        0xc ./STM32_F103C6_DRIVERS/GPIO/stm32_f103c6_gpio_drivers.o
 .group         0x0000000000000000        0xc ./STM32_F103C6_DRIVERS/GPIO/stm32_f103c6_gpio_drivers.o
 .group         0x0000000000000000        0xc ./STM32_F103C6_DRIVERS/GPIO/stm32_f103c6_gpio_drivers.o
 .group         0x0000000000000000        0xc ./STM32_F103C6_DRIVERS/GPIO/stm32_f103c6_gpio_drivers.o
 .group         0x0000000000000000        0xc ./STM32_F103C6_DRIVERS/GPIO/stm32_f103c6_gpio_drivers.o
 .group         0x0000000000000000        0xc ./STM32_F103C6_DRIVERS/GPIO/stm32_f103c6_gpio_drivers.o
 .group         0x0000000000000000        0xc ./STM32_F103C6_DRIVERS/GPIO/stm32_f103c6_gpio_drivers.o
 .group         0x0000000000000000        0xc ./STM32_F103C6_DRIVERS/GPIO/stm32_f103c6_gpio_drivers.o
 .group         0x0000000000000000        0xc ./STM32_F103C6_DRIVERS/GPIO/stm32_f103c6_gpio_drivers.o
 .group         0x0000000000000000        0xc ./STM32_F103C6_DRIVERS/GPIO/stm32_f103c6_gpio_drivers.o
 .group         0x0000000000000000        0xc ./STM32_F103C6_DRIVERS/GPIO/stm32_f103c6_gpio_drivers.o
 .group         0x0000000000000000        0xc ./STM32_F103C6_DRIVERS/GPIO/stm32_f103c6_gpio_drivers.o
 .group         0x0000000000000000        0xc ./STM32_F103C6_DRIVERS/GPIO/stm32_f103c6_gpio_drivers.o
 .group         0x0000000000000000        0xc ./STM32_F103C6_DRIVERS/GPIO/stm32_f103c6_gpio_drivers.o
 .group         0x0000000000000000        0xc ./STM32_F103C6_DRIVERS/GPIO/stm32_f103c6_gpio_drivers.o
 .group         0x0000000000000000        0xc ./STM32_F103C6_DRIVERS/GPIO/stm32_f103c6_gpio_drivers.o
 .group         0x0000000000000000        0xc ./STM32_F103C6_DRIVERS/GPIO/stm32_f103c6_gpio_drivers.o
 .group         0x0000000000000000        0xc ./STM32_F103C6_DRIVERS/GPIO/stm32_f103c6_gpio_drivers.o
 .group         0x0000000000000000        0xc ./STM32_F103C6_DRIVERS/GPIO/stm32_f103c6_gpio_drivers.o
 .group         0x0000000000000000        0xc ./STM32_F103C6_DRIVERS/GPIO/stm32_f103c6_gpio_drivers.o
 .group         0x0000000000000000        0xc ./STM32_F103C6_DRIVERS/GPIO/stm32_f103c6_gpio_drivers.o
 .group         0x0000000000000000        0xc ./STM32_F103C6_DRIVERS/GPIO/stm32_f103c6_gpio_drivers.o
 .group         0x0000000000000000        0xc ./STM32_F103C6_DRIVERS/GPIO/stm32_f103c6_gpio_drivers.o
 .group         0x0000000000000000        0xc ./STM32_F103C6_DRIVERS/GPIO/stm32_f103c6_gpio_drivers.o
 .text          0x0000000000000000        0x0 ./STM32_F103C6_DRIVERS/GPIO/stm32_f103c6_gpio_drivers.o
 .data          0x0000000000000000        0x0 ./STM32_F103C6_DRIVERS/GPIO/stm32_f103c6_gpio_drivers.o
 .bss           0x0000000000000000        0x0 ./STM32_F103C6_DRIVERS/GPIO/stm32_f103c6_gpio_drivers.o
 .text.MCAL_GPIO_deInit
                0x0000000000000000       0xd4 ./STM32_F103C6_DRIVERS/GPIO/stm32_f103c6_gpio_drivers.o
 .text.MCAL_GPIO_readPin
                0x0000000000000000       0x28 ./STM32_F103C6_DRIVERS/GPIO/stm32_f103c6_gpio_drivers.o
 .text.MCAL_GPIO_readPort
                0x0000000000000000       0x18 ./STM32_F103C6_DRIVERS/GPIO/stm32_f103c6_gpio_drivers.o
 .text.MCAL_GPIO_writePin
                0x0000000000000000       0x2e ./STM32_F103C6_DRIVERS/GPIO/stm32_f103c6_gpio_drivers.o
 .text.MCAL_GPIO_writePort
                0x0000000000000000       0x1c ./STM32_F103C6_DRIVERS/GPIO/stm32_f103c6_gpio_drivers.o
 .text.MCAL_GPIO_togglePin
                0x0000000000000000       0x22 ./STM32_F103C6_DRIVERS/GPIO/stm32_f103c6_gpio_drivers.o
 .text.MCAL_GPIO_lockPin
                0x0000000000000000       0x4e ./STM32_F103C6_DRIVERS/GPIO/stm32_f103c6_gpio_drivers.o
 .debug_macro   0x0000000000000000      0xa72 ./STM32_F103C6_DRIVERS/GPIO/stm32_f103c6_gpio_drivers.o
 .debug_macro   0x0000000000000000       0x18 ./STM32_F103C6_DRIVERS/GPIO/stm32_f103c6_gpio_drivers.o
 .debug_macro   0x0000000000000000       0x22 ./STM32_F103C6_DRIVERS/GPIO/stm32_f103c6_gpio_drivers.o
 .debug_macro   0x0000000000000000       0x4c ./STM32_F103C6_DRIVERS/GPIO/stm32_f103c6_gpio_drivers.o
 .debug_macro   0x0000000000000000       0x94 ./STM32_F103C6_DRIVERS/GPIO/stm32_f103c6_gpio_drivers.o
 .debug_macro   0x0000000000000000       0x3c ./STM32_F103C6_DRIVERS/GPIO/stm32_f103c6_gpio_drivers.o
 .debug_macro   0x0000000000000000       0x34 ./STM32_F103C6_DRIVERS/GPIO/stm32_f103c6_gpio_drivers.o
 .debug_macro   0x0000000000000000       0x16 ./STM32_F103C6_DRIVERS/GPIO/stm32_f103c6_gpio_drivers.o
 .debug_macro   0x0000000000000000      0x10e ./STM32_F103C6_DRIVERS/GPIO/stm32_f103c6_gpio_drivers.o
 .debug_macro   0x0000000000000000       0x8d ./STM32_F103C6_DRIVERS/GPIO/stm32_f103c6_gpio_drivers.o
 .debug_macro   0x0000000000000000       0x16 ./STM32_F103C6_DRIVERS/GPIO/stm32_f103c6_gpio_drivers.o
 .debug_macro   0x0000000000000000       0x43 ./STM32_F103C6_DRIVERS/GPIO/stm32_f103c6_gpio_drivers.o
 .debug_macro   0x0000000000000000       0x57 ./STM32_F103C6_DRIVERS/GPIO/stm32_f103c6_gpio_drivers.o
 .debug_macro   0x0000000000000000       0x34 ./STM32_F103C6_DRIVERS/GPIO/stm32_f103c6_gpio_drivers.o
 .debug_macro   0x0000000000000000       0x10 ./STM32_F103C6_DRIVERS/GPIO/stm32_f103c6_gpio_drivers.o
 .debug_macro   0x0000000000000000       0x58 ./STM32_F103C6_DRIVERS/GPIO/stm32_f103c6_gpio_drivers.o
 .debug_macro   0x0000000000000000       0x71 ./STM32_F103C6_DRIVERS/GPIO/stm32_f103c6_gpio_drivers.o
 .debug_macro   0x0000000000000000       0x1c ./STM32_F103C6_DRIVERS/GPIO/stm32_f103c6_gpio_drivers.o
 .debug_macro   0x0000000000000000      0x12a ./STM32_F103C6_DRIVERS/GPIO/stm32_f103c6_gpio_drivers.o
 .debug_macro   0x0000000000000000      0x341 ./STM32_F103C6_DRIVERS/GPIO/stm32_f103c6_gpio_drivers.o
 .debug_macro   0x0000000000000000       0x16 ./STM32_F103C6_DRIVERS/GPIO/stm32_f103c6_gpio_drivers.o
 .debug_macro   0x0000000000000000       0x29 ./STM32_F103C6_DRIVERS/GPIO/stm32_f103c6_gpio_drivers.o
 .debug_macro   0x0000000000000000      0x103 ./STM32_F103C6_DRIVERS/GPIO/stm32_f103c6_gpio_drivers.o
 .debug_macro   0x0000000000000000       0x6a ./STM32_F103C6_DRIVERS/GPIO/stm32_f103c6_gpio_drivers.o
 .debug_macro   0x0000000000000000      0x1df ./STM32_F103C6_DRIVERS/GPIO/stm32_f103c6_gpio_drivers.o
 .debug_macro   0x0000000000000000      0x2a0 ./STM32_F103C6_DRIVERS/GPIO/stm32_f103c6_gpio_drivers.o
 .group         0x0000000000000000        0xc ./STM32_F103C6_DRIVERS/RCC/stm32_f103c6_RCC_driver.o
 .group         0x0000000000000000        0xc ./STM32_F103C6_DRIVERS/RCC/stm32_f103c6_RCC_driver.o
 .group         0x0000000000000000        0xc ./STM32_F103C6_DRIVERS/RCC/stm32_f103c6_RCC_driver.o
 .group         0x0000000000000000        0xc ./STM32_F103C6_DRIVERS/RCC/stm32_f103c6_RCC_driver.o
 .group         0x0000000000000000        0xc ./STM32_F103C6_DRIVERS/RCC/stm32_f103c6_RCC_driver.o
 .group         0x0000000000000000        0xc ./STM32_F103C6_DRIVERS/RCC/stm32_f103c6_RCC_driver.o
 .group         0x0000000000000000        0xc ./STM32_F103C6_DRIVERS/RCC/stm32_f103c6_RCC_driver.o
 .group         0x0000000000000000        0xc ./STM32_F103C6_DRIVERS/RCC/stm32_f103c6_RCC_driver.o
 .group         0x0000000000000000        0xc ./STM32_F103C6_DRIVERS/RCC/stm32_f103c6_RCC_driver.o
 .group         0x0000000000000000        0xc ./STM32_F103C6_DRIVERS/RCC/stm32_f103c6_RCC_driver.o
 .group         0x0000000000000000        0xc ./STM32_F103C6_DRIVERS/RCC/stm32_f103c6_RCC_driver.o
 .group         0x0000000000000000        0xc ./STM32_F103C6_DRIVERS/RCC/stm32_f103c6_RCC_driver.o
 .group         0x0000000000000000        0xc ./STM32_F103C6_DRIVERS/RCC/stm32_f103c6_RCC_driver.o
 .group         0x0000000000000000        0xc ./STM32_F103C6_DRIVERS/RCC/stm32_f103c6_RCC_driver.o
 .group         0x0000000000000000        0xc ./STM32_F103C6_DRIVERS/RCC/stm32_f103c6_RCC_driver.o
 .group         0x0000000000000000        0xc ./STM32_F103C6_DRIVERS/RCC/stm32_f103c6_RCC_driver.o
 .group         0x0000000000000000        0xc ./STM32_F103C6_DRIVERS/RCC/stm32_f103c6_RCC_driver.o
 .group         0x0000000000000000        0xc ./STM32_F103C6_DRIVERS/RCC/stm32_f103c6_RCC_driver.o
 .group         0x0000000000000000        0xc ./STM32_F103C6_DRIVERS/RCC/stm32_f103c6_RCC_driver.o
 .group         0x0000000000000000        0xc ./STM32_F103C6_DRIVERS/RCC/stm32_f103c6_RCC_driver.o
 .group         0x0000000000000000        0xc ./STM32_F103C6_DRIVERS/RCC/stm32_f103c6_RCC_driver.o
 .group         0x0000000000000000        0xc ./STM32_F103C6_DRIVERS/RCC/stm32_f103c6_RCC_driver.o
 .group         0x0000000000000000        0xc ./STM32_F103C6_DRIVERS/RCC/stm32_f103c6_RCC_driver.o
 .group         0x0000000000000000        0xc ./STM32_F103C6_DRIVERS/RCC/stm32_f103c6_RCC_driver.o
 .group         0x0000000000000000        0xc ./STM32_F103C6_DRIVERS/RCC/stm32_f103c6_RCC_driver.o
 .group         0x0000000000000000        0xc ./STM32_F103C6_DRIVERS/RCC/stm32_f103c6_RCC_driver.o
 .group         0x0000000000000000        0xc ./STM32_F103C6_DRIVERS/RCC/stm32_f103c6_RCC_driver.o
 .group         0x0000000000000000        0xc ./STM32_F103C6_DRIVERS/RCC/stm32_f103c6_RCC_driver.o
 .text          0x0000000000000000        0x0 ./STM32_F103C6_DRIVERS/RCC/stm32_f103c6_RCC_driver.o
 .data          0x0000000000000000        0x0 ./STM32_F103C6_DRIVERS/RCC/stm32_f103c6_RCC_driver.o
 .bss           0x0000000000000000        0x0 ./STM32_F103C6_DRIVERS/RCC/stm32_f103c6_RCC_driver.o
 .debug_macro   0x0000000000000000      0xa72 ./STM32_F103C6_DRIVERS/RCC/stm32_f103c6_RCC_driver.o
 .debug_macro   0x0000000000000000       0x18 ./STM32_F103C6_DRIVERS/RCC/stm32_f103c6_RCC_driver.o
 .debug_macro   0x0000000000000000       0x22 ./STM32_F103C6_DRIVERS/RCC/stm32_f103c6_RCC_driver.o
 .debug_macro   0x0000000000000000       0x4c ./STM32_F103C6_DRIVERS/RCC/stm32_f103c6_RCC_driver.o
 .debug_macro   0x0000000000000000       0x94 ./STM32_F103C6_DRIVERS/RCC/stm32_f103c6_RCC_driver.o
 .debug_macro   0x0000000000000000       0x3c ./STM32_F103C6_DRIVERS/RCC/stm32_f103c6_RCC_driver.o
 .debug_macro   0x0000000000000000       0x34 ./STM32_F103C6_DRIVERS/RCC/stm32_f103c6_RCC_driver.o
 .debug_macro   0x0000000000000000       0x16 ./STM32_F103C6_DRIVERS/RCC/stm32_f103c6_RCC_driver.o
 .debug_macro   0x0000000000000000      0x10e ./STM32_F103C6_DRIVERS/RCC/stm32_f103c6_RCC_driver.o
 .debug_macro   0x0000000000000000       0x8d ./STM32_F103C6_DRIVERS/RCC/stm32_f103c6_RCC_driver.o
 .debug_macro   0x0000000000000000       0x16 ./STM32_F103C6_DRIVERS/RCC/stm32_f103c6_RCC_driver.o
 .debug_macro   0x0000000000000000       0x43 ./STM32_F103C6_DRIVERS/RCC/stm32_f103c6_RCC_driver.o
 .debug_macro   0x0000000000000000       0x57 ./STM32_F103C6_DRIVERS/RCC/stm32_f103c6_RCC_driver.o
 .debug_macro   0x0000000000000000       0x34 ./STM32_F103C6_DRIVERS/RCC/stm32_f103c6_RCC_driver.o
 .debug_macro   0x0000000000000000       0x10 ./STM32_F103C6_DRIVERS/RCC/stm32_f103c6_RCC_driver.o
 .debug_macro   0x0000000000000000       0x58 ./STM32_F103C6_DRIVERS/RCC/stm32_f103c6_RCC_driver.o
 .debug_macro   0x0000000000000000       0x71 ./STM32_F103C6_DRIVERS/RCC/stm32_f103c6_RCC_driver.o
 .debug_macro   0x0000000000000000       0x1c ./STM32_F103C6_DRIVERS/RCC/stm32_f103c6_RCC_driver.o
 .debug_macro   0x0000000000000000      0x12a ./STM32_F103C6_DRIVERS/RCC/stm32_f103c6_RCC_driver.o
 .debug_macro   0x0000000000000000      0x341 ./STM32_F103C6_DRIVERS/RCC/stm32_f103c6_RCC_driver.o
 .debug_macro   0x0000000000000000       0x16 ./STM32_F103C6_DRIVERS/RCC/stm32_f103c6_RCC_driver.o
 .debug_macro   0x0000000000000000       0x29 ./STM32_F103C6_DRIVERS/RCC/stm32_f103c6_RCC_driver.o
 .debug_macro   0x0000000000000000      0x103 ./STM32_F103C6_DRIVERS/RCC/stm32_f103c6_RCC_driver.o
 .debug_macro   0x0000000000000000       0x6a ./STM32_F103C6_DRIVERS/RCC/stm32_f103c6_RCC_driver.o
 .debug_macro   0x0000000000000000      0x1df ./STM32_F103C6_DRIVERS/RCC/stm32_f103c6_RCC_driver.o
 .debug_macro   0x0000000000000000      0x2a0 ./STM32_F103C6_DRIVERS/RCC/stm32_f103c6_RCC_driver.o
 .debug_macro   0x0000000000000000       0xd6 ./STM32_F103C6_DRIVERS/RCC/stm32_f103c6_RCC_driver.o
 .group         0x0000000000000000        0xc ./STM32_F103C6_DRIVERS/UART/stm32_f103c6_USART_drivers.o
 .group         0x0000000000000000        0xc ./STM32_F103C6_DRIVERS/UART/stm32_f103c6_USART_drivers.o
 .group         0x0000000000000000        0xc ./STM32_F103C6_DRIVERS/UART/stm32_f103c6_USART_drivers.o
 .group         0x0000000000000000        0xc ./STM32_F103C6_DRIVERS/UART/stm32_f103c6_USART_drivers.o
 .group         0x0000000000000000        0xc ./STM32_F103C6_DRIVERS/UART/stm32_f103c6_USART_drivers.o
 .group         0x0000000000000000        0xc ./STM32_F103C6_DRIVERS/UART/stm32_f103c6_USART_drivers.o
 .group         0x0000000000000000        0xc ./STM32_F103C6_DRIVERS/UART/stm32_f103c6_USART_drivers.o
 .group         0x0000000000000000        0xc ./STM32_F103C6_DRIVERS/UART/stm32_f103c6_USART_drivers.o
 .group         0x0000000000000000        0xc ./STM32_F103C6_DRIVERS/UART/stm32_f103c6_USART_drivers.o
 .group         0x0000000000000000        0xc ./STM32_F103C6_DRIVERS/UART/stm32_f103c6_USART_drivers.o
 .group         0x0000000000000000        0xc ./STM32_F103C6_DRIVERS/UART/stm32_f103c6_USART_drivers.o
 .group         0x0000000000000000        0xc ./STM32_F103C6_DRIVERS/UART/stm32_f103c6_USART_drivers.o
 .group         0x0000000000000000        0xc ./STM32_F103C6_DRIVERS/UART/stm32_f103c6_USART_drivers.o
 .group         0x0000000000000000        0xc ./STM32_F103C6_DRIVERS/UART/stm32_f103c6_USART_drivers.o
 .group         0x0000000000000000        0xc ./STM32_F103C6_DRIVERS/UART/stm32_f103c6_USART_drivers.o
 .group         0x0000000000000000        0xc ./STM32_F103C6_DRIVERS/UART/stm32_f103c6_USART_drivers.o
 .group         0x0000000000000000        0xc ./STM32_F103C6_DRIVERS/UART/stm32_f103c6_USART_drivers.o
 .group         0x0000000000000000        0xc ./STM32_F103C6_DRIVERS/UART/stm32_f103c6_USART_drivers.o
 .group         0x0000000000000000        0xc ./STM32_F103C6_DRIVERS/UART/stm32_f103c6_USART_drivers.o
 .group         0x0000000000000000        0xc ./STM32_F103C6_DRIVERS/UART/stm32_f103c6_USART_drivers.o
 .group         0x0000000000000000        0xc ./STM32_F103C6_DRIVERS/UART/stm32_f103c6_USART_drivers.o
 .group         0x0000000000000000        0xc ./STM32_F103C6_DRIVERS/UART/stm32_f103c6_USART_drivers.o
 .group         0x0000000000000000        0xc ./STM32_F103C6_DRIVERS/UART/stm32_f103c6_USART_drivers.o
 .group         0x0000000000000000        0xc ./STM32_F103C6_DRIVERS/UART/stm32_f103c6_USART_drivers.o
 .group         0x0000000000000000        0xc ./STM32_F103C6_DRIVERS/UART/stm32_f103c6_USART_drivers.o
 .group         0x0000000000000000        0xc ./STM32_F103C6_DRIVERS/UART/stm32_f103c6_USART_drivers.o
 .group         0x0000000000000000        0xc ./STM32_F103C6_DRIVERS/UART/stm32_f103c6_USART_drivers.o
 .group         0x0000000000000000        0xc ./STM32_F103C6_DRIVERS/UART/stm32_f103c6_USART_drivers.o
 .group         0x0000000000000000        0xc ./STM32_F103C6_DRIVERS/UART/stm32_f103c6_USART_drivers.o
 .text          0x0000000000000000        0x0 ./STM32_F103C6_DRIVERS/UART/stm32_f103c6_USART_drivers.o
 .data          0x0000000000000000        0x0 ./STM32_F103C6_DRIVERS/UART/stm32_f103c6_USART_drivers.o
 .bss           0x0000000000000000        0x0 ./STM32_F103C6_DRIVERS/UART/stm32_f103c6_USART_drivers.o
 .text.MCAL_USART_deinit
                0x0000000000000000       0x8c ./STM32_F103C6_DRIVERS/UART/stm32_f103c6_USART_drivers.o
 .text.MCAL_USART_send_data
                0x0000000000000000       0x36 ./STM32_F103C6_DRIVERS/UART/stm32_f103c6_USART_drivers.o
 .text.MCAL_USART_recive_data
                0x0000000000000000       0x5c ./STM32_F103C6_DRIVERS/UART/stm32_f103c6_USART_drivers.o
 .text.MCAL_USART_TC_status
                0x0000000000000000       0x22 ./STM32_F103C6_DRIVERS/UART/stm32_f103c6_USART_drivers.o
 .debug_macro   0x0000000000000000      0xa72 ./STM32_F103C6_DRIVERS/UART/stm32_f103c6_USART_drivers.o
 .debug_macro   0x0000000000000000       0x18 ./STM32_F103C6_DRIVERS/UART/stm32_f103c6_USART_drivers.o
 .debug_macro   0x0000000000000000       0x22 ./STM32_F103C6_DRIVERS/UART/stm32_f103c6_USART_drivers.o
 .debug_macro   0x0000000000000000       0x4c ./STM32_F103C6_DRIVERS/UART/stm32_f103c6_USART_drivers.o
 .debug_macro   0x0000000000000000       0x94 ./STM32_F103C6_DRIVERS/UART/stm32_f103c6_USART_drivers.o
 .debug_macro   0x0000000000000000       0x3c ./STM32_F103C6_DRIVERS/UART/stm32_f103c6_USART_drivers.o
 .debug_macro   0x0000000000000000       0x34 ./STM32_F103C6_DRIVERS/UART/stm32_f103c6_USART_drivers.o
 .debug_macro   0x0000000000000000       0x16 ./STM32_F103C6_DRIVERS/UART/stm32_f103c6_USART_drivers.o
 .debug_macro   0x0000000000000000      0x10e ./STM32_F103C6_DRIVERS/UART/stm32_f103c6_USART_drivers.o
 .debug_macro   0x0000000000000000       0x8d ./STM32_F103C6_DRIVERS/UART/stm32_f103c6_USART_drivers.o
 .debug_macro   0x0000000000000000       0x16 ./STM32_F103C6_DRIVERS/UART/stm32_f103c6_USART_drivers.o
 .debug_macro   0x0000000000000000       0x43 ./STM32_F103C6_DRIVERS/UART/stm32_f103c6_USART_drivers.o
 .debug_macro   0x0000000000000000       0x57 ./STM32_F103C6_DRIVERS/UART/stm32_f103c6_USART_drivers.o
 .debug_macro   0x0000000000000000       0x34 ./STM32_F103C6_DRIVERS/UART/stm32_f103c6_USART_drivers.o
 .debug_macro   0x0000000000000000       0x10 ./STM32_F103C6_DRIVERS/UART/stm32_f103c6_USART_drivers.o
 .debug_macro   0x0000000000000000       0x58 ./STM32_F103C6_DRIVERS/UART/stm32_f103c6_USART_drivers.o
 .debug_macro   0x0000000000000000       0x71 ./STM32_F103C6_DRIVERS/UART/stm32_f103c6_USART_drivers.o
 .debug_macro   0x0000000000000000       0x1c ./STM32_F103C6_DRIVERS/UART/stm32_f103c6_USART_drivers.o
 .debug_macro   0x0000000000000000      0x12a ./STM32_F103C6_DRIVERS/UART/stm32_f103c6_USART_drivers.o
 .debug_macro   0x0000000000000000      0x341 ./STM32_F103C6_DRIVERS/UART/stm32_f103c6_USART_drivers.o
 .debug_macro   0x0000000000000000       0x16 ./STM32_F103C6_DRIVERS/UART/stm32_f103c6_USART_drivers.o
 .debug_macro   0x0000000000000000       0x29 ./STM32_F103C6_DRIVERS/UART/stm32_f103c6_USART_drivers.o
 .debug_macro   0x0000000000000000      0x103 ./STM32_F103C6_DRIVERS/UART/stm32_f103c6_USART_drivers.o
 .debug_macro   0x0000000000000000       0x6a ./STM32_F103C6_DRIVERS/UART/stm32_f103c6_USART_drivers.o
 .debug_macro   0x0000000000000000      0x1df ./STM32_F103C6_DRIVERS/UART/stm32_f103c6_USART_drivers.o
 .debug_macro   0x0000000000000000      0x2a0 ./STM32_F103C6_DRIVERS/UART/stm32_f103c6_USART_drivers.o
 .debug_macro   0x0000000000000000       0xd6 ./STM32_F103C6_DRIVERS/UART/stm32_f103c6_USART_drivers.o
 .group         0x0000000000000000        0xc ./Src/main.o
 .group         0x0000000000000000        0xc ./Src/main.o
 .group         0x0000000000000000        0xc ./Src/main.o
 .group         0x0000000000000000        0xc ./Src/main.o
 .group         0x0000000000000000        0xc ./Src/main.o
 .group         0x0000000000000000        0xc ./Src/main.o
 .group         0x0000000000000000        0xc ./Src/main.o
 .group         0x0000000000000000        0xc ./Src/main.o
 .group         0x0000000000000000        0xc ./Src/main.o
 .group         0x0000000000000000        0xc ./Src/main.o
 .group         0x0000000000000000        0xc ./Src/main.o
 .group         0x0000000000000000        0xc ./Src/main.o
 .group         0x0000000000000000        0xc ./Src/main.o
 .group         0x0000000000000000        0xc ./Src/main.o
 .group         0x0000000000000000        0xc ./Src/main.o
 .group         0x0000000000000000        0xc ./Src/main.o
 .group         0x0000000000000000        0xc ./Src/main.o
 .group         0x0000000000000000        0xc ./Src/main.o
 .group         0x0000000000000000        0xc ./Src/main.o
 .group         0x0000000000000000        0xc ./Src/main.o
 .group         0x0000000000000000        0xc ./Src/main.o
 .group         0x0000000000000000        0xc ./Src/main.o
 .group         0x0000000000000000        0xc ./Src/main.o
 .group         0x0000000000000000        0xc ./Src/main.o
 .group         0x0000000000000000        0xc ./Src/main.o
 .group         0x0000000000000000        0xc ./Src/main.o
 .group         0x0000000000000000        0xc ./Src/main.o
 .group         0x0000000000000000        0xc ./Src/main.o
 .group         0x0000000000000000        0xc ./Src/main.o
 .group         0x0000000000000000        0xc ./Src/main.o
 .group         0x0000000000000000        0xc ./Src/main.o
 .text          0x0000000000000000        0x0 ./Src/main.o
 .data          0x0000000000000000        0x0 ./Src/main.o
 .bss           0x0000000000000000        0x0 ./Src/main.o
 .bss.ch        0x0000000000000000        0x2 ./Src/main.o
 .text.SPI_irq_callback
                0x0000000000000000       0x12 ./Src/main.o
 .text.UART_callback
                0x0000000000000000        0xc ./Src/main.o
 .debug_macro   0x0000000000000000      0xa72 ./Src/main.o
 .debug_macro   0x0000000000000000       0x22 ./Src/main.o
 .debug_macro   0x0000000000000000      0x103 ./Src/main.o
 .debug_macro   0x0000000000000000       0x6a ./Src/main.o
 .debug_macro   0x0000000000000000      0x1df ./Src/main.o
 .debug_macro   0x0000000000000000       0x18 ./Src/main.o
 .debug_macro   0x0000000000000000       0x3c ./Src/main.o
 .debug_macro   0x0000000000000000       0x34 ./Src/main.o
 .debug_macro   0x0000000000000000       0x16 ./Src/main.o
 .debug_macro   0x0000000000000000      0x10e ./Src/main.o
 .debug_macro   0x0000000000000000       0x8d ./Src/main.o
 .debug_macro   0x0000000000000000       0x16 ./Src/main.o
 .debug_macro   0x0000000000000000       0x43 ./Src/main.o
 .debug_macro   0x0000000000000000       0x34 ./Src/main.o
 .debug_macro   0x0000000000000000       0x10 ./Src/main.o
 .debug_macro   0x0000000000000000       0x58 ./Src/main.o
 .debug_macro   0x0000000000000000       0x71 ./Src/main.o
 .debug_macro   0x0000000000000000       0x1c ./Src/main.o
 .debug_macro   0x0000000000000000      0x12a ./Src/main.o
 .debug_macro   0x0000000000000000      0x341 ./Src/main.o
 .debug_macro   0x0000000000000000       0x16 ./Src/main.o
 .debug_macro   0x0000000000000000       0x29 ./Src/main.o
 .debug_macro   0x0000000000000000      0x2a0 ./Src/main.o
 .debug_macro   0x0000000000000000       0xd6 ./Src/main.o
 .debug_macro   0x0000000000000000      0x221 ./Src/main.o
 .debug_macro   0x0000000000000000       0x16 ./Src/main.o
 .debug_macro   0x0000000000000000       0xbe ./Src/main.o
 .group         0x0000000000000000        0xc ./Src/syscalls.o
 .group         0x0000000000000000        0xc ./Src/syscalls.o
 .group         0x0000000000000000        0xc ./Src/syscalls.o
 .group         0x0000000000000000        0xc ./Src/syscalls.o
 .group         0x0000000000000000        0xc ./Src/syscalls.o
 .group         0x0000000000000000        0xc ./Src/syscalls.o
 .group         0x0000000000000000        0xc ./Src/syscalls.o
 .group         0x0000000000000000        0xc ./Src/syscalls.o
 .group         0x0000000000000000        0xc ./Src/syscalls.o
 .group         0x0000000000000000        0xc ./Src/syscalls.o
 .group         0x0000000000000000        0xc ./Src/syscalls.o
 .group         0x0000000000000000        0xc ./Src/syscalls.o
 .group         0x0000000000000000        0xc ./Src/syscalls.o
 .group         0x0000000000000000        0xc ./Src/syscalls.o
 .group         0x0000000000000000        0xc ./Src/syscalls.o
 .group         0x0000000000000000        0xc ./Src/syscalls.o
 .group         0x0000000000000000        0xc ./Src/syscalls.o
 .group         0x0000000000000000        0xc ./Src/syscalls.o
 .group         0x0000000000000000        0xc ./Src/syscalls.o
 .group         0x0000000000000000        0xc ./Src/syscalls.o
 .group         0x0000000000000000        0xc ./Src/syscalls.o
 .group         0x0000000000000000        0xc ./Src/syscalls.o
 .group         0x0000000000000000        0xc ./Src/syscalls.o
 .group         0x0000000000000000        0xc ./Src/syscalls.o
 .group         0x0000000000000000        0xc ./Src/syscalls.o
 .group         0x0000000000000000        0xc ./Src/syscalls.o
 .group         0x0000000000000000        0xc ./Src/syscalls.o
 .group         0x0000000000000000        0xc ./Src/syscalls.o
 .group         0x0000000000000000        0xc ./Src/syscalls.o
 .group         0x0000000000000000        0xc ./Src/syscalls.o
 .group         0x0000000000000000        0xc ./Src/syscalls.o
 .group         0x0000000000000000        0xc ./Src/syscalls.o
 .group         0x0000000000000000        0xc ./Src/syscalls.o
 .group         0x0000000000000000        0xc ./Src/syscalls.o
 .group         0x0000000000000000        0xc ./Src/syscalls.o
 .group         0x0000000000000000        0xc ./Src/syscalls.o
 .group         0x0000000000000000        0xc ./Src/syscalls.o
 .group         0x0000000000000000        0xc ./Src/syscalls.o
 .group         0x0000000000000000        0xc ./Src/syscalls.o
 .group         0x0000000000000000        0xc ./Src/syscalls.o
 .group         0x0000000000000000        0xc ./Src/syscalls.o
 .group         0x0000000000000000        0xc ./Src/syscalls.o
 .group         0x0000000000000000        0xc ./Src/syscalls.o
 .group         0x0000000000000000        0xc ./Src/syscalls.o
 .group         0x0000000000000000        0xc ./Src/syscalls.o
 .group         0x0000000000000000        0xc ./Src/syscalls.o
 .group         0x0000000000000000        0xc ./Src/syscalls.o
 .text          0x0000000000000000        0x0 ./Src/syscalls.o
 .data          0x0000000000000000        0x0 ./Src/syscalls.o
 .bss           0x0000000000000000        0x0 ./Src/syscalls.o
 .bss.__env     0x0000000000000000        0x4 ./Src/syscalls.o
 .data.environ  0x0000000000000000        0x4 ./Src/syscalls.o
 .text.initialise_monitor_handles
                0x0000000000000000        0xc ./Src/syscalls.o
 .text._getpid  0x0000000000000000        0xe ./Src/syscalls.o
 .text._kill    0x0000000000000000       0x20 ./Src/syscalls.o
 .text._exit    0x0000000000000000       0x14 ./Src/syscalls.o
 .text._read    0x0000000000000000       0x3a ./Src/syscalls.o
 .text._write   0x0000000000000000       0x38 ./Src/syscalls.o
 .text._close   0x0000000000000000       0x16 ./Src/syscalls.o
 .text._fstat   0x0000000000000000       0x1e ./Src/syscalls.o
 .text._isatty  0x0000000000000000       0x14 ./Src/syscalls.o
 .text._lseek   0x0000000000000000       0x18 ./Src/syscalls.o
 .text._open    0x0000000000000000       0x1a ./Src/syscalls.o
 .text._wait    0x0000000000000000       0x1e ./Src/syscalls.o
 .text._unlink  0x0000000000000000       0x1e ./Src/syscalls.o
 .text._times   0x0000000000000000       0x16 ./Src/syscalls.o
 .text._stat    0x0000000000000000       0x1e ./Src/syscalls.o
 .text._link    0x0000000000000000       0x20 ./Src/syscalls.o
 .text._fork    0x0000000000000000       0x16 ./Src/syscalls.o
 .text._execve  0x0000000000000000       0x22 ./Src/syscalls.o
 .debug_info    0x0000000000000000      0x6e0 ./Src/syscalls.o
 .debug_abbrev  0x0000000000000000      0x1b3 ./Src/syscalls.o
 .debug_aranges
                0x0000000000000000       0xa8 ./Src/syscalls.o
 .debug_ranges  0x0000000000000000       0x98 ./Src/syscalls.o
 .debug_macro   0x0000000000000000      0x24c ./Src/syscalls.o
 .debug_macro   0x0000000000000000      0xa72 ./Src/syscalls.o
 .debug_macro   0x0000000000000000       0x22 ./Src/syscalls.o
 .debug_macro   0x0000000000000000       0x4c ./Src/syscalls.o
 .debug_macro   0x0000000000000000       0x18 ./Src/syscalls.o
 .debug_macro   0x0000000000000000       0x94 ./Src/syscalls.o
 .debug_macro   0x0000000000000000       0x3c ./Src/syscalls.o
 .debug_macro   0x0000000000000000       0x34 ./Src/syscalls.o
 .debug_macro   0x0000000000000000       0x57 ./Src/syscalls.o
 .debug_macro   0x0000000000000000      0x174 ./Src/syscalls.o
 .debug_macro   0x0000000000000000      0x341 ./Src/syscalls.o
 .debug_macro   0x0000000000000000       0x16 ./Src/syscalls.o
 .debug_macro   0x0000000000000000       0x43 ./Src/syscalls.o
 .debug_macro   0x0000000000000000       0x34 ./Src/syscalls.o
 .debug_macro   0x0000000000000000       0x10 ./Src/syscalls.o
 .debug_macro   0x0000000000000000       0x58 ./Src/syscalls.o
 .debug_macro   0x0000000000000000       0x71 ./Src/syscalls.o
 .debug_macro   0x0000000000000000       0x1c ./Src/syscalls.o
 .debug_macro   0x0000000000000000      0x12a ./Src/syscalls.o
 .debug_macro   0x0000000000000000       0x10 ./Src/syscalls.o
 .debug_macro   0x0000000000000000       0x35 ./Src/syscalls.o
 .debug_macro   0x0000000000000000       0x10 ./Src/syscalls.o
 .debug_macro   0x0000000000000000       0x10 ./Src/syscalls.o
 .debug_macro   0x0000000000000000       0x10 ./Src/syscalls.o
 .debug_macro   0x0000000000000000       0x6a ./Src/syscalls.o
 .debug_macro   0x0000000000000000       0x1c ./Src/syscalls.o
 .debug_macro   0x0000000000000000       0x52 ./Src/syscalls.o
 .debug_macro   0x0000000000000000       0x22 ./Src/syscalls.o
 .debug_macro   0x0000000000000000       0x10 ./Src/syscalls.o
 .debug_macro   0x0000000000000000       0x52 ./Src/syscalls.o
 .debug_macro   0x0000000000000000       0xd5 ./Src/syscalls.o
 .debug_macro   0x0000000000000000       0x1c ./Src/syscalls.o
 .debug_macro   0x0000000000000000       0x3d ./Src/syscalls.o
 .debug_macro   0x0000000000000000       0x35 ./Src/syscalls.o
 .debug_macro   0x0000000000000000      0x12c ./Src/syscalls.o
 .debug_macro   0x0000000000000000       0x16 ./Src/syscalls.o
 .debug_macro   0x0000000000000000       0x16 ./Src/syscalls.o
 .debug_macro   0x0000000000000000       0x29 ./Src/syscalls.o
 .debug_macro   0x0000000000000000       0x10 ./Src/syscalls.o
 .debug_macro   0x0000000000000000      0x241 ./Src/syscalls.o
 .debug_macro   0x0000000000000000       0x1c ./Src/syscalls.o
 .debug_macro   0x0000000000000000       0x10 ./Src/syscalls.o
 .debug_macro   0x0000000000000000       0x10 ./Src/syscalls.o
 .debug_macro   0x0000000000000000       0x16 ./Src/syscalls.o
 .debug_macro   0x0000000000000000      0x145 ./Src/syscalls.o
 .debug_macro   0x0000000000000000      0x189 ./Src/syscalls.o
 .debug_macro   0x0000000000000000       0x16 ./Src/syscalls.o
 .debug_macro   0x0000000000000000       0xce ./Src/syscalls.o
 .debug_line    0x0000000000000000      0x7f4 ./Src/syscalls.o
 .debug_str     0x0000000000000000     0x8a25 ./Src/syscalls.o
 .comment       0x0000000000000000       0x51 ./Src/syscalls.o
 .debug_frame   0x0000000000000000      0x2ac ./Src/syscalls.o
 .ARM.attributes
                0x0000000000000000       0x2d ./Src/syscalls.o
 .group         0x0000000000000000        0xc ./Src/sysmem.o
 .group         0x0000000000000000        0xc ./Src/sysmem.o
 .group         0x0000000000000000        0xc ./Src/sysmem.o
 .group         0x0000000000000000        0xc ./Src/sysmem.o
 .group         0x0000000000000000        0xc ./Src/sysmem.o
 .group         0x0000000000000000        0xc ./Src/sysmem.o
 .group         0x0000000000000000        0xc ./Src/sysmem.o
 .group         0x0000000000000000        0xc ./Src/sysmem.o
 .group         0x0000000000000000        0xc ./Src/sysmem.o
 .group         0x0000000000000000        0xc ./Src/sysmem.o
 .group         0x0000000000000000        0xc ./Src/sysmem.o
 .group         0x0000000000000000        0xc ./Src/sysmem.o
 .group         0x0000000000000000        0xc ./Src/sysmem.o
 .group         0x0000000000000000        0xc ./Src/sysmem.o
 .group         0x0000000000000000        0xc ./Src/sysmem.o
 .group         0x0000000000000000        0xc ./Src/sysmem.o
 .group         0x0000000000000000        0xc ./Src/sysmem.o
 .group         0x0000000000000000        0xc ./Src/sysmem.o
 .group         0x0000000000000000        0xc ./Src/sysmem.o
 .group         0x0000000000000000        0xc ./Src/sysmem.o
 .group         0x0000000000000000        0xc ./Src/sysmem.o
 .group         0x0000000000000000        0xc ./Src/sysmem.o
 .text          0x0000000000000000        0x0 ./Src/sysmem.o
 .data          0x0000000000000000        0x0 ./Src/sysmem.o
 .bss           0x0000000000000000        0x0 ./Src/sysmem.o
 .bss.__sbrk_heap_end
                0x0000000000000000        0x4 ./Src/sysmem.o
 .text._sbrk    0x0000000000000000       0x6c ./Src/sysmem.o
 .debug_info    0x0000000000000000      0x171 ./Src/sysmem.o
 .debug_abbrev  0x0000000000000000       0xbb ./Src/sysmem.o
 .debug_aranges
                0x0000000000000000       0x20 ./Src/sysmem.o
 .debug_ranges  0x0000000000000000       0x10 ./Src/sysmem.o
 .debug_macro   0x0000000000000000       0xff ./Src/sysmem.o
 .debug_macro   0x0000000000000000      0xa72 ./Src/sysmem.o
 .debug_macro   0x0000000000000000       0x10 ./Src/sysmem.o
 .debug_macro   0x0000000000000000       0x22 ./Src/sysmem.o
 .debug_macro   0x0000000000000000       0x4c ./Src/sysmem.o
 .debug_macro   0x0000000000000000       0x18 ./Src/sysmem.o
 .debug_macro   0x0000000000000000       0x94 ./Src/sysmem.o
 .debug_macro   0x0000000000000000       0x3c ./Src/sysmem.o
 .debug_macro   0x0000000000000000       0x34 ./Src/sysmem.o
 .debug_macro   0x0000000000000000      0x174 ./Src/sysmem.o
 .debug_macro   0x0000000000000000       0x16 ./Src/sysmem.o
 .debug_macro   0x0000000000000000       0x43 ./Src/sysmem.o
 .debug_macro   0x0000000000000000       0x57 ./Src/sysmem.o
 .debug_macro   0x0000000000000000       0x34 ./Src/sysmem.o
 .debug_macro   0x0000000000000000       0x10 ./Src/sysmem.o
 .debug_macro   0x0000000000000000       0x58 ./Src/sysmem.o
 .debug_macro   0x0000000000000000       0x71 ./Src/sysmem.o
 .debug_macro   0x0000000000000000       0x1c ./Src/sysmem.o
 .debug_macro   0x0000000000000000      0x12a ./Src/sysmem.o
 .debug_macro   0x0000000000000000      0x23b ./Src/sysmem.o
 .debug_macro   0x0000000000000000      0x103 ./Src/sysmem.o
 .debug_macro   0x0000000000000000       0x6a ./Src/sysmem.o
 .debug_macro   0x0000000000000000      0x1df ./Src/sysmem.o
 .debug_line    0x0000000000000000      0x4ea ./Src/sysmem.o
 .debug_str     0x0000000000000000     0x5d61 ./Src/sysmem.o
 .comment       0x0000000000000000       0x51 ./Src/sysmem.o
 .debug_frame   0x0000000000000000       0x34 ./Src/sysmem.o
 .ARM.attributes
                0x0000000000000000       0x2d ./Src/sysmem.o
 .text          0x0000000000000000       0x14 ./Startup/startup_stm32f103c6tx.o
 .data          0x0000000000000000        0x0 ./Startup/startup_stm32f103c6tx.o
 .bss           0x0000000000000000        0x0 ./Startup/startup_stm32f103c6tx.o
 .text          0x0000000000000000        0x0 c:/st/stm32cubeide_1.4.0/stm32cubeide/plugins/com.st.stm32cube.ide.mcu.externaltools.gnu-tools-for-stm32.10.3-2021.10.win32_1.0.200.202301161003/tools/bin/../lib/gcc/arm-none-eabi/10.3.1/../../../../arm-none-eabi/lib/thumb/v7-m/nofp\libc_nano.a(lib_a-errno.o)
 .data          0x0000000000000000        0x0 c:/st/stm32cubeide_1.4.0/stm32cubeide/plugins/com.st.stm32cube.ide.mcu.externaltools.gnu-tools-for-stm32.10.3-2021.10.win32_1.0.200.202301161003/tools/bin/../lib/gcc/arm-none-eabi/10.3.1/../../../../arm-none-eabi/lib/thumb/v7-m/nofp\libc_nano.a(lib_a-errno.o)
 .bss           0x0000000000000000        0x0 c:/st/stm32cubeide_1.4.0/stm32cubeide/plugins/com.st.stm32cube.ide.mcu.externaltools.gnu-tools-for-stm32.10.3-2021.10.win32_1.0.200.202301161003/tools/bin/../lib/gcc/arm-none-eabi/10.3.1/../../../../arm-none-eabi/lib/thumb/v7-m/nofp\libc_nano.a(lib_a-errno.o)
 .text.__errno  0x0000000000000000        0xc c:/st/stm32cubeide_1.4.0/stm32cubeide/plugins/com.st.stm32cube.ide.mcu.externaltools.gnu-tools-for-stm32.10.3-2021.10.win32_1.0.200.202301161003/tools/bin/../lib/gcc/arm-none-eabi/10.3.1/../../../../arm-none-eabi/lib/thumb/v7-m/nofp\libc_nano.a(lib_a-errno.o)
 .debug_frame   0x0000000000000000       0x20 c:/st/stm32cubeide_1.4.0/stm32cubeide/plugins/com.st.stm32cube.ide.mcu.externaltools.gnu-tools-for-stm32.10.3-2021.10.win32_1.0.200.202301161003/tools/bin/../lib/gcc/arm-none-eabi/10.3.1/../../../../arm-none-eabi/lib/thumb/v7-m/nofp\libc_nano.a(lib_a-errno.o)
 .ARM.attributes
                0x0000000000000000       0x2d c:/st/stm32cubeide_1.4.0/stm32cubeide/plugins/com.st.stm32cube.ide.mcu.externaltools.gnu-tools-for-stm32.10.3-2021.10.win32_1.0.200.202301161003/tools/bin/../lib/gcc/arm-none-eabi/10.3.1/../../../../arm-none-eabi/lib/thumb/v7-m/nofp\libc_nano.a(lib_a-errno.o)
 .text          0x0000000000000000        0x0 c:/st/stm32cubeide_1.4.0/stm32cubeide/plugins/com.st.stm32cube.ide.mcu.externaltools.gnu-tools-for-stm32.10.3-2021.10.win32_1.0.200.202301161003/tools/bin/../lib/gcc/arm-none-eabi/10.3.1/../../../../arm-none-eabi/lib/thumb/v7-m/nofp\libc_nano.a(lib_a-exit.o)
 .data          0x0000000000000000        0x0 c:/st/stm32cubeide_1.4.0/stm32cubeide/plugins/com.st.stm32cube.ide.mcu.externaltools.gnu-tools-for-stm32.10.3-2021.10.win32_1.0.200.202301161003/tools/bin/../lib/gcc/arm-none-eabi/10.3.1/../../../../arm-none-eabi/lib/thumb/v7-m/nofp\libc_nano.a(lib_a-exit.o)
 .bss           0x0000000000000000        0x0 c:/st/stm32cubeide_1.4.0/stm32cubeide/plugins/com.st.stm32cube.ide.mcu.externaltools.gnu-tools-for-stm32.10.3-2021.10.win32_1.0.200.202301161003/tools/bin/../lib/gcc/arm-none-eabi/10.3.1/../../../../arm-none-eabi/lib/thumb/v7-m/nofp\libc_nano.a(lib_a-exit.o)
 .text.exit     0x0000000000000000       0x28 c:/st/stm32cubeide_1.4.0/stm32cubeide/plugins/com.st.stm32cube.ide.mcu.externaltools.gnu-tools-for-stm32.10.3-2021.10.win32_1.0.200.202301161003/tools/bin/../lib/gcc/arm-none-eabi/10.3.1/../../../../arm-none-eabi/lib/thumb/v7-m/nofp\libc_nano.a(lib_a-exit.o)
 .debug_frame   0x0000000000000000       0x28 c:/st/stm32cubeide_1.4.0/stm32cubeide/plugins/com.st.stm32cube.ide.mcu.externaltools.gnu-tools-for-stm32.10.3-2021.10.win32_1.0.200.202301161003/tools/bin/../lib/gcc/arm-none-eabi/10.3.1/../../../../arm-none-eabi/lib/thumb/v7-m/nofp\libc_nano.a(lib_a-exit.o)
 .ARM.attributes
                0x0000000000000000       0x2d c:/st/stm32cubeide_1.4.0/stm32cubeide/plugins/com.st.stm32cube.ide.mcu.externaltools.gnu-tools-for-stm32.10.3-2021.10.win32_1.0.200.202301161003/tools/bin/../lib/gcc/arm-none-eabi/10.3.1/../../../../arm-none-eabi/lib/thumb/v7-m/nofp\libc_nano.a(lib_a-exit.o)
 .text          0x0000000000000000        0x0 c:/st/stm32cubeide_1.4.0/stm32cubeide/plugins/com.st.stm32cube.ide.mcu.externaltools.gnu-tools-for-stm32.10.3-2021.10.win32_1.0.200.202301161003/tools/bin/../lib/gcc/arm-none-eabi/10.3.1/../../../../arm-none-eabi/lib/thumb/v7-m/nofp\libc_nano.a(lib_a-impure.o)
 .data          0x0000000000000000        0x0 c:/st/stm32cubeide_1.4.0/stm32cubeide/plugins/com.st.stm32cube.ide.mcu.externaltools.gnu-tools-for-stm32.10.3-2021.10.win32_1.0.200.202301161003/tools/bin/../lib/gcc/arm-none-eabi/10.3.1/../../../../arm-none-eabi/lib/thumb/v7-m/nofp\libc_nano.a(lib_a-impure.o)
 .bss           0x0000000000000000        0x0 c:/st/stm32cubeide_1.4.0/stm32cubeide/plugins/com.st.stm32cube.ide.mcu.externaltools.gnu-tools-for-stm32.10.3-2021.10.win32_1.0.200.202301161003/tools/bin/../lib/gcc/arm-none-eabi/10.3.1/../../../../arm-none-eabi/lib/thumb/v7-m/nofp\libc_nano.a(lib_a-impure.o)
 .data._impure_ptr
                0x0000000000000000        0x4 c:/st/stm32cubeide_1.4.0/stm32cubeide/plugins/com.st.stm32cube.ide.mcu.externaltools.gnu-tools-for-stm32.10.3-2021.10.win32_1.0.200.202301161003/tools/bin/../lib/gcc/arm-none-eabi/10.3.1/../../../../arm-none-eabi/lib/thumb/v7-m/nofp\libc_nano.a(lib_a-impure.o)
 .data.impure_data
                0x0000000000000000       0x60 c:/st/stm32cubeide_1.4.0/stm32cubeide/plugins/com.st.stm32cube.ide.mcu.externaltools.gnu-tools-for-stm32.10.3-2021.10.win32_1.0.200.202301161003/tools/bin/../lib/gcc/arm-none-eabi/10.3.1/../../../../arm-none-eabi/lib/thumb/v7-m/nofp\libc_nano.a(lib_a-impure.o)
 .rodata._global_impure_ptr
                0x0000000000000000        0x4 c:/st/stm32cubeide_1.4.0/stm32cubeide/plugins/com.st.stm32cube.ide.mcu.externaltools.gnu-tools-for-stm32.10.3-2021.10.win32_1.0.200.202301161003/tools/bin/../lib/gcc/arm-none-eabi/10.3.1/../../../../arm-none-eabi/lib/thumb/v7-m/nofp\libc_nano.a(lib_a-impure.o)
 .ARM.attributes
                0x0000000000000000       0x2d c:/st/stm32cubeide_1.4.0/stm32cubeide/plugins/com.st.stm32cube.ide.mcu.externaltools.gnu-tools-for-stm32.10.3-2021.10.win32_1.0.200.202301161003/tools/bin/../lib/gcc/arm-none-eabi/10.3.1/../../../../arm-none-eabi/lib/thumb/v7-m/nofp\libc_nano.a(lib_a-impure.o)
 .text          0x0000000000000000        0x0 c:/st/stm32cubeide_1.4.0/stm32cubeide/plugins/com.st.stm32cube.ide.mcu.externaltools.gnu-tools-for-stm32.10.3-2021.10.win32_1.0.200.202301161003/tools/bin/../lib/gcc/arm-none-eabi/10.3.1/../../../../arm-none-eabi/lib/thumb/v7-m/nofp\libc_nano.a(lib_a-init.o)
 .data          0x0000000000000000        0x0 c:/st/stm32cubeide_1.4.0/stm32cubeide/plugins/com.st.stm32cube.ide.mcu.externaltools.gnu-tools-for-stm32.10.3-2021.10.win32_1.0.200.202301161003/tools/bin/../lib/gcc/arm-none-eabi/10.3.1/../../../../arm-none-eabi/lib/thumb/v7-m/nofp\libc_nano.a(lib_a-init.o)
 .bss           0x0000000000000000        0x0 c:/st/stm32cubeide_1.4.0/stm32cubeide/plugins/com.st.stm32cube.ide.mcu.externaltools.gnu-tools-for-stm32.10.3-2021.10.win32_1.0.200.202301161003/tools/bin/../lib/gcc/arm-none-eabi/10.3.1/../../../../arm-none-eabi/lib/thumb/v7-m/nofp\libc_nano.a(lib_a-init.o)
 .text          0x0000000000000000        0x0 c:/st/stm32cubeide_1.4.0/stm32cubeide/plugins/com.st.stm32cube.ide.mcu.externaltools.gnu-tools-for-stm32.10.3-2021.10.win32_1.0.200.202301161003/tools/bin/../lib/gcc/arm-none-eabi/10.3.1/../../../../arm-none-eabi/lib/thumb/v7-m/nofp\libc_nano.a(lib_a-memset.o)
 .data          0x0000000000000000        0x0 c:/st/stm32cubeide_1.4.0/stm32cubeide/plugins/com.st.stm32cube.ide.mcu.externaltools.gnu-tools-for-stm32.10.3-2021.10.win32_1.0.200.202301161003/tools/bin/../lib/gcc/arm-none-eabi/10.3.1/../../../../arm-none-eabi/lib/thumb/v7-m/nofp\libc_nano.a(lib_a-memset.o)
 .bss           0x0000000000000000        0x0 c:/st/stm32cubeide_1.4.0/stm32cubeide/plugins/com.st.stm32cube.ide.mcu.externaltools.gnu-tools-for-stm32.10.3-2021.10.win32_1.0.200.202301161003/tools/bin/../lib/gcc/arm-none-eabi/10.3.1/../../../../arm-none-eabi/lib/thumb/v7-m/nofp\libc_nano.a(lib_a-memset.o)
 .text.memset   0x0000000000000000       0x10 c:/st/stm32cubeide_1.4.0/stm32cubeide/plugins/com.st.stm32cube.ide.mcu.externaltools.gnu-tools-for-stm32.10.3-2021.10.win32_1.0.200.202301161003/tools/bin/../lib/gcc/arm-none-eabi/10.3.1/../../../../arm-none-eabi/lib/thumb/v7-m/nofp\libc_nano.a(lib_a-memset.o)
 .debug_frame   0x0000000000000000       0x20 c:/st/stm32cubeide_1.4.0/stm32cubeide/plugins/com.st.stm32cube.ide.mcu.externaltools.gnu-tools-for-stm32.10.3-2021.10.win32_1.0.200.202301161003/tools/bin/../lib/gcc/arm-none-eabi/10.3.1/../../../../arm-none-eabi/lib/thumb/v7-m/nofp\libc_nano.a(lib_a-memset.o)
 .ARM.attributes
                0x0000000000000000       0x2d c:/st/stm32cubeide_1.4.0/stm32cubeide/plugins/com.st.stm32cube.ide.mcu.externaltools.gnu-tools-for-stm32.10.3-2021.10.win32_1.0.200.202301161003/tools/bin/../lib/gcc/arm-none-eabi/10.3.1/../../../../arm-none-eabi/lib/thumb/v7-m/nofp\libc_nano.a(lib_a-memset.o)
 .text          0x0000000000000000        0x0 c:/st/stm32cubeide_1.4.0/stm32cubeide/plugins/com.st.stm32cube.ide.mcu.externaltools.gnu-tools-for-stm32.10.3-2021.10.win32_1.0.200.202301161003/tools/bin/../lib/gcc/arm-none-eabi/10.3.1/thumb/v7-m/nofp/crtend.o
 .data          0x0000000000000000        0x0 c:/st/stm32cubeide_1.4.0/stm32cubeide/plugins/com.st.stm32cube.ide.mcu.externaltools.gnu-tools-for-stm32.10.3-2021.10.win32_1.0.200.202301161003/tools/bin/../lib/gcc/arm-none-eabi/10.3.1/thumb/v7-m/nofp/crtend.o
 .bss           0x0000000000000000        0x0 c:/st/stm32cubeide_1.4.0/stm32cubeide/plugins/com.st.stm32cube.ide.mcu.externaltools.gnu-tools-for-stm32.10.3-2021.10.win32_1.0.200.202301161003/tools/bin/../lib/gcc/arm-none-eabi/10.3.1/thumb/v7-m/nofp/crtend.o
 .rodata        0x0000000000000000       0x24 c:/st/stm32cubeide_1.4.0/stm32cubeide/plugins/com.st.stm32cube.ide.mcu.externaltools.gnu-tools-for-stm32.10.3-2021.10.win32_1.0.200.202301161003/tools/bin/../lib/gcc/arm-none-eabi/10.3.1/thumb/v7-m/nofp/crtend.o
 .eh_frame      0x0000000000000000        0x4 c:/st/stm32cubeide_1.4.0/stm32cubeide/plugins/com.st.stm32cube.ide.mcu.externaltools.gnu-tools-for-stm32.10.3-2021.10.win32_1.0.200.202301161003/tools/bin/../lib/gcc/arm-none-eabi/10.3.1/thumb/v7-m/nofp/crtend.o
 .ARM.attributes
                0x0000000000000000       0x2d c:/st/stm32cubeide_1.4.0/stm32cubeide/plugins/com.st.stm32cube.ide.mcu.externaltools.gnu-tools-for-stm32.10.3-2021.10.win32_1.0.200.202301161003/tools/bin/../lib/gcc/arm-none-eabi/10.3.1/thumb/v7-m/nofp/crtend.o
 .text          0x0000000000000000        0x0 c:/st/stm32cubeide_1.4.0/stm32cubeide/plugins/com.st.stm32cube.ide.mcu.externaltools.gnu-tools-for-stm32.10.3-2021.10.win32_1.0.200.202301161003/tools/bin/../lib/gcc/arm-none-eabi/10.3.1/thumb/v7-m/nofp/crtn.o
 .data          0x0000000000000000        0x0 c:/st/stm32cubeide_1.4.0/stm32cubeide/plugins/com.st.stm32cube.ide.mcu.externaltools.gnu-tools-for-stm32.10.3-2021.10.win32_1.0.200.202301161003/tools/bin/../lib/gcc/arm-none-eabi/10.3.1/thumb/v7-m/nofp/crtn.o
 .bss           0x0000000000000000        0x0 c:/st/stm32cubeide_1.4.0/stm32cubeide/plugins/com.st.stm32cube.ide.mcu.externaltools.gnu-tools-for-stm32.10.3-2021.10.win32_1.0.200.202301161003/tools/bin/../lib/gcc/arm-none-eabi/10.3.1/thumb/v7-m/nofp/crtn.o

Memory Configuration

Name             Origin             Length             Attributes
RAM              0x0000000020000000 0x0000000000002800 xrw
FLASH            0x0000000008000000 0x0000000000008000 xr
*default*        0x0000000000000000 0xffffffffffffffff

Linker script and memory map

LOAD c:/st/stm32cubeide_1.4.0/stm32cubeide/plugins/com.st.stm32cube.ide.mcu.externaltools.gnu-tools-for-stm32.10.3-2021.10.win32_1.0.200.202301161003/tools/bin/../lib/gcc/arm-none-eabi/10.3.1/thumb/v7-m/nofp/crti.o
LOAD c:/st/stm32cubeide_1.4.0/stm32cubeide/plugins/com.st.stm32cube.ide.mcu.externaltools.gnu-tools-for-stm32.10.3-2021.10.win32_1.0.200.202301161003/tools/bin/../lib/gcc/arm-none-eabi/10.3.1/thumb/v7-m/nofp/crtbegin.o
LOAD c:/st/stm32cubeide_1.4.0/stm32cubeide/plugins/com.st.stm32cube.ide.mcu.externaltools.gnu-tools-for-stm32.10.3-2021.10.win32_1.0.200.202301161003/tools/bin/../lib/gcc/arm-none-eabi/10.3.1/../../../../arm-none-eabi/lib/thumb/v7-m/nofp/crt0.o
LOAD ./STM32_F103C6_DRIVERS/EXTI/Stm32_F103C6_EXTI_driver.o
LOAD ./STM32_F103C6_DRIVERS/GPIO/stm32_f103c6_gpio_drivers.o
LOAD ./STM32_F103C6_DRIVERS/RCC/stm32_f103c6_RCC_driver.o
LOAD ./STM32_F103C6_DRIVERS/UART/stm32_f103c6_USART_drivers.o
LOAD ./Src/main.o
LOAD ./Src/syscalls.o
LOAD ./Src/sysmem.o
LOAD ./Startup/startup_stm32f103c6tx.o
START GROUP
LOAD c:/st/stm32cubeide_1.4.0/stm32cubeide/plugins/com.st.stm32cube.ide.mcu.externaltools.gnu-tools-for-stm32.10.3-2021.10.win32_1.0.200.202301161003/tools/bin/../lib/gcc/arm-none-eabi/10.3.1/../../../../arm-none-eabi/lib/thumb/v7-m/nofp\libc_nano.a
LOAD c:/st/stm32cubeide_1.4.0/stm32cubeide/plugins/com.st.stm32cube.ide.mcu.externaltools.gnu-tools-for-stm32.10.3-2021.10.win32_1.0.200.202301161003/tools/bin/../lib/gcc/arm-none-eabi/10.3.1/../../../../arm-none-eabi/lib/thumb/v7-m/nofp\libm.a
END GROUP
START GROUP
LOAD c:/st/stm32cubeide_1.4.0/stm32cubeide/plugins/com.st.stm32cube.ide.mcu.externaltools.gnu-tools-for-stm32.10.3-2021.10.win32_1.0.200.202301161003/tools/bin/../lib/gcc/arm-none-eabi/10.3.1/thumb/v7-m/nofp\libgcc.a
LOAD c:/st/stm32cubeide_1.4.0/stm32cubeide/plugins/com.st.stm32cube.ide.mcu.externaltools.gnu-tools-for-stm32.10.3-2021.10.win32_1.0.200.202301161003/tools/bin/../lib/gcc/arm-none-eabi/10.3.1/../../../../arm-none-eabi/lib/thumb/v7-m/nofp\libc_nano.a
END GROUP
START GROUP
LOAD c:/st/stm32cubeide_1.4.0/stm32cubeide/plugins/com.st.stm32cube.ide.mcu.externaltools.gnu-tools-for-stm32.10.3-2021.10.win32_1.0.200.202301161003/tools/bin/../lib/gcc/arm-none-eabi/10.3.1/thumb/v7-m/nofp\libgcc.a
LOAD c:/st/stm32cubeide_1.4.0/stm32cubeide/plugins/com.st.stm32cube.ide.mcu.externaltools.gnu-tools-for-stm32.10.3-2021.10.win32_1.0.200.202301161003/tools/bin/../lib/gcc/arm-none-eabi/10.3.1/../../../../arm-none-eabi/lib/thumb/v7-m/nofp\libc_nano.a
LOAD c:/st/stm32cubeide_1.4.0/stm32cubeide/plugins/com.st.stm32cube.ide.mcu.externaltools.gnu-tools-for-stm32.10.3-2021.10.win32_1.0.200.202301161003/tools/bin/../lib/gcc/arm-none-eabi/10.3.1/../../../../arm-none-eabi/lib/thumb/v7-m/nofp\libnosys.a
END GROUP
START GROUP
LOAD c:/st/stm32cubeide_1.4.0/stm32cubeide/plugins/com.st.stm32cube.ide.mcu.externaltools.gnu-tools-for-stm32.10.3-2021.10.win32_1.0.200.202301161003/tools/bin/../lib/gcc/arm-none-eabi/10.3.1/thumb/v7-m/nofp\libgcc.a
LOAD c:/st/stm32cubeide_1.4.0/stm32cubeide/plugins/com.st.stm32cube.ide.mcu.externaltools.gnu-tools-for-stm32.10.3-2021.10.win32_1.0.200.202301161003/tools/bin/../lib/gcc/arm-none-eabi/10.3.1/../../../../arm-none-eabi/lib/thumb/v7-m/nofp\libc_nano.a
LOAD c:/st/stm32cubeide_1.4.0/stm32cubeide/plugins/com.st.stm32cube.ide.mcu.externaltools.gnu-tools-for-stm32.10.3-2021.10.win32_1.0.200.202301161003/tools/bin/../lib/gcc/arm-none-eabi/10.3.1/../../../../arm-none-eabi/lib/thumb/v7-m/nofp\libnosys.a
END GROUP
LOAD c:/st/stm32cubeide_1.4.0/stm32cubeide/plugins/com.st.stm32cube.ide.mcu.externaltools.gnu-tools-for-stm32.10.3-2021.10.win32_1.0.200.202301161003/tools/bin/../lib/gcc/arm-none-eabi/10.3.1/thumb/v7-m/nofp/crtend.o
LOAD c:/st/stm32cubeide_1.4.0/stm32cubeide/plugins/com.st.stm32cube.ide.mcu.externaltools.gnu-tools-for-stm32.10.3-2021.10.win32_1.0.200.202301161003/tools/bin/../lib/gcc/arm-none-eabi/10.3.1/thumb/v7-m/nofp/crtn.o
                0x0000000020002800                _estack = (ORIGIN (RAM) + LENGTH (RAM))
                0x0000000000000200                _Min_Heap_Size = 0x200
                0x0000000000000400                _Min_Stack_Size = 0x400

.isr_vector     0x0000000008000000      0x130
                0x0000000008000000                . = ALIGN (0x4)
 *(.isr_vector)
 .isr_vector    0x0000000008000000      0x130 ./Startup/startup_stm32f103c6tx.o
                0x0000000008000000                g_pfnVectors
                0x0000000008000130                . = ALIGN (0x4)

.text           0x0000000008000130      0x978
                0x0000000008000130                . = ALIGN (0x4)
 *(.text)
 .text          0x0000000008000130       0x40 c:/st/stm32cubeide_1.4.0/stm32cubeide/plugins/com.st.stm32cube.ide.mcu.externaltools.gnu-tools-for-stm32.10.3-2021.10.win32_1.0.200.202301161003/tools/bin/../lib/gcc/arm-none-eabi/10.3.1/thumb/v7-m/nofp/crtbegin.o
 *(.text*)
 .text.EXTI0_IRQHandler
                0x0000000008000170       0x24 ./STM32_F103C6_DRIVERS/EXTI/Stm32_F103C6_EXTI_driver.o
                0x0000000008000170                EXTI0_IRQHandler
 .text.EXTI1_IRQHandler
                0x0000000008000194       0x24 ./STM32_F103C6_DRIVERS/EXTI/Stm32_F103C6_EXTI_driver.o
                0x0000000008000194                EXTI1_IRQHandler
 .text.EXTI2_IRQHandler
                0x00000000080001b8       0x24 ./STM32_F103C6_DRIVERS/EXTI/Stm32_F103C6_EXTI_driver.o
                0x00000000080001b8                EXTI2_IRQHandler
 .text.EXTI3_IRQHandler
                0x00000000080001dc       0x24 ./STM32_F103C6_DRIVERS/EXTI/Stm32_F103C6_EXTI_driver.o
                0x00000000080001dc                EXTI3_IRQHandler
 .text.EXTI4_IRQHandler
                0x0000000008000200       0x24 ./STM32_F103C6_DRIVERS/EXTI/Stm32_F103C6_EXTI_driver.o
                0x0000000008000200                EXTI4_IRQHandler
 .text.EXTI9_5_IRQHandler
                0x0000000008000224       0xa8 ./STM32_F103C6_DRIVERS/EXTI/Stm32_F103C6_EXTI_driver.o
                0x0000000008000224                EXTI9_5_IRQHandler
 .text.EXTI15_10_IRQHandler
                0x00000000080002cc       0xc4 ./STM32_F103C6_DRIVERS/EXTI/Stm32_F103C6_EXTI_driver.o
                0x00000000080002cc                EXTI15_10_IRQHandler
 .text.get_CRLH_position
                0x0000000008000390      0x170 ./STM32_F103C6_DRIVERS/GPIO/stm32_f103c6_gpio_drivers.o
                0x0000000008000390                get_CRLH_position
 .text.MCAL_GPIO_init
                0x0000000008000500       0xfe ./STM32_F103C6_DRIVERS/GPIO/stm32_f103c6_gpio_drivers.o
                0x0000000008000500                MCAL_GPIO_init
 *fill*         0x00000000080005fe        0x2 
 .text.MCAL_RCC_getSYSCLKFreq
                0x0000000008000600       0x40 ./STM32_F103C6_DRIVERS/RCC/stm32_f103c6_RCC_driver.o
                0x0000000008000600                MCAL_RCC_getSYSCLKFreq
 .text.MCAL_RCC_getHCLKFreq
                0x0000000008000640       0x28 ./STM32_F103C6_DRIVERS/RCC/stm32_f103c6_RCC_driver.o
                0x0000000008000640                MCAL_RCC_getHCLKFreq
 .text.MCAL_RCC_getPCLK1Freq
                0x0000000008000668       0x28 ./STM32_F103C6_DRIVERS/RCC/stm32_f103c6_RCC_driver.o
                0x0000000008000668                MCAL_RCC_getPCLK1Freq
 .text.MCAL_RCC_getPCLK2Freq
                0x0000000008000690       0x28 ./STM32_F103C6_DRIVERS/RCC/stm32_f103c6_RCC_driver.o
                0x0000000008000690                MCAL_RCC_getPCLK2Freq
 .text.MCAL_USART_init
                0x00000000080006b8      0x180 ./STM32_F103C6_DRIVERS/UART/stm32_f103c6_USART_drivers.o
                0x00000000080006b8                MCAL_USART_init
 .text.MCAL_USART_set_pins
                0x0000000008000838       0xcc ./STM32_F103C6_DRIVERS/UART/stm32_f103c6_USART_drivers.o
                0x0000000008000838                MCAL_USART_set_pins
 .text.USART1_IRQHandler
                0x0000000008000904       0x14 ./STM32_F103C6_DRIVERS/UART/stm32_f103c6_USART_drivers.o
                0x0000000008000904                USART1_IRQHandler
 .text.USART2_IRQHandler
                0x0000000008000918       0x14 ./STM32_F103C6_DRIVERS/UART/stm32_f103c6_USART_drivers.o
                0x0000000008000918                USART2_IRQHandler
 .text.USART3_IRQHandler
                0x000000000800092c       0x14 ./STM32_F103C6_DRIVERS/UART/stm32_f103c6_USART_drivers.o
                0x000000000800092c                USART3_IRQHandler
 .text.clock_Init
                0x0000000008000940       0x34 ./Src/main.o
                0x0000000008000940                clock_Init
 .text.main     0x0000000008000974       0x80 ./Src/main.o
                0x0000000008000974                main
 .text.Reset_Handler
                0x00000000080009f4       0x50 ./Startup/startup_stm32f103c6tx.o
                0x00000000080009f4                Reset_Handler
 .text.Default_Handler
                0x0000000008000a44        0x2 ./Startup/startup_stm32f103c6tx.o
                0x0000000008000a44                TIM8_TRG_COM_IRQHandler
                0x0000000008000a44                TIM8_CC_IRQHandler
                0x0000000008000a44                DebugMon_Handler
                0x0000000008000a44                TIM1_CC_IRQHandler
                0x0000000008000a44                HardFault_Handler
                0x0000000008000a44                TIM6_IRQHandler
                0x0000000008000a44                SysTick_Handler
                0x0000000008000a44                PVD_IRQHandler
                0x0000000008000a44                SDIO_IRQHandler
                0x0000000008000a44                PendSV_Handler
                0x0000000008000a44                NMI_Handler
                0x0000000008000a44                USB_HP_CAN_TX_IRQHandler
                0x0000000008000a44                I2C2_EV_IRQHandler
                0x0000000008000a44                UsageFault_Handler
                0x0000000008000a44                ADC1_2_IRQHandler
                0x0000000008000a44                SPI1_IRQHandler
                0x0000000008000a44                CAN_SCE_IRQHandler
                0x0000000008000a44                TAMPER_IRQHandler
                0x0000000008000a44                TIM8_UP_IRQHandler
                0x0000000008000a44                DMA2_Channel2_IRQHandler
                0x0000000008000a44                DMA1_Channel4_IRQHandler
                0x0000000008000a44                RTC_IRQHandler
                0x0000000008000a44                DMA1_Channel7_IRQHandler
                0x0000000008000a44                UART5_IRQHandler
                0x0000000008000a44                ADC3_IRQHandler
                0x0000000008000a44                TIM4_IRQHandler
                0x0000000008000a44                CAN_RX1_IRQHandler
                0x0000000008000a44                DMA2_Channel1_IRQHandler
                0x0000000008000a44                I2C1_EV_IRQHandler
                0x0000000008000a44                DMA1_Channel6_IRQHandler
                0x0000000008000a44                UART4_IRQHandler
                0x0000000008000a44                TIM3_IRQHandler
                0x0000000008000a44                RCC_IRQHandler
                0x0000000008000a44                TIM1_TRG_COM_IRQHandler
                0x0000000008000a44                DMA1_Channel1_IRQHandler
                0x0000000008000a44                Default_Handler
                0x0000000008000a44                TIM7_IRQHandler
                0x0000000008000a44                TIM5_IRQHandler
                0x0000000008000a44                SPI2_IRQHandler
                0x0000000008000a44                USB_LP_CAN_RX0_IRQHandler
                0x0000000008000a44                MemManage_Handler
                0x0000000008000a44                SVC_Handler
                0x0000000008000a44                DMA1_Channel5_IRQHandler
                0x0000000008000a44                DMA1_Channel3_IRQHandler
                0x0000000008000a44                FSMC_IRQHandler
                0x0000000008000a44                TIM1_UP_IRQHandler
                0x0000000008000a44                WWDG_IRQHandler
                0x0000000008000a44                TIM2_IRQHandler
                0x0000000008000a44                TIM1_BRK_IRQHandler
                0x0000000008000a44                RTCAlarm_IRQHandler
                0x0000000008000a44                DMA2_Channel4_5_IRQHandler
                0x0000000008000a44                I2C2_ER_IRQHandler
                0x0000000008000a44                DMA1_Channel2_IRQHandler
                0x0000000008000a44                TIM8_BRK_IRQHandler
                0x0000000008000a44                FLASH_IRQHandler
                0x0000000008000a44                BusFault_Handler
                0x0000000008000a44                SPI3_IRQHandler
                0x0000000008000a44                I2C1_ER_IRQHandler
                0x0000000008000a44                DMA2_Channel3_IRQHandler
 *fill*         0x0000000008000a46        0x2 
 .text.__libc_init_array
                0x0000000008000a48       0x48 c:/st/stm32cubeide_1.4.0/stm32cubeide/plugins/com.st.stm32cube.ide.mcu.externaltools.gnu-tools-for-stm32.10.3-2021.10.win32_1.0.200.202301161003/tools/bin/../lib/gcc/arm-none-eabi/10.3.1/../../../../arm-none-eabi/lib/thumb/v7-m/nofp\libc_nano.a(lib_a-init.o)
                0x0000000008000a48                __libc_init_array
 *(.glue_7)
 .glue_7        0x0000000008000a90        0x0 linker stubs
 *(.glue_7t)
 .glue_7t       0x0000000008000a90        0x0 linker stubs
 *(.eh_frame)
 .eh_frame      0x0000000008000a90        0x0 c:/st/stm32cubeide_1.4.0/stm32cubeide/plugins/com.st.stm32cube.ide.mcu.externaltools.gnu-tools-for-stm32.10.3-2021.10.win32_1.0.200.202301161003/tools/bin/../lib/gcc/arm-none-eabi/10.3.1/thumb/v7-m/nofp/crtbegin.o
 *(.init)
 .init          0x0000000008000a90        0x4 c:/st/stm32cubeide_1.4.0/stm32cubeide/plugins/com.st.stm32cube.ide.mcu.externaltools.gnu-tools-for-stm32.10.3-2021.10.win32_1.0.200.202301161003/tools/bin/../lib/gcc/arm-none-eabi/10.3.1/thumb/v7-m/nofp/crti.o
                0x0000000008000a90                _init
 .init          0x0000000008000a94        0x8 c:/st/stm32cubeide_1.4.0/stm32cubeide/plugins/com.st.stm32cube.ide.mcu.externaltools.gnu-tools-for-stm32.10.3-2021.10.win32_1.0.200.202301161003/tools/bin/../lib/gcc/arm-none-eabi/10.3.1/thumb/v7-m/nofp/crtn.o
 *(.fini)
 .fini          0x0000000008000a9c        0x4 c:/st/stm32cubeide_1.4.0/stm32cubeide/plugins/com.st.stm32cube.ide.mcu.externaltools.gnu-tools-for-stm32.10.3-2021.10.win32_1.0.200.202301161003/tools/bin/../lib/gcc/arm-none-eabi/10.3.1/thumb/v7-m/nofp/crti.o
                0x0000000008000a9c                _fini
 .fini          0x0000000008000aa0        0x8 c:/st/stm32cubeide_1.4.0/stm32cubeide/plugins/com.st.stm32cube.ide.mcu.externaltools.gnu-tools-for-stm32.10.3-2021.10.win32_1.0.200.202301161003/tools/bin/../lib/gcc/arm-none-eabi/10.3.1/thumb/v7-m/nofp/crtn.o
                0x0000000008000aa8                . = ALIGN (0x4)
                0x0000000008000aa8                _etext = .

.vfp11_veneer   0x0000000008000aa8        0x0
 .vfp11_veneer  0x0000000008000aa8        0x0 linker stubs

.v4_bx          0x0000000008000aa8        0x0
 .v4_bx         0x0000000008000aa8        0x0 linker stubs

.iplt           0x0000000008000aa8        0x0
 .iplt          0x0000000008000aa8        0x0 c:/st/stm32cubeide_1.4.0/stm32cubeide/plugins/com.st.stm32cube.ide.mcu.externaltools.gnu-tools-for-stm32.10.3-2021.10.win32_1.0.200.202301161003/tools/bin/../lib/gcc/arm-none-eabi/10.3.1/thumb/v7-m/nofp/crtbegin.o

.rodata         0x0000000008000aa8       0x18
                0x0000000008000aa8                . = ALIGN (0x4)
 *(.rodata)
 *(.rodata*)
 .rodata.APBPrescTable
                0x0000000008000aa8        0x8 ./STM32_F103C6_DRIVERS/RCC/stm32_f103c6_RCC_driver.o
                0x0000000008000aa8                APBPrescTable
 .rodata.AHBPrescTable
                0x0000000008000ab0       0x10 ./STM32_F103C6_DRIVERS/RCC/stm32_f103c6_RCC_driver.o
                0x0000000008000ab0                AHBPrescTable
                0x0000000008000ac0                . = ALIGN (0x4)

.rel.dyn        0x0000000008000ac0        0x0
 .rel.iplt      0x0000000008000ac0        0x0 c:/st/stm32cubeide_1.4.0/stm32cubeide/plugins/com.st.stm32cube.ide.mcu.externaltools.gnu-tools-for-stm32.10.3-2021.10.win32_1.0.200.202301161003/tools/bin/../lib/gcc/arm-none-eabi/10.3.1/thumb/v7-m/nofp/crtbegin.o

.ARM.extab      0x0000000008000ac0        0x0
                0x0000000008000ac0                . = ALIGN (0x4)
 *(.ARM.extab* .gnu.linkonce.armextab.*)
                0x0000000008000ac0                . = ALIGN (0x4)

.ARM            0x0000000008000ac0        0x0
                0x0000000008000ac0                . = ALIGN (0x4)
                0x0000000008000ac0                __exidx_start = .
 *(.ARM.exidx*)
                0x0000000008000ac0                __exidx_end = .
                0x0000000008000ac0                . = ALIGN (0x4)

.preinit_array  0x0000000008000ac0        0x0
                0x0000000008000ac0                . = ALIGN (0x4)
                0x0000000008000ac0                PROVIDE (__preinit_array_start = .)
 *(.preinit_array*)
                0x0000000008000ac0                PROVIDE (__preinit_array_end = .)
                0x0000000008000ac0                . = ALIGN (0x4)

.init_array     0x0000000008000ac0        0x4
                0x0000000008000ac0                . = ALIGN (0x4)
                0x0000000008000ac0                PROVIDE (__init_array_start = .)
 *(SORT_BY_NAME(.init_array.*))
 *(.init_array*)
 .init_array    0x0000000008000ac0        0x4 c:/st/stm32cubeide_1.4.0/stm32cubeide/plugins/com.st.stm32cube.ide.mcu.externaltools.gnu-tools-for-stm32.10.3-2021.10.win32_1.0.200.202301161003/tools/bin/../lib/gcc/arm-none-eabi/10.3.1/thumb/v7-m/nofp/crtbegin.o
                0x0000000008000ac4                PROVIDE (__init_array_end = .)
                0x0000000008000ac4                . = ALIGN (0x4)

.fini_array     0x0000000008000ac4        0x4
                0x0000000008000ac4                . = ALIGN (0x4)
                [!provide]                        PROVIDE (__fini_array_start = .)
 *(SORT_BY_NAME(.fini_array.*))
 *(.fini_array*)
 .fini_array    0x0000000008000ac4        0x4 c:/st/stm32cubeide_1.4.0/stm32cubeide/plugins/com.st.stm32cube.ide.mcu.externaltools.gnu-tools-for-stm32.10.3-2021.10.win32_1.0.200.202301161003/tools/bin/../lib/gcc/arm-none-eabi/10.3.1/thumb/v7-m/nofp/crtbegin.o
                [!provide]                        PROVIDE (__fini_array_end = .)
                0x0000000008000ac8                . = ALIGN (0x4)
                0x0000000008000ac8                _sidata = LOADADDR (.data)

.data           0x0000000020000000        0x0 load address 0x0000000008000ac8
                0x0000000020000000                . = ALIGN (0x4)
                0x0000000020000000                _sdata = .
 *(.data)
 *(.data*)
 *(.RamFunc)
 *(.RamFunc*)
                0x0000000020000000                . = ALIGN (0x4)
                0x0000000020000000                _edata = .

.igot.plt       0x0000000020000000        0x0 load address 0x0000000008000ac8
 .igot.plt      0x0000000020000000        0x0 c:/st/stm32cubeide_1.4.0/stm32cubeide/plugins/com.st.stm32cube.ide.mcu.externaltools.gnu-tools-for-stm32.10.3-2021.10.win32_1.0.200.202301161003/tools/bin/../lib/gcc/arm-none-eabi/10.3.1/thumb/v7-m/nofp/crtbegin.o
                0x0000000020000000                . = ALIGN (0x4)

.bss            0x0000000020000000       0x5c load address 0x0000000008000ac8
                0x0000000020000000                _sbss = .
                0x0000000020000000                __bss_start__ = _sbss
 *(.bss)
 .bss           0x0000000020000000       0x1c c:/st/stm32cubeide_1.4.0/stm32cubeide/plugins/com.st.stm32cube.ide.mcu.externaltools.gnu-tools-for-stm32.10.3-2021.10.win32_1.0.200.202301161003/tools/bin/../lib/gcc/arm-none-eabi/10.3.1/thumb/v7-m/nofp/crtbegin.o
 *(.bss*)
 .bss.GP_IRQ_Callback
                0x000000002000001c       0x3c ./STM32_F103C6_DRIVERS/EXTI/Stm32_F103C6_EXTI_driver.o
                0x000000002000001c                GP_IRQ_Callback
 .bss.Global_UART_Config
                0x0000000020000058        0x4 ./STM32_F103C6_DRIVERS/UART/stm32_f103c6_USART_drivers.o
                0x0000000020000058                Global_UART_Config
 *(COMMON)
                0x000000002000005c                . = ALIGN (0x4)
                0x000000002000005c                _ebss = .
                0x000000002000005c                __bss_end__ = _ebss

._user_heap_stack
                0x000000002000005c      0x604 load address 0x0000000008000ac8
                0x0000000020000060                . = ALIGN (0x8)
 *fill*         0x000000002000005c        0x4 
                [!provide]                        PROVIDE (end = .)
                0x0000000020000060                PROVIDE (_end = .)
                0x0000000020000260                . = (. + _Min_Heap_Size)
 *fill*         0x0000000020000060      0x200 
                0x0000000020000660                . = (. + _Min_Stack_Size)
 *fill*         0x0000000020000260      0x400 
                0x0000000020000660                . = ALIGN (0x8)

/DISCARD/
 libc.a(*)
 libm.a(*)
 libgcc.a(*)

.ARM.attributes
                0x0000000000000000       0x29
 *(.ARM.attributes)
 .ARM.attributes
                0x0000000000000000       0x1d c:/st/stm32cubeide_1.4.0/stm32cubeide/plugins/com.st.stm32cube.ide.mcu.externaltools.gnu-tools-for-stm32.10.3-2021.10.win32_1.0.200.202301161003/tools/bin/../lib/gcc/arm-none-eabi/10.3.1/thumb/v7-m/nofp/crti.o
 .ARM.attributes
                0x000000000000001d       0x2d c:/st/stm32cubeide_1.4.0/stm32cubeide/plugins/com.st.stm32cube.ide.mcu.externaltools.gnu-tools-for-stm32.10.3-2021.10.win32_1.0.200.202301161003/tools/bin/../lib/gcc/arm-none-eabi/10.3.1/thumb/v7-m/nofp/crtbegin.o
 .ARM.attributes
                0x000000000000004a       0x2d ./STM32_F103C6_DRIVERS/EXTI/Stm32_F103C6_EXTI_driver.o
 .ARM.attributes
                0x0000000000000077       0x2d ./STM32_F103C6_DRIVERS/GPIO/stm32_f103c6_gpio_drivers.o
 .ARM.attributes
                0x00000000000000a4       0x2d ./STM32_F103C6_DRIVERS/RCC/stm32_f103c6_RCC_driver.o
 .ARM.attributes
                0x00000000000000d1       0x2d ./STM32_F103C6_DRIVERS/UART/stm32_f103c6_USART_drivers.o
 .ARM.attributes
                0x00000000000000fe       0x2d ./Src/main.o
 .ARM.attributes
                0x000000000000012b       0x21 ./Startup/startup_stm32f103c6tx.o
 .ARM.attributes
                0x000000000000014c       0x2d c:/st/stm32cubeide_1.4.0/stm32cubeide/plugins/com.st.stm32cube.ide.mcu.externaltools.gnu-tools-for-stm32.10.3-2021.10.win32_1.0.200.202301161003/tools/bin/../lib/gcc/arm-none-eabi/10.3.1/../../../../arm-none-eabi/lib/thumb/v7-m/nofp\libc_nano.a(lib_a-init.o)
 .ARM.attributes
                0x0000000000000179       0x1d c:/st/stm32cubeide_1.4.0/stm32cubeide/plugins/com.st.stm32cube.ide.mcu.externaltools.gnu-tools-for-stm32.10.3-2021.10.win32_1.0.200.202301161003/tools/bin/../lib/gcc/arm-none-eabi/10.3.1/thumb/v7-m/nofp/crtn.o
OUTPUT(SPI DRIVER.elf elf32-littlearm)
LOAD linker stubs
LOAD c:/st/stm32cubeide_1.4.0/stm32cubeide/plugins/com.st.stm32cube.ide.mcu.externaltools.gnu-tools-for-stm32.10.3-2021.10.win32_1.0.200.202301161003/tools/bin/../lib/gcc/arm-none-eabi/10.3.1/../../../../arm-none-eabi/lib/thumb/v7-m/nofp\libc.a
LOAD c:/st/stm32cubeide_1.4.0/stm32cubeide/plugins/com.st.stm32cube.ide.mcu.externaltools.gnu-tools-for-stm32.10.3-2021.10.win32_1.0.200.202301161003/tools/bin/../lib/gcc/arm-none-eabi/10.3.1/../../../../arm-none-eabi/lib/thumb/v7-m/nofp\libm.a
LOAD c:/st/stm32cubeide_1.4.0/stm32cubeide/plugins/com.st.stm32cube.ide.mcu.externaltools.gnu-tools-for-stm32.10.3-2021.10.win32_1.0.200.202301161003/tools/bin/../lib/gcc/arm-none-eabi/10.3.1/thumb/v7-m/nofp\libgcc.a

.debug_info     0x0000000000000000     0x1584
 .debug_info    0x0000000000000000      0x4ac ./STM32_F103C6_DRIVERS/EXTI/Stm32_F103C6_EXTI_driver.o
 .debug_info    0x00000000000004ac      0x43b ./STM32_F103C6_DRIVERS/GPIO/stm32_f103c6_gpio_drivers.o
 .debug_info    0x00000000000008e7      0x20f ./STM32_F103C6_DRIVERS/RCC/stm32_f103c6_RCC_driver.o
 .debug_info    0x0000000000000af6      0x528 ./STM32_F103C6_DRIVERS/UART/stm32_f103c6_USART_drivers.o
 .debug_info    0x000000000000101e      0x544 ./Src/main.o
 .debug_info    0x0000000000001562       0x22 ./Startup/startup_stm32f103c6tx.o

.debug_abbrev   0x0000000000000000      0x6c5
 .debug_abbrev  0x0000000000000000      0x16d ./STM32_F103C6_DRIVERS/EXTI/Stm32_F103C6_EXTI_driver.o
 .debug_abbrev  0x000000000000016d      0x16d ./STM32_F103C6_DRIVERS/GPIO/stm32_f103c6_gpio_drivers.o
 .debug_abbrev  0x00000000000002da       0xd8 ./STM32_F103C6_DRIVERS/RCC/stm32_f103c6_RCC_driver.o
 .debug_abbrev  0x00000000000003b2      0x1a1 ./STM32_F103C6_DRIVERS/UART/stm32_f103c6_USART_drivers.o
 .debug_abbrev  0x0000000000000553      0x160 ./Src/main.o
 .debug_abbrev  0x00000000000006b3       0x12 ./Startup/startup_stm32f103c6tx.o

.debug_aranges  0x0000000000000000      0x1d8
 .debug_aranges
                0x0000000000000000       0x80 ./STM32_F103C6_DRIVERS/EXTI/Stm32_F103C6_EXTI_driver.o
 .debug_aranges
                0x0000000000000080       0x60 ./STM32_F103C6_DRIVERS/GPIO/stm32_f103c6_gpio_drivers.o
 .debug_aranges
                0x00000000000000e0       0x38 ./STM32_F103C6_DRIVERS/RCC/stm32_f103c6_RCC_driver.o
 .debug_aranges
                0x0000000000000118       0x60 ./STM32_F103C6_DRIVERS/UART/stm32_f103c6_USART_drivers.o
 .debug_aranges
                0x0000000000000178       0x38 ./Src/main.o
 .debug_aranges
                0x00000000000001b0       0x28 ./Startup/startup_stm32f103c6tx.o

.debug_ranges   0x0000000000000000      0x180
 .debug_ranges  0x0000000000000000       0x70 ./STM32_F103C6_DRIVERS/EXTI/Stm32_F103C6_EXTI_driver.o
 .debug_ranges  0x0000000000000070       0x50 ./STM32_F103C6_DRIVERS/GPIO/stm32_f103c6_gpio_drivers.o
 .debug_ranges  0x00000000000000c0       0x28 ./STM32_F103C6_DRIVERS/RCC/stm32_f103c6_RCC_driver.o
 .debug_ranges  0x00000000000000e8       0x50 ./STM32_F103C6_DRIVERS/UART/stm32_f103c6_USART_drivers.o
 .debug_ranges  0x0000000000000138       0x28 ./Src/main.o
 .debug_ranges  0x0000000000000160       0x20 ./Startup/startup_stm32f103c6tx.o

.debug_macro    0x0000000000000000     0x27d0
 .debug_macro   0x0000000000000000      0x15f ./STM32_F103C6_DRIVERS/EXTI/Stm32_F103C6_EXTI_driver.o
 .debug_macro   0x000000000000015f      0xa72 ./STM32_F103C6_DRIVERS/EXTI/Stm32_F103C6_EXTI_driver.o
 .debug_macro   0x0000000000000bd1       0x18 ./STM32_F103C6_DRIVERS/EXTI/Stm32_F103C6_EXTI_driver.o
 .debug_macro   0x0000000000000be9       0x22 ./STM32_F103C6_DRIVERS/EXTI/Stm32_F103C6_EXTI_driver.o
 .debug_macro   0x0000000000000c0b       0x4c ./STM32_F103C6_DRIVERS/EXTI/Stm32_F103C6_EXTI_driver.o
 .debug_macro   0x0000000000000c57       0x94 ./STM32_F103C6_DRIVERS/EXTI/Stm32_F103C6_EXTI_driver.o
 .debug_macro   0x0000000000000ceb       0x3c ./STM32_F103C6_DRIVERS/EXTI/Stm32_F103C6_EXTI_driver.o
 .debug_macro   0x0000000000000d27       0x34 ./STM32_F103C6_DRIVERS/EXTI/Stm32_F103C6_EXTI_driver.o
 .debug_macro   0x0000000000000d5b       0x16 ./STM32_F103C6_DRIVERS/EXTI/Stm32_F103C6_EXTI_driver.o
 .debug_macro   0x0000000000000d71      0x10e ./STM32_F103C6_DRIVERS/EXTI/Stm32_F103C6_EXTI_driver.o
 .debug_macro   0x0000000000000e7f       0x8d ./STM32_F103C6_DRIVERS/EXTI/Stm32_F103C6_EXTI_driver.o
 .debug_macro   0x0000000000000f0c       0x16 ./STM32_F103C6_DRIVERS/EXTI/Stm32_F103C6_EXTI_driver.o
 .debug_macro   0x0000000000000f22       0x43 ./STM32_F103C6_DRIVERS/EXTI/Stm32_F103C6_EXTI_driver.o
 .debug_macro   0x0000000000000f65       0x57 ./STM32_F103C6_DRIVERS/EXTI/Stm32_F103C6_EXTI_driver.o
 .debug_macro   0x0000000000000fbc       0x34 ./STM32_F103C6_DRIVERS/EXTI/Stm32_F103C6_EXTI_driver.o
 .debug_macro   0x0000000000000ff0       0x10 ./STM32_F103C6_DRIVERS/EXTI/Stm32_F103C6_EXTI_driver.o
 .debug_macro   0x0000000000001000       0x58 ./STM32_F103C6_DRIVERS/EXTI/Stm32_F103C6_EXTI_driver.o
 .debug_macro   0x0000000000001058       0x71 ./STM32_F103C6_DRIVERS/EXTI/Stm32_F103C6_EXTI_driver.o
 .debug_macro   0x00000000000010c9       0x1c ./STM32_F103C6_DRIVERS/EXTI/Stm32_F103C6_EXTI_driver.o
 .debug_macro   0x00000000000010e5      0x12a ./STM32_F103C6_DRIVERS/EXTI/Stm32_F103C6_EXTI_driver.o
 .debug_macro   0x000000000000120f      0x341 ./STM32_F103C6_DRIVERS/EXTI/Stm32_F103C6_EXTI_driver.o
 .debug_macro   0x0000000000001550       0x16 ./STM32_F103C6_DRIVERS/EXTI/Stm32_F103C6_EXTI_driver.o
 .debug_macro   0x0000000000001566       0x29 ./STM32_F103C6_DRIVERS/EXTI/Stm32_F103C6_EXTI_driver.o
 .debug_macro   0x000000000000158f      0x103 ./STM32_F103C6_DRIVERS/EXTI/Stm32_F103C6_EXTI_driver.o
 .debug_macro   0x0000000000001692       0x6a ./STM32_F103C6_DRIVERS/EXTI/Stm32_F103C6_EXTI_driver.o
 .debug_macro   0x00000000000016fc      0x1df ./STM32_F103C6_DRIVERS/EXTI/Stm32_F103C6_EXTI_driver.o
 .debug_macro   0x00000000000018db      0x2a0 ./STM32_F103C6_DRIVERS/EXTI/Stm32_F103C6_EXTI_driver.o
 .debug_macro   0x0000000000001b7b       0xd6 ./STM32_F103C6_DRIVERS/EXTI/Stm32_F103C6_EXTI_driver.o
 .debug_macro   0x0000000000001c51      0x221 ./STM32_F103C6_DRIVERS/EXTI/Stm32_F103C6_EXTI_driver.o
 .debug_macro   0x0000000000001e72      0x14c ./STM32_F103C6_DRIVERS/GPIO/stm32_f103c6_gpio_drivers.o
 .debug_macro   0x0000000000001fbe       0xd0 ./STM32_F103C6_DRIVERS/GPIO/stm32_f103c6_gpio_drivers.o
 .debug_macro   0x000000000000208e      0x155 ./STM32_F103C6_DRIVERS/RCC/stm32_f103c6_RCC_driver.o
 .debug_macro   0x00000000000021e3       0x10 ./STM32_F103C6_DRIVERS/RCC/stm32_f103c6_RCC_driver.o
 .debug_macro   0x00000000000021f3      0x182 ./STM32_F103C6_DRIVERS/UART/stm32_f103c6_USART_drivers.o
 .debug_macro   0x0000000000002375       0x16 ./STM32_F103C6_DRIVERS/UART/stm32_f103c6_USART_drivers.o
 .debug_macro   0x000000000000238b       0xbe ./STM32_F103C6_DRIVERS/UART/stm32_f103c6_USART_drivers.o
 .debug_macro   0x0000000000002449      0x198 ./Src/main.o
 .debug_macro   0x00000000000025e1       0x8e ./Src/main.o
 .debug_macro   0x000000000000266f       0x51 ./Src/main.o
 .debug_macro   0x00000000000026c0       0x52 ./Src/main.o
 .debug_macro   0x0000000000002712       0xbe ./Src/main.o

.debug_line     0x0000000000000000     0x25eb
 .debug_line    0x0000000000000000      0x9a9 ./STM32_F103C6_DRIVERS/EXTI/Stm32_F103C6_EXTI_driver.o
 .debug_line    0x00000000000009a9      0x78f ./STM32_F103C6_DRIVERS/GPIO/stm32_f103c6_gpio_drivers.o
 .debug_line    0x0000000000001138      0x612 ./STM32_F103C6_DRIVERS/RCC/stm32_f103c6_RCC_driver.o
 .debug_line    0x000000000000174a      0x7cb ./STM32_F103C6_DRIVERS/UART/stm32_f103c6_USART_drivers.o
 .debug_line    0x0000000000001f15      0x652 ./Src/main.o
 .debug_line    0x0000000000002567       0x84 ./Startup/startup_stm32f103c6tx.o

.debug_str      0x0000000000000000     0xa4aa
 .debug_str     0x0000000000000000     0x936d ./STM32_F103C6_DRIVERS/EXTI/Stm32_F103C6_EXTI_driver.o
                                       0x9583 (size before relaxing)
 .debug_str     0x000000000000936d      0x13d ./STM32_F103C6_DRIVERS/GPIO/stm32_f103c6_gpio_drivers.o
                                       0x8194 (size before relaxing)
 .debug_str     0x00000000000094aa      0x102 ./STM32_F103C6_DRIVERS/RCC/stm32_f103c6_RCC_driver.o
                                       0x8120 (size before relaxing)
 .debug_str     0x00000000000095ac      0x7e1 ./STM32_F103C6_DRIVERS/UART/stm32_f103c6_USART_drivers.o
                                       0x8916 (size before relaxing)
 .debug_str     0x0000000000009d8d      0x6ec ./Src/main.o
                                       0x9f4c (size before relaxing)
 .debug_str     0x000000000000a479       0x31 ./Startup/startup_stm32f103c6tx.o
                                         0x60 (size before relaxing)

.comment        0x0000000000000000       0x50
 .comment       0x0000000000000000       0x50 ./STM32_F103C6_DRIVERS/EXTI/Stm32_F103C6_EXTI_driver.o
                                         0x51 (size before relaxing)
 .comment       0x0000000000000050       0x51 ./STM32_F103C6_DRIVERS/GPIO/stm32_f103c6_gpio_drivers.o
 .comment       0x0000000000000050       0x51 ./STM32_F103C6_DRIVERS/RCC/stm32_f103c6_RCC_driver.o
 .comment       0x0000000000000050       0x51 ./STM32_F103C6_DRIVERS/UART/stm32_f103c6_USART_drivers.o
 .comment       0x0000000000000050       0x51 ./Src/main.o

.debug_frame    0x0000000000000000      0x5bc
 .debug_frame   0x0000000000000000      0x1b0 ./STM32_F103C6_DRIVERS/EXTI/Stm32_F103C6_EXTI_driver.o
 .debug_frame   0x00000000000001b0      0x178 ./STM32_F103C6_DRIVERS/GPIO/stm32_f103c6_gpio_drivers.o
 .debug_frame   0x0000000000000328       0x84 ./STM32_F103C6_DRIVERS/RCC/stm32_f103c6_RCC_driver.o
 .debug_frame   0x00000000000003ac      0x14c ./STM32_F103C6_DRIVERS/UART/stm32_f103c6_USART_drivers.o
 .debug_frame   0x00000000000004f8       0x98 ./Src/main.o
 .debug_frame   0x0000000000000590       0x2c c:/st/stm32cubeide_1.4.0/stm32cubeide/plugins/com.st.stm32cube.ide.mcu.externaltools.gnu-tools-for-stm32.10.3-2021.10.win32_1.0.200.202301161003/tools/bin/../lib/gcc/arm-none-eabi/10.3.1/../../../../arm-none-eabi/lib/thumb/v7-m/nofp\libc_nano.a(lib_a-init.o)
