
Memory Configuration

Name             Origin             Length             Attributes
flash            0x00000000         0x20000000         xr
sram             0x20000000         0x20000000         xrw
*default*        0x00000000         0xffffffff

Linker script and memory map


.text           0x00000000      0x21c
 *(.vectors*)
 .vectors       0x00000000       0x10 startup.o
                0x00000000                g_p_fn_vectors
 *(.text*)
 .text          0x00000010       0xf4 main.o
                0x00000010                main
 .text          0x00000104      0x118 startup.o
                0x00000104                H_Fault_Handler
                0x00000104                Default_Handler
                0x00000104                NMI_Handler
                0x0000011c                Reset_Handler
 *(.rodata)
                0x0000021c                _E_text = .

.glue_7         0x0000021c        0x0
 .glue_7        0x00000000        0x0 linker stubs

.glue_7t        0x0000021c        0x0
 .glue_7t       0x00000000        0x0 linker stubs

.vfp11_veneer   0x0000021c        0x0
 .vfp11_veneer  0x00000000        0x0 linker stubs

.v4_bx          0x0000021c        0x0
 .v4_bx         0x00000000        0x0 linker stubs

.iplt           0x0000021c        0x0
 .iplt          0x00000000        0x0 main.o

.rel.dyn        0x0000021c        0x0
 .rel.iplt      0x00000000        0x0 main.o

.data           0x20000000        0x0 load address 0x0000021c
                0x20000000                _S_data = .
 *(.data)
 .data          0x20000000        0x0 main.o
 .data          0x20000000        0x0 startup.o
                0x20000000                . = ALIGN (0x4)
                0x20000000                _E_data = .

.igot.plt       0x20000000        0x0 load address 0x0000021c
 .igot.plt      0x00000000        0x0 main.o

.bss            0x20000000      0x400 load address 0x0000021c
                0x20000000                _S_bss = .
 *(.bss*)
 .bss           0x20000000        0x0 main.o
 .bss           0x20000000      0x400 startup.o
                0x20000400                _E_bss = .
LOAD main.o
LOAD startup.o
OUTPUT(learn-in-depth_cortexM4.elf elf32-littlearm)

.debug_info     0x00000000      0x1f6
 .debug_info    0x00000000       0x65 main.o
 .debug_info    0x00000065      0x191 startup.o

.debug_abbrev   0x00000000      0x131
 .debug_abbrev  0x00000000       0x5a main.o
 .debug_abbrev  0x0000005a       0xd7 startup.o

.debug_loc      0x00000000       0x84
 .debug_loc     0x00000000       0x2c main.o
 .debug_loc     0x0000002c       0x58 startup.o

.debug_aranges  0x00000000       0x40
 .debug_aranges
                0x00000000       0x20 main.o
 .debug_aranges
                0x00000020       0x20 startup.o

.debug_line     0x00000000       0xd1
 .debug_line    0x00000000       0x69 main.o
 .debug_line    0x00000069       0x68 startup.o

.debug_str      0x00000000      0x174
 .debug_str     0x00000000       0x95 main.o
                                 0xa7 (size before relaxing)
 .debug_str     0x00000095       0xdf startup.o
                                0x195 (size before relaxing)

.comment        0x00000000       0x11
 .comment       0x00000000       0x11 main.o
                                 0x12 (size before relaxing)
 .comment       0x00000000       0x12 startup.o

.ARM.attributes
                0x00000000       0x30
 .ARM.attributes
                0x00000000       0x30 main.o
 .ARM.attributes
                0x00000030       0x30 startup.o

.debug_frame    0x00000000       0x70
 .debug_frame   0x00000000       0x28 main.o
 .debug_frame   0x00000028       0x48 startup.o
