
Memory Configuration

Name             Origin             Length             Attributes
flash            0x08000000         0x00020000         xr
sram             0x20000000         0x00005000         xrw
*default*        0x00000000         0xffffffff

Linker script and memory map


.text           0x08000000      0x208
 *(.vectors*)
 .vectors       0x08000000       0x1c startup.o
                0x08000000                vectors
 *(.text*)
 .text          0x0800001c       0xd4 main.o
                0x0800001c                main
 .text          0x080000f0      0x118 startup.o
                0x080000f0                H_Fault_Handler
                0x080000f0                MM_Fault_Handler
                0x080000f0                Usage_Fault_Handler
                0x080000f0                Bus_Fault
                0x080000f0                Default_Handler
                0x080000f0                NMI_Handler
                0x08000108                Reset_Handler
 *(.rodata)
                0x08000208                _E_text = .

.glue_7         0x08000208        0x0
 .glue_7        0x00000000        0x0 linker stubs

.glue_7t        0x08000208        0x0
 .glue_7t       0x00000000        0x0 linker stubs

.vfp11_veneer   0x08000208        0x0
 .vfp11_veneer  0x00000000        0x0 linker stubs

.v4_bx          0x08000208        0x0
 .v4_bx         0x00000000        0x0 linker stubs

.iplt           0x08000208        0x0
 .iplt          0x00000000        0x0 main.o

.rel.dyn        0x08000208        0x0
 .rel.iplt      0x00000000        0x0 main.o

.data           0x20000000        0x4 load address 0x08000208
                0x20000000                _S_data = .
 *(.data)
 .data          0x20000000        0x4 main.o
                0x20000000                R_ODR
 .data          0x20000004        0x0 startup.o
                0x20000004                . = ALIGN (0x4)
                0x20000004                _E_data = .

.igot.plt       0x20000004        0x0 load address 0x0800020c
 .igot.plt      0x00000000        0x0 main.o

.bss            0x20000004     0x1000 load address 0x0800020c
                0x20000004                _S_bss = .
 *(.bss*)
 .bss           0x20000004        0x0 main.o
 .bss           0x20000004        0x0 startup.o
                0x20000004                _E_bss = .
                0x20000004                . = ALIGN (0x4)
                0x20001004                . = (. + 0x1000)
 *fill*         0x20000004     0x1000 
                0x20001004                _stack_top = .
LOAD main.o
LOAD startup.o
OUTPUT(learn-in-depth.elf elf32-littlearm)

.debug_info     0x00000000      0x257
 .debug_info    0x00000000       0xe1 main.o
 .debug_info    0x000000e1      0x176 startup.o

.debug_abbrev   0x00000000      0x1a2
 .debug_abbrev  0x00000000       0xcc main.o
 .debug_abbrev  0x000000cc       0xd6 startup.o

.debug_loc      0x00000000       0x84
 .debug_loc     0x00000000       0x2c main.o
 .debug_loc     0x0000002c       0x58 startup.o

.debug_aranges  0x00000000       0x40
 .debug_aranges
                0x00000000       0x20 main.o
 .debug_aranges
                0x00000020       0x20 startup.o

.debug_line     0x00000000      0x103
 .debug_line    0x00000000       0x56 main.o
 .debug_line    0x00000056       0xad startup.o

.debug_str      0x00000000      0x193
 .debug_str     0x00000000       0xba main.o
                                 0xc7 (size before relaxing)
 .debug_str     0x000000ba       0xd9 startup.o
                                0x198 (size before relaxing)

.comment        0x00000000       0x11
 .comment       0x00000000       0x11 main.o
                                 0x12 (size before relaxing)
 .comment       0x00000000       0x12 startup.o

.ARM.attributes
                0x00000000       0x30
 .ARM.attributes
                0x00000000       0x30 main.o
 .ARM.attributes
                0x00000030       0x30 startup.o

.debug_frame    0x00000000       0x70
 .debug_frame   0x00000000       0x28 main.o
 .debug_frame   0x00000028       0x48 startup.o
